main.c:100:5:main	16	static
main.c:183:6:SystemClock_Config	176	static
main.c:247:13:MX_ADC1_Init	24	static
main.c:297:13:MX_DAC_Init	16	static
main.c:335:13:MX_DFSDM1_Init	8	static
main.c:373:13:MX_DFSDM2_Init	8	static
main.c:428:13:MX_FMPI2C1_Init	8	static
main.c:468:13:MX_I2S2_Init	8	static
main.c:502:13:MX_QUADSPI_Init	8	static
main.c:537:13:MX_SDIO_SD_Init	8	static
main.c:573:13:MX_UART10_Init	8	static
main.c:606:13:MX_USART6_UART_Init	8	static
main.c:639:13:MX_GPIO_Init	64	static
main.c:782:13:MX_FSMC_Init	40	static
main.c:878:6:Error_Handler	4	static
