stm32f4xx_hal_msp.c:64:6:HAL_MspInit	16	static
stm32f4xx_hal_msp.c:86:6:HAL_ADC_MspInit	56	static
stm32f4xx_hal_msp.c:136:6:HAL_ADC_MspDeInit	16	static
stm32f4xx_hal_msp.c:173:6:HAL_DAC_MspInit	48	static
stm32f4xx_hal_msp.c:206:6:HAL_DAC_MspDeInit	16	static
stm32f4xx_hal_msp.c:236:6:HAL_DFSDM_ChannelMspInit	64	static
stm32f4xx_hal_msp.c:323:6:HAL_DFSDM_ChannelMspDeInit	16	static
stm32f4xx_hal_msp.c:385:6:HAL_FMPI2C_MspInit	48	static
stm32f4xx_hal_msp.c:421:6:HAL_FMPI2C_MspDeInit	16	static
stm32f4xx_hal_msp.c:450:6:HAL_I2S_MspInit	56	static
stm32f4xx_hal_msp.c:520:6:HAL_I2S_MspDeInit	16	static
stm32f4xx_hal_msp.c:558:6:HAL_QSPI_MspInit	64	static
stm32f4xx_hal_msp.c:630:6:HAL_QSPI_MspDeInit	16	static
stm32f4xx_hal_msp.c:671:6:HAL_SD_MspInit	48	static
stm32f4xx_hal_msp.c:720:6:HAL_SD_MspDeInit	16	static
stm32f4xx_hal_msp.c:756:6:HAL_UART_MspInit	56	static
stm32f4xx_hal_msp.c:816:6:HAL_UART_MspDeInit	16	static
stm32f4xx_hal_msp.c:859:13:HAL_FSMC_MspInit	32	static
stm32f4xx_hal_msp.c:954:6:HAL_SRAM_MspInit	16	static
stm32f4xx_hal_msp.c:966:13:HAL_FSMC_MspDeInit	8	static
stm32f4xx_hal_msp.c:1039:6:HAL_SRAM_MspDeInit	16	static
