main.c:100:5:main	8	static
main.c:182:6:SystemClock_Config	176	static
main.c:246:13:MX_ADC1_Init	24	static
main.c:296:13:MX_DAC_Init	16	static
main.c:334:13:MX_DFSDM1_Init	8	static
main.c:372:13:MX_DFSDM2_Init	8	static
main.c:427:13:MX_FMPI2C1_Init	8	static
main.c:467:13:MX_I2S2_Init	8	static
main.c:501:13:MX_QUADSPI_Init	8	static
main.c:536:13:MX_SDIO_SD_Init	8	static
main.c:572:13:MX_UART10_Init	8	static
main.c:605:13:MX_USART6_UART_Init	8	static
main.c:638:13:MX_GPIO_Init	64	static
main.c:781:13:MX_FSMC_Init	40	static
main.c:877:6:Error_Handler	4	static
