Archive member included to satisfy reference by file (symbol)

d:/programs/stm32cubeide_1.3.0/stm32cubeide/plugins/com.st.stm32cube.ide.mcu.externaltools.gnu-tools-for-stm32.7-2018-q2-update.win32_1.0.0.201904181610/tools/bin/../lib/gcc/arm-none-eabi/7.3.1/../../../../arm-none-eabi/lib/thumb/v7e-m/fpv4-sp/hard\libc_nano.a(lib_a-errno.o)
                              Core/Src/syscalls.o (__errno)
d:/programs/stm32cubeide_1.3.0/stm32cubeide/plugins/com.st.stm32cube.ide.mcu.externaltools.gnu-tools-for-stm32.7-2018-q2-update.win32_1.0.0.201904181610/tools/bin/../lib/gcc/arm-none-eabi/7.3.1/../../../../arm-none-eabi/lib/thumb/v7e-m/fpv4-sp/hard\libc_nano.a(lib_a-exit.o)
                              d:/programs/stm32cubeide_1.3.0/stm32cubeide/plugins/com.st.stm32cube.ide.mcu.externaltools.gnu-tools-for-stm32.7-2018-q2-update.win32_1.0.0.201904181610/tools/bin/../lib/gcc/arm-none-eabi/7.3.1/../../../../arm-none-eabi/lib/thumb/v7e-m/fpv4-sp/hard/crt0.o (exit)
d:/programs/stm32cubeide_1.3.0/stm32cubeide/plugins/com.st.stm32cube.ide.mcu.externaltools.gnu-tools-for-stm32.7-2018-q2-update.win32_1.0.0.201904181610/tools/bin/../lib/gcc/arm-none-eabi/7.3.1/../../../../arm-none-eabi/lib/thumb/v7e-m/fpv4-sp/hard\libc_nano.a(lib_a-impure.o)
                              d:/programs/stm32cubeide_1.3.0/stm32cubeide/plugins/com.st.stm32cube.ide.mcu.externaltools.gnu-tools-for-stm32.7-2018-q2-update.win32_1.0.0.201904181610/tools/bin/../lib/gcc/arm-none-eabi/7.3.1/../../../../arm-none-eabi/lib/thumb/v7e-m/fpv4-sp/hard\libc_nano.a(lib_a-exit.o) (_global_impure_ptr)
d:/programs/stm32cubeide_1.3.0/stm32cubeide/plugins/com.st.stm32cube.ide.mcu.externaltools.gnu-tools-for-stm32.7-2018-q2-update.win32_1.0.0.201904181610/tools/bin/../lib/gcc/arm-none-eabi/7.3.1/../../../../arm-none-eabi/lib/thumb/v7e-m/fpv4-sp/hard\libc_nano.a(lib_a-init.o)
                              d:/programs/stm32cubeide_1.3.0/stm32cubeide/plugins/com.st.stm32cube.ide.mcu.externaltools.gnu-tools-for-stm32.7-2018-q2-update.win32_1.0.0.201904181610/tools/bin/../lib/gcc/arm-none-eabi/7.3.1/../../../../arm-none-eabi/lib/thumb/v7e-m/fpv4-sp/hard/crt0.o (__libc_init_array)
d:/programs/stm32cubeide_1.3.0/stm32cubeide/plugins/com.st.stm32cube.ide.mcu.externaltools.gnu-tools-for-stm32.7-2018-q2-update.win32_1.0.0.201904181610/tools/bin/../lib/gcc/arm-none-eabi/7.3.1/../../../../arm-none-eabi/lib/thumb/v7e-m/fpv4-sp/hard\libc_nano.a(lib_a-memset.o)
                              d:/programs/stm32cubeide_1.3.0/stm32cubeide/plugins/com.st.stm32cube.ide.mcu.externaltools.gnu-tools-for-stm32.7-2018-q2-update.win32_1.0.0.201904181610/tools/bin/../lib/gcc/arm-none-eabi/7.3.1/../../../../arm-none-eabi/lib/thumb/v7e-m/fpv4-sp/hard/crt0.o (memset)
d:/programs/stm32cubeide_1.3.0/stm32cubeide/plugins/com.st.stm32cube.ide.mcu.externaltools.gnu-tools-for-stm32.7-2018-q2-update.win32_1.0.0.201904181610/tools/bin/../lib/gcc/arm-none-eabi/7.3.1/../../../../arm-none-eabi/lib/thumb/v7e-m/fpv4-sp/hard\libc_nano.a(lib_a-sprintf.o)
                              Core/Src/main.o (sprintf)
d:/programs/stm32cubeide_1.3.0/stm32cubeide/plugins/com.st.stm32cube.ide.mcu.externaltools.gnu-tools-for-stm32.7-2018-q2-update.win32_1.0.0.201904181610/tools/bin/../lib/gcc/arm-none-eabi/7.3.1/../../../../arm-none-eabi/lib/thumb/v7e-m/fpv4-sp/hard\libc_nano.a(lib_a-strlen.o)
                              Core/Src/main.o (strlen)
d:/programs/stm32cubeide_1.3.0/stm32cubeide/plugins/com.st.stm32cube.ide.mcu.externaltools.gnu-tools-for-stm32.7-2018-q2-update.win32_1.0.0.201904181610/tools/bin/../lib/gcc/arm-none-eabi/7.3.1/../../../../arm-none-eabi/lib/thumb/v7e-m/fpv4-sp/hard\libc_nano.a(lib_a-nano-svfprintf.o)
                              d:/programs/stm32cubeide_1.3.0/stm32cubeide/plugins/com.st.stm32cube.ide.mcu.externaltools.gnu-tools-for-stm32.7-2018-q2-update.win32_1.0.0.201904181610/tools/bin/../lib/gcc/arm-none-eabi/7.3.1/../../../../arm-none-eabi/lib/thumb/v7e-m/fpv4-sp/hard\libc_nano.a(lib_a-sprintf.o) (_svfprintf_r)
d:/programs/stm32cubeide_1.3.0/stm32cubeide/plugins/com.st.stm32cube.ide.mcu.externaltools.gnu-tools-for-stm32.7-2018-q2-update.win32_1.0.0.201904181610/tools/bin/../lib/gcc/arm-none-eabi/7.3.1/../../../../arm-none-eabi/lib/thumb/v7e-m/fpv4-sp/hard\libc_nano.a(lib_a-nano-vfprintf_i.o)
                              d:/programs/stm32cubeide_1.3.0/stm32cubeide/plugins/com.st.stm32cube.ide.mcu.externaltools.gnu-tools-for-stm32.7-2018-q2-update.win32_1.0.0.201904181610/tools/bin/../lib/gcc/arm-none-eabi/7.3.1/../../../../arm-none-eabi/lib/thumb/v7e-m/fpv4-sp/hard\libc_nano.a(lib_a-nano-svfprintf.o) (_printf_i)
d:/programs/stm32cubeide_1.3.0/stm32cubeide/plugins/com.st.stm32cube.ide.mcu.externaltools.gnu-tools-for-stm32.7-2018-q2-update.win32_1.0.0.201904181610/tools/bin/../lib/gcc/arm-none-eabi/7.3.1/../../../../arm-none-eabi/lib/thumb/v7e-m/fpv4-sp/hard\libc_nano.a(lib_a-memchr.o)
[...]
Memory Configuration

Name             Origin             Length             Attributes
RAM              0x0000000020000000 0x0000000000050000 xrw
FLASH            0x0000000008000000 0x0000000000180000 xr
*default*        0x0000000000000000 0xffffffffffffffff

Linker script and memory map

LOAD d:/programs/stm32cubeide_1.3.0/stm32cubeide/plugins/com.st.stm32cube.ide.mcu.externaltools.gnu-tools-for-stm32.7-2018-q2-update.win32_1.0.0.201904181610/tools/bin/../lib/gcc/arm-none-eabi/7.3.1/thumb/v7e-m/fpv4-sp/hard/crti.o
LOAD d:/programs/stm32cubeide_1.3.0/stm32cubeide/plugins/com.st.stm32cube.ide.mcu.externaltools.gnu-tools-for-stm32.7-2018-q2-update.win32_1.0.0.201904181610/tools/bin/../lib/gcc/arm-none-eabi/7.3.1/thumb/v7e-m/fpv4-sp/hard/crtbegin.o
LOAD d:/programs/stm32cubeide_1.3.0/stm32cubeide/plugins/com.st.stm32cube.ide.mcu.externaltools.gnu-tools-for-stm32.7-2018-q2-update.win32_1.0.0.201904181610/tools/bin/../lib/gcc/arm-none-eabi/7.3.1/../../../../arm-none-eabi/lib/thumb/v7e-m/fpv4-sp/hard/crt0.o
LOAD Core/Src/main.o
LOAD Core/Src/stm32f4xx_hal_msp.o
LOAD Core/Src/stm32f4xx_it.o
LOAD Core/Src/syscalls.o
LOAD Core/Src/sysmem.o
LOAD Core/Src/system_stm32f4xx.o
LOAD Core/Startup/startup_stm32f413zhtx.o
LOAD Drivers/STM32F4xx_HAL_Driver/Src/stm32f4xx_hal.o
LOAD Drivers/STM32F4xx_HAL_Driver/Src/stm32f4xx_hal_adc.o
LOAD Drivers/STM32F4xx_HAL_Driver/Src/stm32f4xx_hal_adc_ex.o
LOAD Drivers/STM32F4xx_HAL_Driver/Src/stm32f4xx_hal_cortex.o
LOAD Drivers/STM32F4xx_HAL_Driver/Src/stm32f4xx_hal_dma.o
LOAD Drivers/STM32F4xx_HAL_Driver/Src/stm32f4xx_hal_dma_ex.o
LOAD Drivers/STM32F4xx_HAL_Driver/Src/stm32f4xx_hal_exti.o
LOAD Drivers/STM32F4xx_HAL_Driver/Src/stm32f4xx_hal_flash.o
LOAD Drivers/STM32F4xx_HAL_Driver/Src/stm32f4xx_hal_flash_ex.o
LOAD Drivers/STM32F4xx_HAL_Driver/Src/stm32f4xx_hal_flash_ramfunc.o
LOAD Drivers/STM32F4xx_HAL_Driver/Src/stm32f4xx_hal_gpio.o
LOAD Drivers/STM32F4xx_HAL_Driver/Src/stm32f4xx_hal_pwr.o
LOAD Drivers/STM32F4xx_HAL_Driver/Src/stm32f4xx_hal_pwr_ex.o
LOAD Drivers/STM32F4xx_HAL_Driver/Src/stm32f4xx_hal_rcc.o
LOAD Drivers/STM32F4xx_HAL_Driver/Src/stm32f4xx_hal_rcc_ex.o
LOAD Drivers/STM32F4xx_HAL_Driver/Src/stm32f4xx_hal_tim.o
LOAD Drivers/STM32F4xx_HAL_Driver/Src/stm32f4xx_hal_tim_ex.o
LOAD Drivers/STM32F4xx_HAL_Driver/Src/stm32f4xx_hal_usart.o
START GROUP
LOAD d:/programs/stm32cubeide_1.3.0/stm32cubeide/plugins/com.st.stm32cube.ide.mcu.externaltools.gnu-tools-for-stm32.7-2018-q2-update.win32_1.0.0.201904181610/tools/bin/../lib/gcc/arm-none-eabi/7.3.1/../../../../arm-none-eabi/lib/thumb/v7e-m/fpv4-sp/hard\libc_nano.a
LOAD d:/programs/stm32cubeide_1.3.0/stm32cubeide/plugins/com.st.stm32cube.ide.mcu.externaltools.gnu-tools-for-stm32.7-2018-q2-update.win32_1.0.0.201904181610/tools/bin/../lib/gcc/arm-none-eabi/7.3.1/../../../../arm-none-eabi/lib/thumb/v7e-m/fpv4-sp/hard\libm.a
END GROUP
START GROUP
LOAD d:/programs/stm32cubeide_1.3.0/stm32cubeide/plugins/com.st.stm32cube.ide.mcu.externaltools.gnu-tools-for-stm32.7-2018-q2-update.win32_1.0.0.201904181610/tools/bin/../lib/gcc/arm-none-eabi/7.3.1/thumb/v7e-m/fpv4-sp/hard\libgcc.a
LOAD d:/programs/stm32cubeide_1.3.0/stm32cubeide/plugins/com.st.stm32cube.ide.mcu.externaltools.gnu-tools-for-stm32.7-2018-q2-update.win32_1.0.0.201904181610/tools/bin/../lib/gcc/arm-none-eabi/7.3.1/../../../../arm-none-eabi/lib/thumb/v7e-m/fpv4-sp/hard\libc_nano.a
END GROUP
START GROUP
LOAD d:/programs/stm32cubeide_1.3.0/stm32cubeide/plugins/com.st.stm32cube.ide.mcu.externaltools.gnu-tools-for-stm32.7-2018-q2-update.win32_1.0.0.201904181610/tools/bin/../lib/gcc/arm-none-eabi/7.3.1/thumb/v7e-m/fpv4-sp/hard\libgcc.a
LOAD d:/programs/stm32cubeide_1.3.0/stm32cubeide/plugins/com.st.stm32cube.ide.mcu.externaltools.gnu-tools-for-stm32.7-2018-q2-update.win32_1.0.0.201904181610/tools/bin/../lib/gcc/arm-none-eabi/7.3.1/../../../../arm-none-eabi/lib/thumb/v7e-m/fpv4-sp/hard\libc_nano.a
LOAD d:/programs/stm32cubeide_1.3.0/stm32cubeide/plugins/com.st.stm32cube.ide.mcu.externaltools.gnu-tools-for-stm32.7-2018-q2-update.win32_1.0.0.201904181610/tools/bin/../lib/gcc/arm-none-eabi/7.3.1/../../../../arm-none-eabi/lib/thumb/v7e-m/fpv4-sp/hard\libnosys.a
END GROUP
START GROUP
LOAD d:/programs/stm32cubeide_1.3.0/stm32cubeide/plugins/com.st.stm32cube.ide.mcu.externaltools.gnu-tools-for-stm32.7-2018-q2-update.win32_1.0.0.201904181610/tools/bin/../lib/gcc/arm-none-eabi/7.3.1/thumb/v7e-m/fpv4-sp/hard\libgcc.a
LOAD d:/programs/stm32cubeide_1.3.0/stm32cubeide/plugins/com.st.stm32cube.ide.mcu.externaltools.gnu-tools-for-stm32.7-2018-q2-update.win32_1.0.0.201904181610/tools/bin/../lib/gcc/arm-none-eabi/7.3.1/../../../../arm-none-eabi/lib/thumb/v7e-m/fpv4-sp/hard\libc_nano.a
LOAD d:/programs/stm32cubeide_1.3.0/stm32cubeide/plugins/com.st.stm32cube.ide.mcu.externaltools.gnu-tools-for-stm32.7-2018-q2-update.win32_1.0.0.201904181610/tools/bin/../lib/gcc/arm-none-eabi/7.3.1/../../../../arm-none-eabi/lib/thumb/v7e-m/fpv4-sp/hard\libnosys.a
END GROUP
LOAD d:/programs/stm32cubeide_1.3.0/stm32cubeide/plugins/com.st.stm32cube.ide.mcu.externaltools.gnu-tools-for-stm32.7-2018-q2-update.win32_1.0.0.201904181610/tools/bin/../lib/gcc/arm-none-eabi/7.3.1/thumb/v7e-m/fpv4-sp/hard/crtend.o
LOAD d:/programs/stm32cubeide_1.3.0/stm32cubeide/plugins/com.st.stm32cube.ide.mcu.externaltools.gnu-tools-for-stm32.7-2018-q2-update.win32_1.0.0.201904181610/tools/bin/../lib/gcc/arm-none-eabi/7.3.1/thumb/v7e-m/fpv4-sp/hard/crtn.o
                0x0000000020050000                _estack = (ORIGIN (RAM) + LENGTH (RAM))
                0x0000000000000200                _Min_Heap_Size = 0x200
                0x0000000000000400                _Min_Stack_Size = 0x400

.isr_vector     0x0000000008000000      0x1d8
                0x0000000008000000                . = ALIGN (0x4)
 *(.isr_vector)
 .isr_vector    0x0000000008000000      0x1d8 Core/Startup/startup_stm32f413zhtx.o
                0x0000000008000000                g_pfnVectors
                0x00000000080001d8                . = ALIGN (0x4)

.text           0x00000000080001e0     0x2dc0
                0x00000000080001e0                . = ALIGN (0x4)
 *(.text)
 .text          0x00000000080001e0       0x40 d:/programs/stm32cubeide_1.3.0/stm32cubeide/plugins/com.st.stm32cube.ide.mcu.externaltools.gnu-tools-for-stm32.7-2018-q2-update.win32_1.0.0.201904181610/tools/bin/../lib/gcc/arm-none-eabi/7.3.1/thumb/v7e-m/fpv4-sp/hard/crtbegin.o
 .text          0x0000000008000220       0x10 d:/programs/stm32cubeide_1.3.0/stm32cubeide/plugins/com.st.stm32cube.ide.mcu.externaltools.gnu-tools-for-stm32.7-2018-q2-update.win32_1.0.0.201904181610/tools/bin/../lib/gcc/arm-none-eabi/7.3.1/../../../../arm-none-eabi/lib/thumb/v7e-m/fpv4-sp/hard\libc_nano.a(lib_a-strlen.o)
                0x0000000008000220                strlen
 .text          0x0000000008000230       0xa0 d:/programs/stm32cubeide_1.3.0/stm32cubeide/plugins/com.st.stm32cube.ide.mcu.externaltools.gnu-tools-for-stm32.7-2018-q2-update.win32_1.0.0.201904181610/tools/bin/../lib/gcc/arm-none-eabi/7.3.1/../../../../arm-none-eabi/lib/thumb/v7e-m/fpv4-sp/hard\libc_nano.a(lib_a-memchr.o)
                0x0000000008000230                memchr
 .text          0x00000000080002d0       0x30 d:/programs/stm32cubeide_1.3.0/stm32cubeide/plugins/com.st.stm32cube.ide.mcu.externaltools.gnu-tools-for-stm32.7-2018-q2-update.win32_1.0.0.201904181610/tools/bin/../lib/gcc/arm-none-eabi/7.3.1/thumb/v7e-m/fpv4-sp/hard\libgcc.a(_aeabi_uldivmod.o)
                0x00000000080002d0                __aeabi_uldivmod
 .text          0x0000000008000300      0x2cc d:/programs/stm32cubeide_1.3.0/stm32cubeide/plugins/com.st.stm32cube.ide.mcu.externaltools.gnu-tools-for-stm32.7-2018-q2-update.win32_1.0.0.201904181610/tools/bin/../lib/gcc/arm-none-eabi/7.3.1/thumb/v7e-m/fpv4-sp/hard\libgcc.a(_udivmoddi4.o)
                0x0000000008000300                __udivmoddi4
 .text          0x00000000080005cc        0x4 d:/programs/stm32cubeide_1.3.0/stm32cubeide/plugins/com.st.stm32cube.ide.mcu.externaltools.gnu-tools-for-stm32.7-2018-q2-update.win32_1.0.0.201904181610/tools/bin/../lib/gcc/arm-none-eabi/7.3.1/thumb/v7e-m/fpv4-sp/hard\libgcc.a(_dvmd_tls.o)
                0x00000000080005cc                __aeabi_idiv0
                0x00000000080005cc                __aeabi_ldiv0
 *(.text*)
 .text.main     0x00000000080005d0       0x88 Core/Src/main.o
                0x00000000080005d0                main
 .text.SystemClock_Config
                0x0000000008000658       0xbc Core/Src/main.o
                0x0000000008000658                SystemClock_Config
 .text.MX_ADC1_Init
                0x0000000008000714       0xa4 Core/Src/main.o
 .text.MX_USART2_Init
                0x00000000080007b8       0x58 Core/Src/main.o
 .text.MX_GPIO_Init
                0x0000000008000810       0x68 Core/Src/main.o
 .text.Error_Handler
                0x0000000008000878        0xe Core/Src/main.o
                0x0000000008000878                Error_Handler
 *fill*         0x0000000008000886        0x2 
 .text.HAL_MspInit
                0x0000000008000888       0x50 Core/Src/stm32f4xx_hal_msp.o
                0x0000000008000888                HAL_MspInit
 .text.HAL_ADC_MspInit
                0x00000000080008d8       0x88 Core/Src/stm32f4xx_hal_msp.o
                0x00000000080008d8                HAL_ADC_MspInit
 .text.HAL_USART_MspInit
                0x0000000008000960       0x90 Core/Src/stm32f4xx_hal_msp.o
                0x0000000008000960                HAL_USART_MspInit
 .text.NMI_Handler
                0x00000000080009f0        0xe Core/Src/stm32f4xx_it.o
                0x00000000080009f0                NMI_Handler
 .text.HardFault_Handler
                0x00000000080009fe        0x6 Core/Src/stm32f4xx_it.o
                0x00000000080009fe                HardFault_Handler
 .text.MemManage_Handler
                0x0000000008000a04        0x6 Core/Src/stm32f4xx_it.o
                0x0000000008000a04                MemManage_Handler
 .text.BusFault_Handler
                0x0000000008000a0a        0x6 Core/Src/stm32f4xx_it.o
                0x0000000008000a0a                BusFault_Handler
 .text.UsageFault_Handler
                0x0000000008000a10        0x6 Core/Src/stm32f4xx_it.o
                0x0000000008000a10                UsageFault_Handler
 .text.SVC_Handler
                0x0000000008000a16        0xe Core/Src/stm32f4xx_it.o
                0x0000000008000a16                SVC_Handler
 .text.DebugMon_Handler
                0x0000000008000a24        0xe Core/Src/stm32f4xx_it.o
                0x0000000008000a24                DebugMon_Handler
 .text.PendSV_Handler
                0x0000000008000a32        0xe Core/Src/stm32f4xx_it.o
                0x0000000008000a32                PendSV_Handler
 .text.SysTick_Handler
                0x0000000008000a40        0xc Core/Src/stm32f4xx_it.o
                0x0000000008000a40                SysTick_Handler
 .text._sbrk    0x0000000008000a4c       0x58 Core/Src/sysmem.o
                0x0000000008000a4c                _sbrk
 .text.SystemInit
                0x0000000008000aa4       0x2c Core/Src/system_stm32f4xx.o
                0x0000000008000aa4                SystemInit
 .text.Reset_Handler
                0x0000000008000ad0       0x50 Core/Startup/startup_stm32f413zhtx.o
                0x0000000008000ad0                Reset_Handler
 .text.Default_Handler
                0x0000000008000b20        0x2 Core/Startup/startup_stm32f413zhtx.o
                0x0000000008000b20                RTC_Alarm_IRQHandler
                0x0000000008000b20                EXTI2_IRQHandler
                0x0000000008000b20                TIM8_CC_IRQHandler
                0x0000000008000b20                UART8_IRQHandler
                0x0000000008000b20                FMPI2C1_EV_IRQHandler
                0x0000000008000b20                SPI4_IRQHandler
                0x0000000008000b20                TIM1_CC_IRQHandler
                0x0000000008000b20                DMA2_Stream5_IRQHandler
                0x0000000008000b20                DMA1_Stream5_IRQHandler
                0x0000000008000b20                CAN3_RX1_IRQHandler
                0x0000000008000b20                PVD_IRQHandler
                0x0000000008000b20                SDIO_IRQHandler
                0x0000000008000b20                TAMP_STAMP_IRQHandler
                0x0000000008000b20                CAN2_RX1_IRQHandler
                0x0000000008000b20                EXTI3_IRQHandler
                0x0000000008000b20                TIM8_TRG_COM_TIM14_IRQHandler
                0x0000000008000b20                DFSDM1_FLT1_IRQHandler
                0x0000000008000b20                TIM1_UP_TIM10_IRQHandler
                0x0000000008000b20                TIM8_UP_TIM13_IRQHandler
                0x0000000008000b20                I2C3_ER_IRQHandler
                0x0000000008000b20                EXTI0_IRQHandler
                0x0000000008000b20                I2C2_EV_IRQHandler
                0x0000000008000b20                DMA1_Stream2_IRQHandler
                0x0000000008000b20                CAN1_RX0_IRQHandler
                0x0000000008000b20                FPU_IRQHandler
                0x0000000008000b20                CAN3_SCE_IRQHandler
                0x0000000008000b20                CAN2_SCE_IRQHandler
                0x0000000008000b20                DMA2_Stream2_IRQHandler
                0x0000000008000b20                SPI1_IRQHandler
                0x0000000008000b20                TIM6_DAC_IRQHandler
                0x0000000008000b20                TIM1_BRK_TIM9_IRQHandler
                0x0000000008000b20                CAN2_RX0_IRQHandler
                0x0000000008000b20                DMA2_Stream3_IRQHandler
                0x0000000008000b20                USART6_IRQHandler
                0x0000000008000b20                CAN3_RX0_IRQHandler
                0x0000000008000b20                USART3_IRQHandler
                0x0000000008000b20                DFSDM2_FLT3_IRQHandler
                0x0000000008000b20                CAN1_RX1_IRQHandler
                0x0000000008000b20                UART5_IRQHandler
                0x0000000008000b20                DMA2_Stream0_IRQHandler
                0x0000000008000b20                TIM4_IRQHandler
                0x0000000008000b20                QUADSPI_IRQHandler
                0x0000000008000b20                I2C1_EV_IRQHandler
                0x0000000008000b20                DMA1_Stream6_IRQHandler
                0x0000000008000b20                DMA1_Stream1_IRQHandler
                0x0000000008000b20                UART4_IRQHandler
                0x0000000008000b20                TIM3_IRQHandler
                0x0000000008000b20                RCC_IRQHandler
                0x0000000008000b20                UART9_IRQHandler
                0x0000000008000b20                TIM8_BRK_TIM12_IRQHandler
                0x0000000008000b20                Default_Handler
                0x0000000008000b20                EXTI15_10_IRQHandler
                0x0000000008000b20                ADC_IRQHandler
                0x0000000008000b20                DMA1_Stream7_IRQHandler
                0x0000000008000b20                DFSDM2_FLT0_IRQHandler
                0x0000000008000b20                SPI5_IRQHandler
                0x0000000008000b20                TIM7_IRQHandler
                0x0000000008000b20                CAN2_TX_IRQHandler
                0x0000000008000b20                TIM5_IRQHandler
                0x0000000008000b20                DMA2_Stream7_IRQHandler
                0x0000000008000b20                I2C3_EV_IRQHandler
                0x0000000008000b20                DFSDM2_FLT2_IRQHandler
                0x0000000008000b20                EXTI9_5_IRQHandler
                0x0000000008000b20                RTC_WKUP_IRQHandler
                0x0000000008000b20                SPI2_IRQHandler
                0x0000000008000b20                DMA1_Stream0_IRQHandler
                0x0000000008000b20                CAN1_TX_IRQHandler
                0x0000000008000b20                FMPI2C1_ER_IRQHandler
                0x0000000008000b20                EXTI4_IRQHandler
                0x0000000008000b20                DFSDM2_FLT1_IRQHandler
                0x0000000008000b20                RNG_IRQHandler
                0x0000000008000b20                FSMC_IRQHandler
                0x0000000008000b20                WWDG_IRQHandler
                0x0000000008000b20                CAN3_TX_IRQHandler
                0x0000000008000b20                TIM2_IRQHandler
                0x0000000008000b20                OTG_FS_WKUP_IRQHandler
                0x0000000008000b20                TIM1_TRG_COM_TIM11_IRQHandler
                0x0000000008000b20                EXTI1_IRQHandler
                0x0000000008000b20                UART7_IRQHandler
                0x0000000008000b20                USART2_IRQHandler
                0x0000000008000b20                DFSDM1_FLT0_IRQHandler
                0x0000000008000b20                I2C2_ER_IRQHandler
                0x0000000008000b20                DMA2_Stream1_IRQHandler
                0x0000000008000b20                CAN1_SCE_IRQHandler
                0x0000000008000b20                FLASH_IRQHandler
                0x0000000008000b20                DMA2_Stream4_IRQHandler
                0x0000000008000b20                USART1_IRQHandler
                0x0000000008000b20                OTG_FS_IRQHandler
                0x0000000008000b20                SPI3_IRQHandler
                0x0000000008000b20                DMA1_Stream4_IRQHandler
                0x0000000008000b20                I2C1_ER_IRQHandler
                0x0000000008000b20                LPTIM1_IRQHandler
                0x0000000008000b20                DMA2_Stream6_IRQHandler
                0x0000000008000b20                UART10_IRQHandler
                0x0000000008000b20                SAI1_IRQHandler
                0x0000000008000b20                DMA1_Stream3_IRQHandler
 *fill*         0x0000000008000b22        0x2 
 .text.HAL_Init
                0x0000000008000b24       0x44 Drivers/STM32F4xx_HAL_Driver/Src/stm32f4xx_hal.o
                0x0000000008000b24                HAL_Init
 .text.HAL_InitTick
                0x0000000008000b68       0x60 Drivers/STM32F4xx_HAL_Driver/Src/stm32f4xx_hal.o
                0x0000000008000b68                HAL_InitTick
 .text.HAL_IncTick
                0x0000000008000bc8       0x28 Drivers/STM32F4xx_HAL_Driver/Src/stm32f4xx_hal.o
                0x0000000008000bc8                HAL_IncTick
 .text.HAL_GetTick
                0x0000000008000bf0       0x18 Drivers/STM32F4xx_HAL_Driver/Src/stm32f4xx_hal.o
                0x0000000008000bf0                HAL_GetTick
 .text.HAL_Delay
                0x0000000008000c08       0x44 Drivers/STM32F4xx_HAL_Driver/Src/stm32f4xx_hal.o
                0x0000000008000c08                HAL_Delay
 .text.HAL_ADC_Init
                0x0000000008000c4c       0x86 Drivers/STM32F4xx_HAL_Driver/Src/stm32f4xx_hal_adc.o
                0x0000000008000c4c                HAL_ADC_Init
 *fill*         0x0000000008000cd2        0x2 
 .text.HAL_ADC_Start
                0x0000000008000cd4      0x14c Drivers/STM32F4xx_HAL_Driver/Src/stm32f4xx_hal_adc.o
                0x0000000008000cd4                HAL_ADC_Start
 .text.HAL_ADC_PollForConversion
                0x0000000008000e20      0x108 Drivers/STM32F4xx_HAL_Driver/Src/stm32f4xx_hal_adc.o
                0x0000000008000e20                HAL_ADC_PollForConversion
 .text.HAL_ADC_GetValue
                0x0000000008000f28       0x1a Drivers/STM32F4xx_HAL_Driver/Src/stm32f4xx_hal_adc.o
                0x0000000008000f28                HAL_ADC_GetValue
 *fill*         0x0000000008000f42        0x2 
 .text.HAL_ADC_ConfigChannel
                0x0000000008000f44      0x264 Drivers/STM32F4xx_HAL_Driver/Src/stm32f4xx_hal_adc.o
                0x0000000008000f44                HAL_ADC_ConfigChannel
 .text.ADC_Init
                0x00000000080011a8      0x1f8 Drivers/STM32F4xx_HAL_Driver/Src/stm32f4xx_hal_adc.o
 .text.__NVIC_SetPriorityGrouping
                0x00000000080013a0       0x48 Drivers/STM32F4xx_HAL_Driver/Src/stm32f4xx_hal_cortex.o
 .text.__NVIC_GetPriorityGrouping
                0x00000000080013e8       0x1c Drivers/STM32F4xx_HAL_Driver/Src/stm32f4xx_hal_cortex.o
 .text.__NVIC_SetPriority
                0x0000000008001404       0x54 Drivers/STM32F4xx_HAL_Driver/Src/stm32f4xx_hal_cortex.o
 .text.NVIC_EncodePriority
                0x0000000008001458       0x66 Drivers/STM32F4xx_HAL_Driver/Src/stm32f4xx_hal_cortex.o
 *fill*         0x00000000080014be        0x2 
 .text.SysTick_Config
                0x00000000080014c0       0x44 Drivers/STM32F4xx_HAL_Driver/Src/stm32f4xx_hal_cortex.o
 .text.HAL_NVIC_SetPriorityGrouping
                0x0000000008001504       0x16 Drivers/STM32F4xx_HAL_Driver/Src/stm32f4xx_hal_cortex.o
                0x0000000008001504                HAL_NVIC_SetPriorityGrouping
 .text.HAL_NVIC_SetPriority
                0x000000000800151a       0x38 Drivers/STM32F4xx_HAL_Driver/Src/stm32f4xx_hal_cortex.o
                0x000000000800151a                HAL_NVIC_SetPriority
 .text.HAL_SYSTICK_Config
                0x0000000008001552       0x18 Drivers/STM32F4xx_HAL_Driver/Src/stm32f4xx_hal_cortex.o
                0x0000000008001552                HAL_SYSTICK_Config
 *fill*         0x000000000800156a        0x2 
 .text.HAL_GPIO_Init
                0x000000000800156c      0x324 Drivers/STM32F4xx_HAL_Driver/Src/stm32f4xx_hal_gpio.o
                0x000000000800156c                HAL_GPIO_Init
 .text.HAL_GPIO_WritePin
                0x0000000008001890       0x32 Drivers/STM32F4xx_HAL_Driver/Src/stm32f4xx_hal_gpio.o
                0x0000000008001890                HAL_GPIO_WritePin
 *fill*         0x00000000080018c2        0x2 
 .text.HAL_RCC_ClockConfig
                0x00000000080018c4      0x1cc Drivers/STM32F4xx_HAL_Driver/Src/stm32f4xx_hal_rcc.o
                0x00000000080018c4                HAL_RCC_ClockConfig
 .text.HAL_RCC_GetSysClockFreq
                0x0000000008001a90      0x164 Drivers/STM32F4xx_HAL_Driver/Src/stm32f4xx_hal_rcc.o
                0x0000000008001a90                HAL_RCC_GetSysClockFreq
 .text.HAL_RCC_GetHCLKFreq
                0x0000000008001bf4       0x18 Drivers/STM32F4xx_HAL_Driver/Src/stm32f4xx_hal_rcc.o
                0x0000000008001bf4                HAL_RCC_GetHCLKFreq
 .text.HAL_RCC_GetPCLK1Freq
                0x0000000008001c0c       0x28 Drivers/STM32F4xx_HAL_Driver/Src/stm32f4xx_hal_rcc.o
                0x0000000008001c0c                HAL_RCC_GetPCLK1Freq
 .text.HAL_RCC_GetPCLK2Freq
                0x0000000008001c34       0x28 Drivers/STM32F4xx_HAL_Driver/Src/stm32f4xx_hal_rcc.o
                0x0000000008001c34                HAL_RCC_GetPCLK2Freq
 .text.HAL_RCC_OscConfig
                0x0000000008001c5c      0x484 Drivers/STM32F4xx_HAL_Driver/Src/stm32f4xx_hal_rcc_ex.o
                0x0000000008001c5c                HAL_RCC_OscConfig
 .text.HAL_USART_Init
                0x00000000080020e0       0x82 Drivers/STM32F4xx_HAL_Driver/Src/stm32f4xx_hal_usart.o
                0x00000000080020e0                HAL_USART_Init
 .text.HAL_USART_Transmit
                0x0000000008002162      0x132 Drivers/STM32F4xx_HAL_Driver/Src/stm32f4xx_hal_usart.o
                0x0000000008002162                HAL_USART_Transmit
 .text.USART_WaitOnFlagUntilTimeout
                0x0000000008002294       0xac Drivers/STM32F4xx_HAL_Driver/Src/stm32f4xx_hal_usart.o
 .text.USART_SetConfig
                0x0000000008002340      0x3d8 Drivers/STM32F4xx_HAL_Driver/Src/stm32f4xx_hal_usart.o
 .text.__errno  0x0000000008002718        0xc d:/programs/stm32cubeide_1.3.0/stm32cubeide/plugins/com.st.stm32cube.ide.mcu.externaltools.gnu-tools-for-stm32.7-2018-q2-update.win32_1.0.0.201904181610/tools/bin/../lib/gcc/arm-none-eabi/7.3.1/../../../../arm-none-eabi/lib/thumb/v7e-m/fpv4-sp/hard\libc_nano.a(lib_a-errno.o)
                0x0000000008002718                __errno
 .text.__libc_init_array
                0x0000000008002724       0x48 d:/programs/stm32cubeide_1.3.0/stm32cubeide/plugins/com.st.stm32cube.ide.mcu.externaltools.gnu-tools-for-stm32.7-2018-q2-update.win32_1.0.0.201904181610/tools/bin/../lib/gcc/arm-none-eabi/7.3.1/../../../../arm-none-eabi/lib/thumb/v7e-m/fpv4-sp/hard\libc_nano.a(lib_a-init.o)
                0x0000000008002724                __libc_init_array
 .text.memset   0x000000000800276c       0x10 d:/programs/stm32cubeide_1.3.0/stm32cubeide/plugins/com.st.stm32cube.ide.mcu.externaltools.gnu-tools-for-stm32.7-2018-q2-update.win32_1.0.0.201904181610/tools/bin/../lib/gcc/arm-none-eabi/7.3.1/../../../../arm-none-eabi/lib/thumb/v7e-m/fpv4-sp/hard\libc_nano.a(lib_a-memset.o)
                0x000000000800276c                memset
 .text.sprintf  0x000000000800277c       0x40 d:/programs/stm32cubeide_1.3.0/stm32cubeide/plugins/com.st.stm32cube.ide.mcu.externaltools.gnu-tools-for-stm32.7-2018-q2-update.win32_1.0.0.201904181610/tools/bin/../lib/gcc/arm-none-eabi/7.3.1/../../../../arm-none-eabi/lib/thumb/v7e-m/fpv4-sp/hard\libc_nano.a(lib_a-sprintf.o)
                0x000000000800277c                siprintf
                0x000000000800277c                sprintf
 .text.__ssputs_r
                0x00000000080027bc       0xb4 d:/programs/stm32cubeide_1.3.0/stm32cubeide/plugins/com.st.stm32cube.ide.mcu.externaltools.gnu-tools-for-stm32.7-2018-q2-update.win32_1.0.0.201904181610/tools/bin/../lib/gcc/arm-none-eabi/7.3.1/../../../../arm-none-eabi/lib/thumb/v7e-m/fpv4-sp/hard\libc_nano.a(lib_a-nano-svfprintf.o)
                0x00000000080027bc                __ssputs_r
 .text._svfprintf_r
                0x0000000008002870      0x1f0 d:/programs/stm32cubeide_1.3.0/stm32cubeide/plugins/com.st.stm32cube.ide.mcu.externaltools.gnu-tools-for-stm32.7-2018-q2-update.win32_1.0.0.201904181610/tools/bin/../lib/gcc/arm-none-eabi/7.3.1/../../../../arm-none-eabi/lib/thumb/v7e-m/fpv4-sp/hard\libc_nano.a(lib_a-nano-svfprintf.o)
                0x0000000008002870                _svfiprintf_r
                0x0000000008002870                _svfprintf_r
 .text._printf_common
                0x0000000008002a60       0xea d:/programs/stm32cubeide_1.3.0/stm32cubeide/plugins/com.st.stm32cube.ide.mcu.externaltools.gnu-tools-for-stm32.7-2018-q2-update.win32_1.0.0.201904181610/tools/bin/../lib/gcc/arm-none-eabi/7.3.1/../../../../arm-none-eabi/lib/thumb/v7e-m/fpv4-sp/hard\libc_nano.a(lib_a-nano-vfprintf_i.o)
                0x0000000008002a60                _printf_common
 *fill*         0x0000000008002b4a        0x2 
 .text._printf_i
                0x0000000008002b4c      0x224 d:/programs/stm32cubeide_1.3.0/stm32cubeide/plugins/com.st.stm32cube.ide.mcu.externaltools.gnu-tools-for-stm32.7-2018-q2-update.win32_1.0.0.201904181610/tools/bin/../lib/gcc/arm-none-eabi/7.3.1/../../../../arm-none-eabi/lib/thumb/v7e-m/fpv4-sp/hard\libc_nano.a(lib_a-nano-vfprintf_i.o)
                0x0000000008002b4c                _printf_i
 .text.memcpy   0x0000000008002d70       0x16 d:/programs/stm32cubeide_1.3.0/stm32cubeide/plugins/com.st.stm32cube.ide.mcu.externaltools.gnu-tools-for-stm32.7-2018-q2-update.win32_1.0.0.201904181610/tools/bin/../lib/gcc/arm-none-eabi/7.3.1/../../../../arm-none-eabi/lib/thumb/v7e-m/fpv4-sp/hard\libc_nano.a(lib_a-memcpy-stub.o)
                0x0000000008002d70                memcpy
 .text.memmove  0x0000000008002d86       0x32 d:/programs/stm32cubeide_1.3.0/stm32cubeide/plugins/com.st.stm32cube.ide.mcu.externaltools.gnu-tools-for-stm32.7-2018-q2-update.win32_1.0.0.201904181610/tools/bin/../lib/gcc/arm-none-eabi/7.3.1/../../../../arm-none-eabi/lib/thumb/v7e-m/fpv4-sp/hard\libc_nano.a(lib_a-memmove.o)
                0x0000000008002d86                memmove
 .text._free_r  0x0000000008002db8       0x9c d:/programs/stm32cubeide_1.3.0/stm32cubeide/plugins/com.st.stm32cube.ide.mcu.externaltools.gnu-tools-for-stm32.7-2018-q2-update.win32_1.0.0.201904181610/tools/bin/../lib/gcc/arm-none-eabi/7.3.1/../../../../arm-none-eabi/lib/thumb/v7e-m/fpv4-sp/hard\libc_nano.a(lib_a-nano-freer.o)
                0x0000000008002db8                _free_r
 .text._malloc_r
                0x0000000008002e54       0xb4 d:/programs/stm32cubeide_1.3.0/stm32cubeide/plugins/com.st.stm32cube.ide.mcu.externaltools.gnu-tools-for-stm32.7-2018-q2-update.win32_1.0.0.201904181610/tools/bin/../lib/gcc/arm-none-eabi/7.3.1/../../../../arm-none-eabi/lib/thumb/v7e-m/fpv4-sp/hard\libc_nano.a(lib_a-nano-mallocr.o)
                0x0000000008002e54                _malloc_r
 .text._realloc_r
                0x0000000008002f08       0x4c d:/programs/stm32cubeide_1.3.0/stm32cubeide/plugins/com.st.stm32cube.ide.mcu.externaltools.gnu-tools-for-stm32.7-2018-q2-update.win32_1.0.0.201904181610/tools/bin/../lib/gcc/arm-none-eabi/7.3.1/../../../../arm-none-eabi/lib/thumb/v7e-m/fpv4-sp/hard\libc_nano.a(lib_a-nano-reallocr.o)
                0x0000000008002f08                _realloc_r
 .text._sbrk_r  0x0000000008002f54       0x20 d:/programs/stm32cubeide_1.3.0/stm32cubeide/plugins/com.st.stm32cube.ide.mcu.externaltools.gnu-tools-for-stm32.7-2018-q2-update.win32_1.0.0.201904181610/tools/bin/../lib/gcc/arm-none-eabi/7.3.1/../../../../arm-none-eabi/lib/thumb/v7e-m/fpv4-sp/hard\libc_nano.a(lib_a-sbrkr.o)
                0x0000000008002f54                _sbrk_r
 .text.__malloc_lock
                0x0000000008002f74        0x2 d:/programs/stm32cubeide_1.3.0/stm32cubeide/plugins/com.st.stm32cube.ide.mcu.externaltools.gnu-tools-for-stm32.7-2018-q2-update.win32_1.0.0.201904181610/tools/bin/../lib/gcc/arm-none-eabi/7.3.1/../../../../arm-none-eabi/lib/thumb/v7e-m/fpv4-sp/hard\libc_nano.a(lib_a-mlock.o)
                0x0000000008002f74                __malloc_lock
 .text.__malloc_unlock
                0x0000000008002f76        0x2 d:/programs/stm32cubeide_1.3.0/stm32cubeide/plugins/com.st.stm32cube.ide.mcu.externaltools.gnu-tools-for-stm32.7-2018-q2-update.win32_1.0.0.201904181610/tools/bin/../lib/gcc/arm-none-eabi/7.3.1/../../../../arm-none-eabi/lib/thumb/v7e-m/fpv4-sp/hard\libc_nano.a(lib_a-mlock.o)
                0x0000000008002f76                __malloc_unlock
 .text._malloc_usable_size_r
                0x0000000008002f78       0x10 d:/programs/stm32cubeide_1.3.0/stm32cubeide/plugins/com.st.stm32cube.ide.mcu.externaltools.gnu-tools-for-stm32.7-2018-q2-update.win32_1.0.0.201904181610/tools/bin/../lib/gcc/arm-none-eabi/7.3.1/../../../../arm-none-eabi/lib/thumb/v7e-m/fpv4-sp/hard\libc_nano.a(lib_a-nano-msizer.o)
                0x0000000008002f78                _malloc_usable_size_r
 *(.glue_7)
 .glue_7        0x0000000008002f88        0x0 linker stubs
 *(.glue_7t)
 .glue_7t       0x0000000008002f88        0x0 linker stubs
 *(.eh_frame)
 .eh_frame      0x0000000008002f88        0x0 d:/programs/stm32cubeide_1.3.0/stm32cubeide/plugins/com.st.stm32cube.ide.mcu.externaltools.gnu-tools-for-stm32.7-2018-q2-update.win32_1.0.0.201904181610/tools/bin/../lib/gcc/arm-none-eabi/7.3.1/thumb/v7e-m/fpv4-sp/hard/crtbegin.o
 *(.init)
 .init          0x0000000008002f88        0x4 d:/programs/stm32cubeide_1.3.0/stm32cubeide/plugins/com.st.stm32cube.ide.mcu.externaltools.gnu-tools-for-stm32.7-2018-q2-update.win32_1.0.0.201904181610/tools/bin/../lib/gcc/arm-none-eabi/7.3.1/thumb/v7e-m/fpv4-sp/hard/crti.o
                0x0000000008002f88                _init
 .init          0x0000000008002f8c        0x8 d:/programs/stm32cubeide_1.3.0/stm32cubeide/plugins/com.st.stm32cube.ide.mcu.externaltools.gnu-tools-for-stm32.7-2018-q2-update.win32_1.0.0.201904181610/tools/bin/../lib/gcc/arm-none-eabi/7.3.1/thumb/v7e-m/fpv4-sp/hard/crtn.o
 *(.fini)
 .fini          0x0000000008002f94        0x4 d:/programs/stm32cubeide_1.3.0/stm32cubeide/plugins/com.st.stm32cube.ide.mcu.externaltools.gnu-tools-for-stm32.7-2018-q2-update.win32_1.0.0.201904181610/tools/bin/../lib/gcc/arm-none-eabi/7.3.1/thumb/v7e-m/fpv4-sp/hard/crti.o
                0x0000000008002f94                _fini
 .fini          0x0000000008002f98        0x8 d:/programs/stm32cubeide_1.3.0/stm32cubeide/plugins/com.st.stm32cube.ide.mcu.externaltools.gnu-tools-for-stm32.7-2018-q2-update.win32_1.0.0.201904181610/tools/bin/../lib/gcc/arm-none-eabi/7.3.1/thumb/v7e-m/fpv4-sp/hard/crtn.o
                0x0000000008002fa0                . = ALIGN (0x4)
                0x0000000008002fa0                _etext = .

.vfp11_veneer   0x0000000008002fa0        0x0
 .vfp11_veneer  0x0000000008002fa0        0x0 linker stubs

.v4_bx          0x0000000008002fa0        0x0
 .v4_bx         0x0000000008002fa0        0x0 linker stubs

.iplt           0x0000000008002fa0        0x0
 .iplt          0x0000000008002fa0        0x0 d:/programs/stm32cubeide_1.3.0/stm32cubeide/plugins/com.st.stm32cube.ide.mcu.externaltools.gnu-tools-for-stm32.7-2018-q2-update.win32_1.0.0.201904181610/tools/bin/../lib/gcc/arm-none-eabi/7.3.1/thumb/v7e-m/fpv4-sp/hard/crtbegin.o

.rodata         0x0000000008002fa0       0x54
                0x0000000008002fa0                . = ALIGN (0x4)
 *(.rodata)
 .rodata        0x0000000008002fa0        0x6 Core/Src/main.o
 *(.rodata*)
 *fill*         0x0000000008002fa6        0x2 
 .rodata.AHBPrescTable
                0x0000000008002fa8       0x10 Core/Src/system_stm32f4xx.o
                0x0000000008002fa8                AHBPrescTable
 .rodata.APBPrescTable
                0x0000000008002fb8        0x8 Core/Src/system_stm32f4xx.o
                0x0000000008002fb8                APBPrescTable
 .rodata._svfprintf_r.str1.1
                0x0000000008002fc0       0x11 d:/programs/stm32cubeide_1.3.0/stm32cubeide/plugins/com.st.stm32cube.ide.mcu.externaltools.gnu-tools-for-stm32.7-2018-q2-update.win32_1.0.0.201904181610/tools/bin/../lib/gcc/arm-none-eabi/7.3.1/../../../../arm-none-eabi/lib/thumb/v7e-m/fpv4-sp/hard\libc_nano.a(lib_a-nano-svfprintf.o)
 .rodata._printf_i.str1.1
                0x0000000008002fd1       0x22 d:/programs/stm32cubeide_1.3.0/stm32cubeide/plugins/com.st.stm32cube.ide.mcu.externaltools.gnu-tools-for-stm32.7-2018-q2-update.win32_1.0.0.201904181610/tools/bin/../lib/gcc/arm-none-eabi/7.3.1/../../../../arm-none-eabi/lib/thumb/v7e-m/fpv4-sp/hard\libc_nano.a(lib_a-nano-vfprintf_i.o)
                0x0000000008002ff4                . = ALIGN (0x4)
 *fill*         0x0000000008002ff3        0x1 

.ARM.extab      0x0000000008002ff4        0x0
                0x0000000008002ff4                . = ALIGN (0x4)
 *(.ARM.extab* .gnu.linkonce.armextab.*)
                0x0000000008002ff4                . = ALIGN (0x4)

.ARM            0x0000000008002ff4        0x8
                0x0000000008002ff4                . = ALIGN (0x4)
                0x0000000008002ff4                __exidx_start = .
 *(.ARM.exidx*)
 .ARM.exidx     0x0000000008002ff4        0x8 d:/programs/stm32cubeide_1.3.0/stm32cubeide/plugins/com.st.stm32cube.ide.mcu.externaltools.gnu-tools-for-stm32.7-2018-q2-update.win32_1.0.0.201904181610/tools/bin/../lib/gcc/arm-none-eabi/7.3.1/thumb/v7e-m/fpv4-sp/hard\libgcc.a(_udivmoddi4.o)
                0x0000000008002ffc                __exidx_end = .
                0x0000000008002ffc                . = ALIGN (0x4)

.rel.dyn        0x0000000008002ffc        0x0
 .rel.iplt      0x0000000008002ffc        0x0 d:/programs/stm32cubeide_1.3.0/stm32cubeide/plugins/com.st.stm32cube.ide.mcu.externaltools.gnu-tools-for-stm32.7-2018-q2-update.win32_1.0.0.201904181610/tools/bin/../lib/gcc/arm-none-eabi/7.3.1/thumb/v7e-m/fpv4-sp/hard/crtbegin.o

.preinit_array  0x0000000008002ffc        0x0
                0x0000000008002ffc                . = ALIGN (0x4)
                0x0000000008002ffc                PROVIDE (__preinit_array_start = .)
 *(.preinit_array*)
                0x0000000008002ffc                PROVIDE (__preinit_array_end = .)
                0x0000000008002ffc                . = ALIGN (0x4)

.init_array     0x0000000008002ffc        0x4
                0x0000000008002ffc                . = ALIGN (0x4)
                0x0000000008002ffc                PROVIDE (__init_array_start = .)
 *(SORT_BY_NAME(.init_array.*))
 *(.init_array*)
 .init_array    0x0000000008002ffc        0x4 d:/programs/stm32cubeide_1.3.0/stm32cubeide/plugins/com.st.stm32cube.ide.mcu.externaltools.gnu-tools-for-stm32.7-2018-q2-update.win32_1.0.0.201904181610/tools/bin/../lib/gcc/arm-none-eabi/7.3.1/thumb/v7e-m/fpv4-sp/hard/crtbegin.o
                0x0000000008003000                PROVIDE (__init_array_end = .)
                0x0000000008003000                . = ALIGN (0x4)

.fini_array     0x0000000008003000        0x4
                0x0000000008003000                . = ALIGN (0x4)
                [!provide]                        PROVIDE (__fini_array_start = .)
 *(SORT_BY_NAME(.fini_array.*))
 *(.fini_array*)
 .fini_array    0x0000000008003000        0x4 d:/programs/stm32cubeide_1.3.0/stm32cubeide/plugins/com.st.stm32cube.ide.mcu.externaltools.gnu-tools-for-stm32.7-2018-q2-update.win32_1.0.0.201904181610/tools/bin/../lib/gcc/arm-none-eabi/7.3.1/thumb/v7e-m/fpv4-sp/hard/crtbegin.o
                [!provide]                        PROVIDE (__fini_array_end = .)
                0x0000000008003004                . = ALIGN (0x4)
                0x0000000008003004                _sidata = LOADADDR (.data)

.data           0x0000000020000000       0x70 load address 0x0000000008003004
                0x0000000020000000                . = ALIGN (0x4)
                0x0000000020000000                _sdata = .
 *(.data)
 *(.data*)
 .data.SystemCoreClock
                0x0000000020000000        0x4 Core/Src/system_stm32f4xx.o
                0x0000000020000000                SystemCoreClock
 .data.uwTickPrio
                0x0000000020000004        0x4 Drivers/STM32F4xx_HAL_Driver/Src/stm32f4xx_hal.o
                0x0000000020000004                uwTickPrio
 .data.uwTickFreq
                0x0000000020000008        0x1 Drivers/STM32F4xx_HAL_Driver/Src/stm32f4xx_hal.o
                0x0000000020000008                uwTickFreq
 *fill*         0x0000000020000009        0x3 
 .data._impure_ptr
                0x000000002000000c        0x4 d:/programs/stm32cubeide_1.3.0/stm32cubeide/plugins/com.st.stm32cube.ide.mcu.externaltools.gnu-tools-for-stm32.7-2018-q2-update.win32_1.0.0.201904181610/tools/bin/../lib/gcc/arm-none-eabi/7.3.1/../../../../arm-none-eabi/lib/thumb/v7e-m/fpv4-sp/hard\libc_nano.a(lib_a-impure.o)
                0x000000002000000c                _impure_ptr
 .data.impure_data
                0x0000000020000010       0x60 d:/programs/stm32cubeide_1.3.0/stm32cubeide/plugins/com.st.stm32cube.ide.mcu.externaltools.gnu-tools-for-stm32.7-2018-q2-update.win32_1.0.0.201904181610/tools/bin/../lib/gcc/arm-none-eabi/7.3.1/../../../../arm-none-eabi/lib/thumb/v7e-m/fpv4-sp/hard\libc_nano.a(lib_a-impure.o)
                0x0000000020000070                . = ALIGN (0x4)
                0x0000000020000070                _edata = .

.igot.plt       0x0000000020000070        0x0 load address 0x0000000008003074
 .igot.plt      0x0000000020000070        0x0 d:/programs/stm32cubeide_1.3.0/stm32cubeide/plugins/com.st.stm32cube.ide.mcu.externaltools.gnu-tools-for-stm32.7-2018-q2-update.win32_1.0.0.201904181610/tools/bin/../lib/gcc/arm-none-eabi/7.3.1/thumb/v7e-m/fpv4-sp/hard/crtbegin.o
                0x0000000020000070                . = ALIGN (0x4)

.bss            0x0000000020000070       0xbc load address 0x0000000008003074
                0x0000000020000070                _sbss = .
                0x0000000020000070                __bss_start__ = _sbss
 *(.bss)
 .bss           0x0000000020000070       0x1c d:/programs/stm32cubeide_1.3.0/stm32cubeide/plugins/com.st.stm32cube.ide.mcu.externaltools.gnu-tools-for-stm32.7-2018-q2-update.win32_1.0.0.201904181610/tools/bin/../lib/gcc/arm-none-eabi/7.3.1/thumb/v7e-m/fpv4-sp/hard/crtbegin.o
 *(.bss*)
 .bss.heap_end.6424
                0x000000002000008c        0x4 Core/Src/sysmem.o
 .bss.__malloc_free_list
                0x0000000020000090        0x4 d:/programs/stm32cubeide_1.3.0/stm32cubeide/plugins/com.st.stm32cube.ide.mcu.externaltools.gnu-tools-for-stm32.7-2018-q2-update.win32_1.0.0.201904181610/tools/bin/../lib/gcc/arm-none-eabi/7.3.1/../../../../arm-none-eabi/lib/thumb/v7e-m/fpv4-sp/hard\libc_nano.a(lib_a-nano-mallocr.o)
                0x0000000020000090                __malloc_free_list
 .bss.__malloc_sbrk_start
                0x0000000020000094        0x4 d:/programs/stm32cubeide_1.3.0/stm32cubeide/plugins/com.st.stm32cube.ide.mcu.externaltools.gnu-tools-for-stm32.7-2018-q2-update.win32_1.0.0.201904181610/tools/bin/../lib/gcc/arm-none-eabi/7.3.1/../../../../arm-none-eabi/lib/thumb/v7e-m/fpv4-sp/hard\libc_nano.a(lib_a-nano-mallocr.o)
                0x0000000020000094                __malloc_sbrk_start
 *(COMMON)
 COMMON         0x0000000020000098       0x8c Core/Src/main.o
                0x0000000020000098                hadc1
                0x00000000200000e0                husart2
 COMMON         0x0000000020000124        0x4 Drivers/STM32F4xx_HAL_Driver/Src/stm32f4xx_hal.o
                0x0000000020000124                uwTick
 COMMON         0x0000000020000128        0x4 d:/programs/stm32cubeide_1.3.0/stm32cubeide/plugins/com.st.stm32cube.ide.mcu.externaltools.gnu-tools-for-stm32.7-2018-q2-update.win32_1.0.0.201904181610/tools/bin/../lib/gcc/arm-none-eabi/7.3.1/../../../../arm-none-eabi/lib/thumb/v7e-m/fpv4-sp/hard\libc_nano.a(lib_a-reent.o)
                0x0000000020000128                errno
                0x000000002000012c                . = ALIGN (0x4)
                0x000000002000012c                _ebss = .
                0x000000002000012c                __bss_end__ = _ebss

._user_heap_stack
                0x000000002000012c      0x604 load address 0x0000000008003074
                0x0000000020000130                . = ALIGN (0x8)
 *fill*         0x000000002000012c        0x4 
                0x0000000020000130                PROVIDE (end = .)
                [!provide]                        PROVIDE (_end = .)
                0x0000000020000330                . = (. + _Min_Heap_Size)
 *fill*         0x0000000020000130      0x200 
                0x0000000020000730                . = (. + _Min_Stack_Size)
 *fill*         0x0000000020000330      0x400 
                0x0000000020000730                . = ALIGN (0x8)

/DISCARD/
 libc.a(*)
 libm.a(*)
 libgcc.a(*)

.ARM.attributes
                0x0000000000000000       0x30
 *(.ARM.attributes)
 .ARM.attributes
                0x0000000000000000       0x22 d:/programs/stm32cubeide_1.3.0/stm32cubeide/plugins/com.st.stm32cube.ide.mcu.externaltools.gnu-tools-for-stm32.7-2018-q2-update.win32_1.0.0.201904181610/tools/bin/../lib/gcc/arm-none-eabi/7.3.1/thumb/v7e-m/fpv4-sp/hard/crti.o
 .ARM.attributes
                0x0000000000000022       0x34 d:/programs/stm32cubeide_1.3.0/stm32cubeide/plugins/com.st.stm32cube.ide.mcu.externaltools.gnu-tools-for-stm32.7-2018-q2-update.win32_1.0.0.201904181610/tools/bin/../lib/gcc/arm-none-eabi/7.3.1/thumb/v7e-m/fpv4-sp/hard/crtbegin.o
 .ARM.attributes
                0x0000000000000056       0x39 Core/Src/main.o
 .ARM.attributes
                0x000000000000008f       0x39 Core/Src/stm32f4xx_hal_msp.o
 .ARM.attributes
                0x00000000000000c8       0x39 Core/Src/stm32f4xx_it.o
 .ARM.attributes
                0x0000000000000101       0x39 Core/Src/sysmem.o
 .ARM.attributes
                0x000000000000013a       0x39 Core/Src/system_stm32f4xx.o
 .ARM.attributes
                0x0000000000000173       0x21 Core/Startup/startup_stm32f413zhtx.o
 .ARM.attributes
                0x0000000000000194       0x39 Drivers/STM32F4xx_HAL_Driver/Src/stm32f4xx_hal.o
 .ARM.attributes
                0x00000000000001cd       0x39 Drivers/STM32F4xx_HAL_Driver/Src/stm32f4xx_hal_adc.o
 .ARM.attributes
                0x0000000000000206       0x39 Drivers/STM32F4xx_HAL_Driver/Src/stm32f4xx_hal_cortex.o
 .ARM.attributes
                0x000000000000023f       0x39 Drivers/STM32F4xx_HAL_Driver/Src/stm32f4xx_hal_gpio.o
 .ARM.attributes
                0x0000000000000278       0x39 Drivers/STM32F4xx_HAL_Driver/Src/stm32f4xx_hal_rcc.o
 .ARM.attributes
                0x00000000000002b1       0x39 Drivers/STM32F4xx_HAL_Driver/Src/stm32f4xx_hal_rcc_ex.o
 .ARM.attributes
                0x00000000000002ea       0x39 Drivers/STM32F4xx_HAL_Driver/Src/stm32f4xx_hal_usart.o
 .ARM.attributes
                0x0000000000000323       0x34 d:/programs/stm32cubeide_1.3.0/stm32cubeide/plugins/com.st.stm32cube.ide.mcu.externaltools.gnu-tools-for-stm32.7-2018-q2-update.win32_1.0.0.201904181610/tools/bin/../lib/gcc/arm-none-eabi/7.3.1/../../../../arm-none-eabi/lib/thumb/v7e-m/fpv4-sp/hard\libc_nano.a(lib_a-errno.o)
 .ARM.attributes
                0x0000000000000357       0x34 d:/programs/stm32cubeide_1.3.0/stm32cubeide/plugins/com.st.stm32cube.ide.mcu.externaltools.gnu-tools-for-stm32.7-2018-q2-update.win32_1.0.0.201904181610/tools/bin/../lib/gcc/arm-none-eabi/7.3.1/../../../../arm-none-eabi/lib/thumb/v7e-m/fpv4-sp/hard\libc_nano.a(lib_a-impure.o)
 .ARM.attributes
                0x000000000000038b       0x34 d:/programs/stm32cubeide_1.3.0/stm32cubeide/plugins/com.st.stm32cube.ide.mcu.externaltools.gnu-tools-for-stm32.7-2018-q2-update.win32_1.0.0.201904181610/tools/bin/../lib/gcc/arm-none-eabi/7.3.1/../../../../arm-none-eabi/lib/thumb/v7e-m/fpv4-sp/hard\libc_nano.a(lib_a-init.o)
 .ARM.attributes
                0x00000000000003bf       0x34 d:/programs/stm32cubeide_1.3.0/stm32cubeide/plugins/com.st.stm32cube.ide.mcu.externaltools.gnu-tools-for-stm32.7-2018-q2-update.win32_1.0.0.201904181610/tools/bin/../lib/gcc/arm-none-eabi/7.3.1/../../../../arm-none-eabi/lib/thumb/v7e-m/fpv4-sp/hard\libc_nano.a(lib_a-memset.o)
 .ARM.attributes
                0x00000000000003f3       0x34 d:/programs/stm32cubeide_1.3.0/stm32cubeide/plugins/com.st.stm32cube.ide.mcu.externaltools.gnu-tools-for-stm32.7-2018-q2-update.win32_1.0.0.201904181610/tools/bin/../lib/gcc/arm-none-eabi/7.3.1/../../../../arm-none-eabi/lib/thumb/v7e-m/fpv4-sp/hard\libc_nano.a(lib_a-sprintf.o)
 .ARM.attributes
                0x0000000000000427       0x1b d:/programs/stm32cubeide_1.3.0/stm32cubeide/plugins/com.st.stm32cube.ide.mcu.externaltools.gnu-tools-for-stm32.7-2018-q2-update.win32_1.0.0.201904181610/tools/bin/../lib/gcc/arm-none-eabi/7.3.1/../../../../arm-none-eabi/lib/thumb/v7e-m/fpv4-sp/hard\libc_nano.a(lib_a-strlen.o)
 .ARM.attributes
                0x0000000000000442       0x34 d:/programs/stm32cubeide_1.3.0/stm32cubeide/plugins/com.st.stm32cube.ide.mcu.externaltools.gnu-tools-for-stm32.7-2018-q2-update.win32_1.0.0.201904181610/tools/bin/../lib/gcc/arm-none-eabi/7.3.1/../../../../arm-none-eabi/lib/thumb/v7e-m/fpv4-sp/hard\libc_nano.a(lib_a-nano-svfprintf.o)
 .ARM.attributes
                0x0000000000000476       0x34 d:/programs/stm32cubeide_1.3.0/stm32cubeide/plugins/com.st.stm32cube.ide.mcu.externaltools.gnu-tools-for-stm32.7-2018-q2-update.win32_1.0.0.201904181610/tools/bin/../lib/gcc/arm-none-eabi/7.3.1/../../../../arm-none-eabi/lib/thumb/v7e-m/fpv4-sp/hard\libc_nano.a(lib_a-nano-vfprintf_i.o)
 .ARM.attributes
                0x00000000000004aa       0x20 d:/programs/stm32cubeide_1.3.0/stm32cubeide/plugins/com.st.stm32cube.ide.mcu.externaltools.gnu-tools-for-stm32.7-2018-q2-update.win32_1.0.0.201904181610/tools/bin/../lib/gcc/arm-none-eabi/7.3.1/../../../../arm-none-eabi/lib/thumb/v7e-m/fpv4-sp/hard\libc_nano.a(lib_a-memchr.o)
 .ARM.attributes
                0x00000000000004ca       0x34 d:/programs/stm32cubeide_1.3.0/stm32cubeide/plugins/com.st.stm32cube.ide.mcu.externaltools.gnu-tools-for-stm32.7-2018-q2-update.win32_1.0.0.201904181610/tools/bin/../lib/gcc/arm-none-eabi/7.3.1/../../../../arm-none-eabi/lib/thumb/v7e-m/fpv4-sp/hard\libc_nano.a(lib_a-memcpy-stub.o)
 .ARM.attributes
                0x00000000000004fe       0x34 d:/programs/stm32cubeide_1.3.0/stm32cubeide/plugins/com.st.stm32cube.ide.mcu.externaltools.gnu-tools-for-stm32.7-2018-q2-update.win32_1.0.0.201904181610/tools/bin/../lib/gcc/arm-none-eabi/7.3.1/../../../../arm-none-eabi/lib/thumb/v7e-m/fpv4-sp/hard\libc_nano.a(lib_a-memmove.o)
 .ARM.attributes
                0x0000000000000532       0x34 d:/programs/stm32cubeide_1.3.0/stm32cubeide/plugins/com.st.stm32cube.ide.mcu.externaltools.gnu-tools-for-stm32.7-2018-q2-update.win32_1.0.0.201904181610/tools/bin/../lib/gcc/arm-none-eabi/7.3.1/../../../../arm-none-eabi/lib/thumb/v7e-m/fpv4-sp/hard\libc_nano.a(lib_a-nano-freer.o)
 .ARM.attributes
                0x0000000000000566       0x34 d:/programs/stm32cubeide_1.3.0/stm32cubeide/plugins/com.st.stm32cube.ide.mcu.externaltools.gnu-tools-for-stm32.7-2018-q2-update.win32_1.0.0.201904181610/tools/bin/../lib/gcc/arm-none-eabi/7.3.1/../../../../arm-none-eabi/lib/thumb/v7e-m/fpv4-sp/hard\libc_nano.a(lib_a-nano-mallocr.o)
 .ARM.attributes
                0x000000000000059a       0x34 d:/programs/stm32cubeide_1.3.0/stm32cubeide/plugins/com.st.stm32cube.ide.mcu.externaltools.gnu-tools-for-stm32.7-2018-q2-update.win32_1.0.0.201904181610/tools/bin/../lib/gcc/arm-none-eabi/7.3.1/../../../../arm-none-eabi/lib/thumb/v7e-m/fpv4-sp/hard\libc_nano.a(lib_a-nano-reallocr.o)
 .ARM.attributes
                0x00000000000005ce       0x34 d:/programs/stm32cubeide_1.3.0/stm32cubeide/plugins/com.st.stm32cube.ide.mcu.externaltools.gnu-tools-for-stm32.7-2018-q2-update.win32_1.0.0.201904181610/tools/bin/../lib/gcc/arm-none-eabi/7.3.1/../../../../arm-none-eabi/lib/thumb/v7e-m/fpv4-sp/hard\libc_nano.a(lib_a-sbrkr.o)
 .ARM.attributes
                0x0000000000000602       0x34 d:/programs/stm32cubeide_1.3.0/stm32cubeide/plugins/com.st.stm32cube.ide.mcu.externaltools.gnu-tools-for-stm32.7-2018-q2-update.win32_1.0.0.201904181610/tools/bin/../lib/gcc/arm-none-eabi/7.3.1/../../../../arm-none-eabi/lib/thumb/v7e-m/fpv4-sp/hard\libc_nano.a(lib_a-mlock.o)
 .ARM.attributes
                0x0000000000000636       0x34 d:/programs/stm32cubeide_1.3.0/stm32cubeide/plugins/com.st.stm32cube.ide.mcu.externaltools.gnu-tools-for-stm32.7-2018-q2-update.win32_1.0.0.201904181610/tools/bin/../lib/gcc/arm-none-eabi/7.3.1/../../../../arm-none-eabi/lib/thumb/v7e-m/fpv4-sp/hard\libc_nano.a(lib_a-nano-msizer.o)
 .ARM.attributes
                0x000000000000066a       0x34 d:/programs/stm32cubeide_1.3.0/stm32cubeide/plugins/com.st.stm32cube.ide.mcu.externaltools.gnu-tools-for-stm32.7-2018-q2-update.win32_1.0.0.201904181610/tools/bin/../lib/gcc/arm-none-eabi/7.3.1/../../../../arm-none-eabi/lib/thumb/v7e-m/fpv4-sp/hard\libc_nano.a(lib_a-reent.o)
 .ARM.attributes
                0x000000000000069e       0x22 d:/programs/stm32cubeide_1.3.0/stm32cubeide/plugins/com.st.stm32cube.ide.mcu.externaltools.gnu-tools-for-stm32.7-2018-q2-update.win32_1.0.0.201904181610/tools/bin/../lib/gcc/arm-none-eabi/7.3.1/thumb/v7e-m/fpv4-sp/hard\libgcc.a(_aeabi_uldivmod.o)
 .ARM.attributes
                0x00000000000006c0       0x34 d:/programs/stm32cubeide_1.3.0/stm32cubeide/plugins/com.st.stm32cube.ide.mcu.externaltools.gnu-tools-for-stm32.7-2018-q2-update.win32_1.0.0.201904181610/tools/bin/../lib/gcc/arm-none-eabi/7.3.1/thumb/v7e-m/fpv4-sp/hard\libgcc.a(_udivmoddi4.o)
 .ARM.attributes
                0x00000000000006f4       0x22 d:/programs/stm32cubeide_1.3.0/stm32cubeide/plugins/com.st.stm32cube.ide.mcu.externaltools.gnu-tools-for-stm32.7-2018-q2-update.win32_1.0.0.201904181610/tools/bin/../lib/gcc/arm-none-eabi/7.3.1/thumb/v7e-m/fpv4-sp/hard\libgcc.a(_dvmd_tls.o)
 .ARM.attributes
                0x0000000000000716       0x22 d:/programs/stm32cubeide_1.3.0/stm32cubeide/plugins/com.st.stm32cube.ide.mcu.externaltools.gnu-tools-for-stm32.7-2018-q2-update.win32_1.0.0.201904181610/tools/bin/../lib/gcc/arm-none-eabi/7.3.1/thumb/v7e-m/fpv4-sp/hard/crtn.o
OUTPUT(Lab3.elf elf32-littlearm)

.debug_info     0x0000000000000000     0x82e1
 .debug_info    0x0000000000000000     0x160e Core/Src/main.o
 .debug_info    0x000000000000160e      0xc3e Core/Src/stm32f4xx_hal_msp.o
 .debug_info    0x000000000000224c      0x20a Core/Src/stm32f4xx_it.o
 .debug_info    0x0000000000002456      0x91c Core/Src/sysmem.o
 .debug_info    0x0000000000002d72      0x588 Core/Src/system_stm32f4xx.o
 .debug_info    0x00000000000032fa       0x22 Core/Startup/startup_stm32f413zhtx.o
 .debug_info    0x000000000000331c      0x9c7 Drivers/STM32F4xx_HAL_Driver/Src/stm32f4xx_hal.o
 .debug_info    0x0000000000003ce3      0xcee Drivers/STM32F4xx_HAL_Driver/Src/stm32f4xx_hal_adc.o
 .debug_info    0x00000000000049d1      0xe76 Drivers/STM32F4xx_HAL_Driver/Src/stm32f4xx_hal_cortex.o
 .debug_info    0x0000000000005847      0x81d Drivers/STM32F4xx_HAL_Driver/Src/stm32f4xx_hal_gpio.o
 .debug_info    0x0000000000006064      0x944 Drivers/STM32F4xx_HAL_Driver/Src/stm32f4xx_hal_rcc.o
 .debug_info    0x00000000000069a8      0x873 Drivers/STM32F4xx_HAL_Driver/Src/stm32f4xx_hal_rcc_ex.o
 .debug_info    0x000000000000721b     0x10c6 Drivers/STM32F4xx_HAL_Driver/Src/stm32f4xx_hal_usart.o

.debug_abbrev   0x0000000000000000     0x1675
 .debug_abbrev  0x0000000000000000      0x277 Core/Src/main.o
 .debug_abbrev  0x0000000000000277      0x18c Core/Src/stm32f4xx_hal_msp.o
 .debug_abbrev  0x0000000000000403       0xc6 Core/Src/stm32f4xx_it.o
 .debug_abbrev  0x00000000000004c9      0x1bb Core/Src/sysmem.o
 .debug_abbrev  0x0000000000000684      0x12b Core/Src/system_stm32f4xx.o
 .debug_abbrev  0x00000000000007af       0x12 Core/Startup/startup_stm32f413zhtx.o
 .debug_abbrev  0x00000000000007c1      0x1c7 Drivers/STM32F4xx_HAL_Driver/Src/stm32f4xx_hal.o
 .debug_abbrev  0x0000000000000988      0x205 Drivers/STM32F4xx_HAL_Driver/Src/stm32f4xx_hal_adc.o
 .debug_abbrev  0x0000000000000b8d      0x2fa Drivers/STM32F4xx_HAL_Driver/Src/stm32f4xx_hal_cortex.o
 .debug_abbrev  0x0000000000000e87      0x1c9 Drivers/STM32F4xx_HAL_Driver/Src/stm32f4xx_hal_gpio.o
 .debug_abbrev  0x0000000000001050      0x245 Drivers/STM32F4xx_HAL_Driver/Src/stm32f4xx_hal_rcc.o
 .debug_abbrev  0x0000000000001295      0x19e Drivers/STM32F4xx_HAL_Driver/Src/stm32f4xx_hal_rcc_ex.o
 .debug_abbrev  0x0000000000001433      0x242 Drivers/STM32F4xx_HAL_Driver/Src/stm32f4xx_hal_usart.o

.debug_aranges  0x0000000000000000      0x700
 .debug_aranges
                0x0000000000000000       0x48 Core/Src/main.o
 .debug_aranges
                0x0000000000000048       0x40 Core/Src/stm32f4xx_hal_msp.o
 .debug_aranges
                0x0000000000000088       0x60 Core/Src/stm32f4xx_it.o
 .debug_aranges
                0x00000000000000e8       0x20 Core/Src/sysmem.o
 .debug_aranges
                0x0000000000000108       0x28 Core/Src/system_stm32f4xx.o
 .debug_aranges
                0x0000000000000130       0x28 Core/Startup/startup_stm32f413zhtx.o
 .debug_aranges
                0x0000000000000158       0xf0 Drivers/STM32F4xx_HAL_Driver/Src/stm32f4xx_hal.o
 .debug_aranges
                0x0000000000000248       0xe8 Drivers/STM32F4xx_HAL_Driver/Src/stm32f4xx_hal_adc.o
 .debug_aranges
                0x0000000000000330      0x118 Drivers/STM32F4xx_HAL_Driver/Src/stm32f4xx_hal_cortex.o
 .debug_aranges
                0x0000000000000448       0x58 Drivers/STM32F4xx_HAL_Driver/Src/stm32f4xx_hal_gpio.o
 .debug_aranges
                0x00000000000004a0       0x88 Drivers/STM32F4xx_HAL_Driver/Src/stm32f4xx_hal_rcc.o
 .debug_aranges
                0x0000000000000528       0x60 Drivers/STM32F4xx_HAL_Driver/Src/stm32f4xx_hal_rcc_ex.o
 .debug_aranges
                0x0000000000000588      0x178 Drivers/STM32F4xx_HAL_Driver/Src/stm32f4xx_hal_usart.o

.debug_ranges   0x0000000000000000      0x638
 .debug_ranges  0x0000000000000000       0x38 Core/Src/main.o
 .debug_ranges  0x0000000000000038       0x30 Core/Src/stm32f4xx_hal_msp.o
 .debug_ranges  0x0000000000000068       0x50 Core/Src/stm32f4xx_it.o
 .debug_ranges  0x00000000000000b8       0x10 Core/Src/sysmem.o
 .debug_ranges  0x00000000000000c8       0x18 Core/Src/system_stm32f4xx.o
 .debug_ranges  0x00000000000000e0       0x20 Core/Startup/startup_stm32f413zhtx.o
 .debug_ranges  0x0000000000000100       0xe0 Drivers/STM32F4xx_HAL_Driver/Src/stm32f4xx_hal.o
 .debug_ranges  0x00000000000001e0       0xd8 Drivers/STM32F4xx_HAL_Driver/Src/stm32f4xx_hal_adc.o
 .debug_ranges  0x00000000000002b8      0x108 Drivers/STM32F4xx_HAL_Driver/Src/stm32f4xx_hal_cortex.o
 .debug_ranges  0x00000000000003c0       0x48 Drivers/STM32F4xx_HAL_Driver/Src/stm32f4xx_hal_gpio.o
 .debug_ranges  0x0000000000000408       0x78 Drivers/STM32F4xx_HAL_Driver/Src/stm32f4xx_hal_rcc.o
 .debug_ranges  0x0000000000000480       0x50 Drivers/STM32F4xx_HAL_Driver/Src/stm32f4xx_hal_rcc_ex.o
 .debug_ranges  0x00000000000004d0      0x168 Drivers/STM32F4xx_HAL_Driver/Src/stm32f4xx_hal_usart.o

.debug_macro    0x0000000000000000    0x20bb0
 .debug_macro   0x0000000000000000      0x363 Core/Src/main.o
 .debug_macro   0x0000000000000363      0xa5a Core/Src/main.o
 .debug_macro   0x0000000000000dbd      0x18a Core/Src/main.o
 .debug_macro   0x0000000000000f47       0x2e Core/Src/main.o
 .debug_macro   0x0000000000000f75       0x28 Core/Src/main.o
 .debug_macro   0x0000000000000f9d       0x22 Core/Src/main.o
 .debug_macro   0x0000000000000fbf       0x8e Core/Src/main.o
 .debug_macro   0x000000000000104d       0x51 Core/Src/main.o
 .debug_macro   0x000000000000109e       0xef Core/Src/main.o
 .debug_macro   0x000000000000118d       0x6a Core/Src/main.o
 .debug_macro   0x00000000000011f7      0x1df Core/Src/main.o
 .debug_macro   0x00000000000013d6       0x1c Core/Src/main.o
 .debug_macro   0x00000000000013f2       0x22 Core/Src/main.o
 .debug_macro   0x0000000000001414       0xdf Core/Src/main.o
 .debug_macro   0x00000000000014f3     0x102d Core/Src/main.o
 .debug_macro   0x0000000000002520      0x11f Core/Src/main.o
 .debug_macro   0x000000000000263f    0x15a6f Core/Src/main.o
 .debug_macro   0x00000000000180ae       0x43 Core/Src/main.o
 .debug_macro   0x00000000000180f1     0x3659 Core/Src/main.o
 .debug_macro   0x000000000001b74a      0x174 Core/Src/main.o
 .debug_macro   0x000000000001b8be       0x5a Core/Src/main.o
 .debug_macro   0x000000000001b918      0xcdd Core/Src/main.o
 .debug_macro   0x000000000001c5f5      0x9fe Core/Src/main.o
 .debug_macro   0x000000000001cff3      0x173 Core/Src/main.o
 .debug_macro   0x000000000001d166      0x117 Core/Src/main.o
 .debug_macro   0x000000000001d27d      0x202 Core/Src/main.o
 .debug_macro   0x000000000001d47f       0x27 Core/Src/main.o
 .debug_macro   0x000000000001d4a6      0x2bf Core/Src/main.o
 .debug_macro   0x000000000001d765       0x5f Core/Src/main.o
 .debug_macro   0x000000000001d7c4      0x236 Core/Src/main.o
 .debug_macro   0x000000000001d9fa      0x391 Core/Src/main.o
 .debug_macro   0x000000000001dd8b      0x17d Core/Src/main.o
 .debug_macro   0x000000000001df08       0xf9 Core/Src/main.o
 .debug_macro   0x000000000001e001      0x132 Core/Src/main.o
 .debug_macro   0x000000000001e133      0x30c Core/Src/main.o
 .debug_macro   0x000000000001e43f       0x2e Core/Src/main.o
 .debug_macro   0x000000000001e46d      0x11a Core/Src/main.o
 .debug_macro   0x000000000001e587       0x91 Core/Src/main.o
 .debug_macro   0x000000000001e618       0x89 Core/Src/main.o
 .debug_macro   0x000000000001e6a1      0x217 Core/Src/main.o
 .debug_macro   0x000000000001e8b8      0x134 Core/Src/main.o
 .debug_macro   0x000000000001e9ec       0x46 Core/Src/main.o
 .debug_macro   0x000000000001ea32       0x18 Core/Src/main.o
 .debug_macro   0x000000000001ea4a       0x3c Core/Src/main.o
 .debug_macro   0x000000000001ea86       0x34 Core/Src/main.o
 .debug_macro   0x000000000001eaba       0x52 Core/Src/main.o
 .debug_macro   0x000000000001eb0c       0x1f Core/Src/main.o
 .debug_macro   0x000000000001eb2b       0x43 Core/Src/main.o
 .debug_macro   0x000000000001eb6e       0x20 Core/Src/main.o
 .debug_macro   0x000000000001eb8e      0x1a3 Core/Src/main.o
 .debug_macro   0x000000000001ed31      0x32a Core/Src/main.o
 .debug_macro   0x000000000001f05b       0x10 Core/Src/main.o
 .debug_macro   0x000000000001f06b       0x35 Core/Src/main.o
 .debug_macro   0x000000000001f0a0       0x20 Core/Src/main.o
 .debug_macro   0x000000000001f0c0       0x1c Core/Src/main.o
 .debug_macro   0x000000000001f0dc       0x10 Core/Src/main.o
 .debug_macro   0x000000000001f0ec       0x10 Core/Src/main.o
 .debug_macro   0x000000000001f0fc       0x1c Core/Src/main.o
 .debug_macro   0x000000000001f118       0x52 Core/Src/main.o
 .debug_macro   0x000000000001f16a       0x40 Core/Src/main.o
 .debug_macro   0x000000000001f1aa       0x10 Core/Src/main.o
 .debug_macro   0x000000000001f1ba       0x40 Core/Src/main.o
 .debug_macro   0x000000000001f1fa       0xd7 Core/Src/main.o
 .debug_macro   0x000000000001f2d1       0x1c Core/Src/main.o
 .debug_macro   0x000000000001f2ed       0x3d Core/Src/main.o
 .debug_macro   0x000000000001f32a       0x16 Core/Src/main.o
 .debug_macro   0x000000000001f340      0x145 Core/Src/main.o
 .debug_macro   0x000000000001f485      0x1dd Core/Src/stm32f4xx_hal_msp.o
 .debug_macro   0x000000000001f662      0x1e7 Core/Src/stm32f4xx_it.o
 .debug_macro   0x000000000001f849      0x1ae Core/Src/sysmem.o
 .debug_macro   0x000000000001f9f7      0x23b Core/Src/sysmem.o
 .debug_macro   0x000000000001fc32       0x16 Core/Src/sysmem.o
 .debug_macro   0x000000000001fc48      0x1d9 Core/Src/system_stm32f4xx.o
 .debug_macro   0x000000000001fe21      0x233 Drivers/STM32F4xx_HAL_Driver/Src/stm32f4xx_hal.o
 .debug_macro   0x0000000000020054      0x1d4 Drivers/STM32F4xx_HAL_Driver/Src/stm32f4xx_hal_adc.o
 .debug_macro   0x0000000000020228      0x1d3 Drivers/STM32F4xx_HAL_Driver/Src/stm32f4xx_hal_cortex.o
 .debug_macro   0x00000000000203fb      0x209 Drivers/STM32F4xx_HAL_Driver/Src/stm32f4xx_hal_gpio.o
 .debug_macro   0x0000000000020604      0x1f7 Drivers/STM32F4xx_HAL_Driver/Src/stm32f4xx_hal_rcc.o
 .debug_macro   0x00000000000207fb      0x1d3 Drivers/STM32F4xx_HAL_Driver/Src/stm32f4xx_hal_rcc_ex.o
 .debug_macro   0x00000000000209ce      0x1e2 Drivers/STM32F4xx_HAL_Driver/Src/stm32f4xx_hal_usart.o

.debug_line     0x0000000000000000     0x6e76
 .debug_line    0x0000000000000000      0x99e Core/Src/main.o
 .debug_line    0x000000000000099e      0x736 Core/Src/stm32f4xx_hal_msp.o
 .debug_line    0x00000000000010d4      0x77e Core/Src/stm32f4xx_it.o
 .debug_line    0x0000000000001852      0x57c Core/Src/sysmem.o
 .debug_line    0x0000000000001dce      0x6f5 Core/Src/system_stm32f4xx.o
 .debug_line    0x00000000000024c3       0x85 Core/Startup/startup_stm32f413zhtx.o
 .debug_line    0x0000000000002548      0x8df Drivers/STM32F4xx_HAL_Driver/Src/stm32f4xx_hal.o
 .debug_line    0x0000000000002e27      0xb07 Drivers/STM32F4xx_HAL_Driver/Src/stm32f4xx_hal_adc.o
 .debug_line    0x000000000000392e      0xa03 Drivers/STM32F4xx_HAL_Driver/Src/stm32f4xx_hal_cortex.o
 .debug_line    0x0000000000004331      0x8aa Drivers/STM32F4xx_HAL_Driver/Src/stm32f4xx_hal_gpio.o
 .debug_line    0x0000000000004bdb      0x937 Drivers/STM32F4xx_HAL_Driver/Src/stm32f4xx_hal_rcc.o
 .debug_line    0x0000000000005512      0x9e0 Drivers/STM32F4xx_HAL_Driver/Src/stm32f4xx_hal_rcc_ex.o
 .debug_line    0x0000000000005ef2      0xf84 Drivers/STM32F4xx_HAL_Driver/Src/stm32f4xx_hal_usart.o

.debug_str      0x0000000000000000    0xc8e45
 .debug_str     0x0000000000000000    0xc6abd Core/Src/main.o
                                      0xc6e73 (size before relaxing)
 .debug_str     0x00000000000c6abd       0x80 Core/Src/stm32f4xx_hal_msp.o
                                      0xc2bab (size before relaxing)
 .debug_str     0x00000000000c6b3d       0xbd Core/Src/stm32f4xx_it.o
                                      0xc24bd (size before relaxing)
 .debug_str     0x00000000000c6bfa      0x4d1 Core/Src/sysmem.o
                                       0x7adb (size before relaxing)
 .debug_str     0x00000000000c70cb       0xc4 Core/Src/system_stm32f4xx.o
                                      0xc25da (size before relaxing)
 .debug_str     0x00000000000c718f       0x36 Core/Startup/startup_stm32f413zhtx.o
                                         0x5d (size before relaxing)
 .debug_str     0x00000000000c71c5      0xb09 Drivers/STM32F4xx_HAL_Driver/Src/stm32f4xx_hal.o
                                      0xc3159 (size before relaxing)
 .debug_str     0x00000000000c7cce      0x2a2 Drivers/STM32F4xx_HAL_Driver/Src/stm32f4xx_hal_adc.o
                                      0xc2b4d (size before relaxing)
 .debug_str     0x00000000000c7f70      0x392 Drivers/STM32F4xx_HAL_Driver/Src/stm32f4xx_hal_cortex.o
                                      0xc2f24 (size before relaxing)
 .debug_str     0x00000000000c8302      0x215 Drivers/STM32F4xx_HAL_Driver/Src/stm32f4xx_hal_gpio.o
                                      0xc2828 (size before relaxing)
 .debug_str     0x00000000000c8517      0x259 Drivers/STM32F4xx_HAL_Driver/Src/stm32f4xx_hal_rcc.o
                                      0xc29cc (size before relaxing)
 .debug_str     0x00000000000c8770      0x2ba Drivers/STM32F4xx_HAL_Driver/Src/stm32f4xx_hal_rcc_ex.o
                                      0xc2970 (size before relaxing)
 .debug_str     0x00000000000c8a2a      0x41b Drivers/STM32F4xx_HAL_Driver/Src/stm32f4xx_hal_usart.o
                                      0xc2d17 (size before relaxing)

.comment        0x0000000000000000       0x7b
 .comment       0x0000000000000000       0x7b Core/Src/main.o
                                         0x7c (size before relaxing)
 .comment       0x000000000000007b       0x7c Core/Src/stm32f4xx_hal_msp.o
 .comment       0x000000000000007b       0x7c Core/Src/stm32f4xx_it.o
 .comment       0x000000000000007b       0x7c Core/Src/sysmem.o
 .comment       0x000000000000007b       0x7c Core/Src/system_stm32f4xx.o
 .comment       0x000000000000007b       0x7c Drivers/STM32F4xx_HAL_Driver/Src/stm32f4xx_hal.o
 .comment       0x000000000000007b       0x7c Drivers/STM32F4xx_HAL_Driver/Src/stm32f4xx_hal_adc.o
 .comment       0x000000000000007b       0x7c Drivers/STM32F4xx_HAL_Driver/Src/stm32f4xx_hal_cortex.o
 .comment       0x000000000000007b       0x7c Drivers/STM32F4xx_HAL_Driver/Src/stm32f4xx_hal_gpio.o
 .comment       0x000000000000007b       0x7c Drivers/STM32F4xx_HAL_Driver/Src/stm32f4xx_hal_rcc.o
 .comment       0x000000000000007b       0x7c Drivers/STM32F4xx_HAL_Driver/Src/stm32f4xx_hal_rcc_ex.o
 .comment       0x000000000000007b       0x7c Drivers/STM32F4xx_HAL_Driver/Src/stm32f4xx_hal_usart.o

.debug_frame    0x0000000000000000     0x1e84
 .debug_frame   0x0000000000000000       0xd8 Core/Src/main.o
 .debug_frame   0x00000000000000d8       0xc8 Core/Src/stm32f4xx_hal_msp.o
 .debug_frame   0x00000000000001a0      0x10c Core/Src/stm32f4xx_it.o
 .debug_frame   0x00000000000002ac       0x34 Core/Src/sysmem.o
 .debug_frame   0x00000000000002e0       0x58 Core/Src/system_stm32f4xx.o
 .debug_frame   0x0000000000000338      0x374 Drivers/STM32F4xx_HAL_Driver/Src/stm32f4xx_hal.o
 .debug_frame   0x00000000000006ac      0x3fc Drivers/STM32F4xx_HAL_Driver/Src/stm32f4xx_hal_adc.o
 .debug_frame   0x0000000000000aa8      0x498 Drivers/STM32F4xx_HAL_Driver/Src/stm32f4xx_hal_cortex.o
 .debug_frame   0x0000000000000f40      0x14c Drivers/STM32F4xx_HAL_Driver/Src/stm32f4xx_hal_gpio.o
 .debug_frame   0x000000000000108c      0x1f0 Drivers/STM32F4xx_HAL_Driver/Src/stm32f4xx_hal_rcc.o
 .debug_frame   0x000000000000127c      0x16c Drivers/STM32F4xx_HAL_Driver/Src/stm32f4xx_hal_rcc_ex.o
 .debug_frame   0x00000000000013e8      0x6ac Drivers/STM32F4xx_HAL_Driver/Src/stm32f4xx_hal_usart.o
 .debug_frame   0x0000000000001a94       0x20 d:/programs/stm32cubeide_1.3.0/stm32cubeide/plugins/com.st.stm32cube.ide.mcu.externaltools.gnu-tools-for-stm32.7-2018-q2-update.win32_1.0.0.201904181610/tools/bin/../lib/gcc/arm-none-eabi/7.3.1/../../../../arm-none-eabi/lib/thumb/v7e-m/fpv4-sp/hard\libc_nano.a(lib_a-errno.o)
 .debug_frame   0x0000000000001ab4       0x2c d:/programs/stm32cubeide_1.3.0/stm32cubeide/plugins/com.st.stm32cube.ide.mcu.externaltools.gnu-tools-for-stm32.7-2018-q2-update.win32_1.0.0.201904181610/tools/bin/../lib/gcc/arm-none-eabi/7.3.1/../../../../arm-none-eabi/lib/thumb/v7e-m/fpv4-sp/hard\libc_nano.a(lib_a-init.o)
 .debug_frame   0x0000000000001ae0       0x20 d:/programs/stm32cubeide_1.3.0/stm32cubeide/plugins/com.st.stm32cube.ide.mcu.externaltools.gnu-tools-for-stm32.7-2018-q2-update.win32_1.0.0.201904181610/tools/bin/../lib/gcc/arm-none-eabi/7.3.1/../../../../arm-none-eabi/lib/thumb/v7e-m/fpv4-sp/hard\libc_nano.a(lib_a-memset.o)
 .debug_frame   0x0000000000001b00       0x6c d:/programs/stm32cubeide_1.3.0/stm32cubeide/plugins/com.st.stm32cube.ide.mcu.externaltools.gnu-tools-for-stm32.7-2018-q2-update.win32_1.0.0.201904181610/tools/bin/../lib/gcc/arm-none-eabi/7.3.1/../../../../arm-none-eabi/lib/thumb/v7e-m/fpv4-sp/hard\libc_nano.a(lib_a-sprintf.o)
 .debug_frame   0x0000000000001b6c       0x90 d:/programs/stm32cubeide_1.3.0/stm32cubeide/plugins/com.st.stm32cube.ide.mcu.externaltools.gnu-tools-for-stm32.7-2018-q2-update.win32_1.0.0.201904181610/tools/bin/../lib/gcc/arm-none-eabi/7.3.1/../../../../arm-none-eabi/lib/thumb/v7e-m/fpv4-sp/hard\libc_nano.a(lib_a-nano-svfprintf.o)
 .debug_frame   0x0000000000001bfc       0x60 d:/programs/stm32cubeide_1.3.0/stm32cubeide/plugins/com.st.stm32cube.ide.mcu.externaltools.gnu-tools-for-stm32.7-2018-q2-update.win32_1.0.0.201904181610/tools/bin/../lib/gcc/arm-none-eabi/7.3.1/../../../../arm-none-eabi/lib/thumb/v7e-m/fpv4-sp/hard\libc_nano.a(lib_a-nano-vfprintf_i.o)
 .debug_frame   0x0000000000001c5c       0x28 d:/programs/stm32cubeide_1.3.0/stm32cubeide/plugins/com.st.stm32cube.ide.mcu.externaltools.gnu-tools-for-stm32.7-2018-q2-update.win32_1.0.0.201904181610/tools/bin/../lib/gcc/arm-none-eabi/7.3.1/../../../../arm-none-eabi/lib/thumb/v7e-m/fpv4-sp/hard\libc_nano.a(lib_a-memcpy-stub.o)
 .debug_frame   0x0000000000001c84       0x28 d:/programs/stm32cubeide_1.3.0/stm32cubeide/plugins/com.st.stm32cube.ide.mcu.externaltools.gnu-tools-for-stm32.7-2018-q2-update.win32_1.0.0.201904181610/tools/bin/../lib/gcc/arm-none-eabi/7.3.1/../../../../arm-none-eabi/lib/thumb/v7e-m/fpv4-sp/hard\libc_nano.a(lib_a-memmove.o)
 .debug_frame   0x0000000000001cac       0x38 d:/programs/stm32cubeide_1.3.0/stm32cubeide/plugins/com.st.stm32cube.ide.mcu.externaltools.gnu-tools-for-stm32.7-2018-q2-update.win32_1.0.0.201904181610/tools/bin/../lib/gcc/arm-none-eabi/7.3.1/../../../../arm-none-eabi/lib/thumb/v7e-m/fpv4-sp/hard\libc_nano.a(lib_a-nano-freer.o)
 .debug_frame   0x0000000000001ce4       0x2c d:/programs/stm32cubeide_1.3.0/stm32cubeide/plugins/com.st.stm32cube.ide.mcu.externaltools.gnu-tools-for-stm32.7-2018-q2-update.win32_1.0.0.201904181610/tools/bin/../lib/gcc/arm-none-eabi/7.3.1/../../../../arm-none-eabi/lib/thumb/v7e-m/fpv4-sp/hard\libc_nano.a(lib_a-nano-mallocr.o)
 .debug_frame   0x0000000000001d10       0x3c d:/programs/stm32cubeide_1.3.0/stm32cubeide/plugins/com.st.stm32cube.ide.mcu.externaltools.gnu-tools-for-stm32.7-2018-q2-update.win32_1.0.0.201904181610/tools/bin/../lib/gcc/arm-none-eabi/7.3.1/../../../../arm-none-eabi/lib/thumb/v7e-m/fpv4-sp/hard\libc_nano.a(lib_a-nano-reallocr.o)
 .debug_frame   0x0000000000001d4c       0x2c d:/programs/stm32cubeide_1.3.0/stm32cubeide/plugins/com.st.stm32cube.ide.mcu.externaltools.gnu-tools-for-stm32.7-2018-q2-update.win32_1.0.0.201904181610/tools/bin/../lib/gcc/arm-none-eabi/7.3.1/../../../../arm-none-eabi/lib/thumb/v7e-m/fpv4-sp/hard\libc_nano.a(lib_a-sbrkr.o)
 .debug_frame   0x0000000000001d78       0x30 d:/programs/stm32cubeide_1.3.0/stm32cubeide/plugins/com.st.stm32cube.ide.mcu.externaltools.gnu-tools-for-stm32.7-2018-q2-update.win32_1.0.0.201904181610/tools/bin/../lib/gcc/arm-none-eabi/7.3.1/../../../../arm-none-eabi/lib/thumb/v7e-m/fpv4-sp/hard\libc_nano.a(lib_a-mlock.o)
 .debug_frame   0x0000000000001da8       0x20 d:/programs/stm32cubeide_1.3.0/stm32cubeide/plugins/com.st.stm32cube.ide.mcu.externaltools.gnu-tools-for-stm32.7-2018-q2-update.win32_1.0.0.201904181610/tools/bin/../lib/gcc/arm-none-eabi/7.3.1/../../../../arm-none-eabi/lib/thumb/v7e-m/fpv4-sp/hard\libc_nano.a(lib_a-nano-msizer.o)
 .debug_frame   0x0000000000001dc8       0x5c d:/programs/stm32cubeide_1.3.0/stm32cubeide/plugins/com.st.stm32cube.ide.mcu.externaltools.gnu-tools-for-stm32.7-2018-q2-update.win32_1.0.0.201904181610/tools/bin/../lib/gcc/arm-none-eabi/7.3.1/../../../../arm-none-eabi/lib/thumb/v7e-m/fpv4-sp/hard\libc_nano.a(lib_a-reent.o)
 .debug_frame   0x0000000000001e24       0x2c d:/programs/stm32cubeide_1.3.0/stm32cubeide/plugins/com.st.stm32cube.ide.mcu.externaltools.gnu-tools-for-stm32.7-2018-q2-update.win32_1.0.0.201904181610/tools/bin/../lib/gcc/arm-none-eabi/7.3.1/thumb/v7e-m/fpv4-sp/hard\libgcc.a(_aeabi_uldivmod.o)
 .debug_frame   0x0000000000001e50       0x34 d:/programs/stm32cubeide_1.3.0/stm32cubeide/plugins/com.st.stm32cube.ide.mcu.externaltools.gnu-tools-for-stm32.7-2018-q2-update.win32_1.0.0.201904181610/tools/bin/../lib/gcc/arm-none-eabi/7.3.1/thumb/v7e-m/fpv4-sp/hard\libgcc.a(_udivmoddi4.o)
