stm32f4xx_hal_fmpi2c.c:470:19:HAL_FMPI2C_Init	16	static
stm32f4xx_hal_fmpi2c.c:579:19:HAL_FMPI2C_DeInit	16	static
stm32f4xx_hal_fmpi2c.c:625:13:HAL_FMPI2C_MspInit	16	static
stm32f4xx_hal_fmpi2c.c:641:13:HAL_FMPI2C_MspDeInit	16	static
stm32f4xx_hal_fmpi2c.c:1061:19:HAL_FMPI2C_Master_Transmit	40	static
stm32f4xx_hal_fmpi2c.c:1175:19:HAL_FMPI2C_Master_Receive	40	static
stm32f4xx_hal_fmpi2c.c:1288:19:HAL_FMPI2C_Slave_Transmit	40	static
stm32f4xx_hal_fmpi2c.c:1425:19:HAL_FMPI2C_Slave_Receive	40	static
stm32f4xx_hal_fmpi2c.c:1551:19:HAL_FMPI2C_Master_Transmit_IT	40	static
stm32f4xx_hal_fmpi2c.c:1620:19:HAL_FMPI2C_Master_Receive_IT	40	static
stm32f4xx_hal_fmpi2c.c:1687:19:HAL_FMPI2C_Slave_Transmit_IT	24	static
stm32f4xx_hal_fmpi2c.c:1736:19:HAL_FMPI2C_Slave_Receive_IT	24	static
stm32f4xx_hal_fmpi2c.c:1787:19:HAL_FMPI2C_Master_Transmit_DMA	40	static
stm32f4xx_hal_fmpi2c.c:1930:19:HAL_FMPI2C_Master_Receive_DMA	40	static
stm32f4xx_hal_fmpi2c.c:2071:19:HAL_FMPI2C_Slave_Transmit_DMA	32	static
stm32f4xx_hal_fmpi2c.c:2174:19:HAL_FMPI2C_Slave_Receive_DMA	32	static
stm32f4xx_hal_fmpi2c.c:2281:19:HAL_FMPI2C_Mem_Write	40	static
stm32f4xx_hal_fmpi2c.c:2416:19:HAL_FMPI2C_Mem_Read	40	static
stm32f4xx_hal_fmpi2c.c:2549:19:HAL_FMPI2C_Mem_Write_IT	40	static
stm32f4xx_hal_fmpi2c.c:2640:19:HAL_FMPI2C_Mem_Read_IT	40	static
stm32f4xx_hal_fmpi2c.c:2730:19:HAL_FMPI2C_Mem_Write_DMA	48	static
stm32f4xx_hal_fmpi2c.c:2874:19:HAL_FMPI2C_Mem_Read_DMA	48	static
stm32f4xx_hal_fmpi2c.c:3015:19:HAL_FMPI2C_IsDeviceReady	48	static
stm32f4xx_hal_fmpi2c.c:3157:19:HAL_FMPI2C_Master_Seq_Transmit_IT	40	static
stm32f4xx_hal_fmpi2c.c:3241:19:HAL_FMPI2C_Master_Seq_Transmit_DMA	48	static
stm32f4xx_hal_fmpi2c.c:3403:19:HAL_FMPI2C_Master_Seq_Receive_IT	40	static
stm32f4xx_hal_fmpi2c.c:3487:19:HAL_FMPI2C_Master_Seq_Receive_DMA	48	static
stm32f4xx_hal_fmpi2c.c:3647:19:HAL_FMPI2C_Slave_Seq_Transmit_IT	24	static
stm32f4xx_hal_fmpi2c.c:3742:19:HAL_FMPI2C_Slave_Seq_Transmit_DMA	32	static
stm32f4xx_hal_fmpi2c.c:3921:19:HAL_FMPI2C_Slave_Seq_Receive_IT	24	static
stm32f4xx_hal_fmpi2c.c:4016:19:HAL_FMPI2C_Slave_Seq_Receive_DMA	32	static
stm32f4xx_hal_fmpi2c.c:4191:19:HAL_FMPI2C_EnableListen_IT	16	static
stm32f4xx_hal_fmpi2c.c:4215:19:HAL_FMPI2C_DisableListen_IT	24	static
stm32f4xx_hal_fmpi2c.c:4248:19:HAL_FMPI2C_Master_Abort_IT	24	static
stm32f4xx_hal_fmpi2c.c:4298:6:HAL_FMPI2C_EV_IRQHandler	24	static
stm32f4xx_hal_fmpi2c.c:4317:6:HAL_FMPI2C_ER_IRQHandler	32	static
stm32f4xx_hal_fmpi2c.c:4366:13:HAL_FMPI2C_MasterTxCpltCallback	16	static
stm32f4xx_hal_fmpi2c.c:4382:13:HAL_FMPI2C_MasterRxCpltCallback	16	static
stm32f4xx_hal_fmpi2c.c:4397:13:HAL_FMPI2C_SlaveTxCpltCallback	16	static
stm32f4xx_hal_fmpi2c.c:4413:13:HAL_FMPI2C_SlaveRxCpltCallback	16	static
stm32f4xx_hal_fmpi2c.c:4431:13:HAL_FMPI2C_AddrCallback	16	static
stm32f4xx_hal_fmpi2c.c:4449:13:HAL_FMPI2C_ListenCpltCallback	16	static
stm32f4xx_hal_fmpi2c.c:4465:13:HAL_FMPI2C_MemTxCpltCallback	16	static
stm32f4xx_hal_fmpi2c.c:4481:13:HAL_FMPI2C_MemRxCpltCallback	16	static
stm32f4xx_hal_fmpi2c.c:4497:13:HAL_FMPI2C_ErrorCallback	16	static
stm32f4xx_hal_fmpi2c.c:4513:13:HAL_FMPI2C_AbortCpltCallback	16	static
stm32f4xx_hal_fmpi2c.c:4548:25:HAL_FMPI2C_GetState	16	static
stm32f4xx_hal_fmpi2c.c:4560:24:HAL_FMPI2C_GetMode	16	static
stm32f4xx_hal_fmpi2c.c:4571:10:HAL_FMPI2C_GetError	16	static
stm32f4xx_hal_fmpi2c.c:4596:26:FMPI2C_Master_ISR_IT	40	static
stm32f4xx_hal_fmpi2c.c:4733:26:FMPI2C_Slave_ISR_IT	32	static
stm32f4xx_hal_fmpi2c.c:4866:26:FMPI2C_Master_ISR_DMA	40	static
stm32f4xx_hal_fmpi2c.c:5001:26:FMPI2C_Slave_ISR_DMA	32	static
stm32f4xx_hal_fmpi2c.c:5123:26:FMPI2C_RequestMemoryWrite	32	static
stm32f4xx_hal_fmpi2c.c:5176:26:FMPI2C_RequestMemoryRead	32	static
stm32f4xx_hal_fmpi2c.c:5223:13:FMPI2C_ITAddrCplt	24	static
stm32f4xx_hal_fmpi2c.c:5318:13:FMPI2C_ITMasterSeqCplt	16	static
stm32f4xx_hal_fmpi2c.c:5371:13:FMPI2C_ITSlaveSeqCplt	16	static
stm32f4xx_hal_fmpi2c.c:5427:13:FMPI2C_ITMasterCplt	24	static
stm32f4xx_hal_fmpi2c.c:5546:13:FMPI2C_ITSlaveCplt	24	static
stm32f4xx_hal_fmpi2c.c:5683:13:FMPI2C_ITListenCplt	16	static
stm32f4xx_hal_fmpi2c.c:5734:13:FMPI2C_ITError	24	static
stm32f4xx_hal_fmpi2c.c:5852:13:FMPI2C_Flush_TXDR	16	static
stm32f4xx_hal_fmpi2c.c:5873:13:FMPI2C_DMAMasterTransmitCplt	24	static
stm32f4xx_hal_fmpi2c.c:5921:13:FMPI2C_DMASlaveTransmitCplt	24	static
stm32f4xx_hal_fmpi2c.c:5948:13:FMPI2C_DMAMasterReceiveCplt	24	static
stm32f4xx_hal_fmpi2c.c:5996:13:FMPI2C_DMASlaveReceiveCplt	24	static
stm32f4xx_hal_fmpi2c.c:6023:13:FMPI2C_DMAError	24	static
stm32f4xx_hal_fmpi2c.c:6061:13:FMPI2C_DMAAbort	24	static
stm32f4xx_hal_fmpi2c.c:6102:26:FMPI2C_WaitOnFlagUntilTimeout	24	static
stm32f4xx_hal_fmpi2c.c:6132:26:FMPI2C_WaitOnTXISFlagUntilTimeout	24	static
stm32f4xx_hal_fmpi2c.c:6169:26:FMPI2C_WaitOnSTOPFlagUntilTimeout	24	static
stm32f4xx_hal_fmpi2c.c:6203:26:FMPI2C_WaitOnRXNEFlagUntilTimeout	24	static
stm32f4xx_hal_fmpi2c.c:6266:26:FMPI2C_IsAcknowledgeFailed	24	static
stm32f4xx_hal_fmpi2c.c:6334:13:FMPI2C_TransferConfig	24	static
stm32f4xx_hal_fmpi2c.c:6353:13:FMPI2C_Enable_IRQ	24	static
stm32f4xx_hal_fmpi2c.c:6424:13:FMPI2C_Disable_IRQ	24	static
stm32f4xx_hal_fmpi2c.c:6487:13:FMPI2C_ConvertOtherXferOptions	16	static
