Archive member included to satisfy reference by file (symbol)

d:/programs/stm32cubeide_1.3.0/stm32cubeide/plugins/com.st.stm32cube.ide.mcu.externaltools.gnu-tools-for-stm32.7-2018-q2-update.win32_1.0.0.201904181610/tools/bin/../lib/gcc/arm-none-eabi/7.3.1/../../../../arm-none-eabi/lib/thumb/v7e-m/fpv4-sp/hard\libc_nano.a(lib_a-errno.o)
                              Core/Src/syscalls.o (__errno)
d:/programs/stm32cubeide_1.3.0/stm32cubeide/plugins/com.st.stm32cube.ide.mcu.externaltools.gnu-tools-for-stm32.7-2018-q2-update.win32_1.0.0.201904181610/tools/bin/../lib/gcc/arm-none-eabi/7.3.1/../../../../arm-none-eabi/lib/thumb/v7e-m/fpv4-sp/hard\libc_nano.a(lib_a-exit.o)
                              d:/programs/stm32cubeide_1.3.0/stm32cubeide/plugins/com.st.stm32cube.ide.mcu.externaltools.gnu-tools-for-stm32.7-2018-q2-update.win32_1.0.0.201904181610/tools/bin/../lib/gcc/arm-none-eabi/7.3.1/../../../../arm-none-eabi/lib/thumb/v7e-m/fpv4-sp/hard/crt0.o (exit)
d:/programs/stm32cubeide_1.3.0/stm32cubeide/plugins/com.st.stm32cube.ide.mcu.externaltools.gnu-tools-for-stm32.7-2018-q2-update.win32_1.0.0.201904181610/tools/bin/../lib/gcc/arm-none-eabi/7.3.1/../../../../arm-none-eabi/lib/thumb/v7e-m/fpv4-sp/hard\libc_nano.a(lib_a-impure.o)
                              d:/programs/stm32cubeide_1.3.0/stm32cubeide/plugins/com.st.stm32cube.ide.mcu.externaltools.gnu-tools-for-stm32.7-2018-q2-update.win32_1.0.0.201904181610/tools/bin/../lib/gcc/arm-none-eabi/7.3.1/../../../../arm-none-eabi/lib/thumb/v7e-m/fpv4-sp/hard\libc_nano.a(lib_a-exit.o) (_global_impure_ptr)
d:/programs/stm32cubeide_1.3.0/stm32cubeide/plugins/com.st.stm32cube.ide.mcu.externaltools.gnu-tools-for-stm32.7-2018-q2-update.win32_1.0.0.201904181610/tools/bin/../lib/gcc/arm-none-eabi/7.3.1/../../../../arm-none-eabi/lib/thumb/v7e-m/fpv4-sp/hard\libc_nano.a(lib_a-init.o)
                              d:/programs/stm32cubeide_1.3.0/stm32cubeide/plugins/com.st.stm32cube.ide.mcu.externaltools.gnu-tools-for-stm32.7-2018-q2-update.win32_1.0.0.201904181610/tools/bin/../lib/gcc/arm-none-eabi/7.3.1/../../../../arm-none-eabi/lib/thumb/v7e-m/fpv4-sp/hard/crt0.o (__libc_init_array)
d:/programs/stm32cubeide_1.3.0/stm32cubeide/plugins/com.st.stm32cube.ide.mcu.externaltools.gnu-tools-for-stm32.7-2018-q2-update.win32_1.0.0.201904181610/tools/bin/../lib/gcc/arm-none-eabi/7.3.1/../../../../arm-none-eabi/lib/thumb/v7e-m/fpv4-sp/hard\libc_nano.a(lib_a-memset.o)
                              d:/programs/stm32cubeide_1.3.0/stm32cubeide/plugins/com.st.stm32cube.ide.mcu.externaltools.gnu-tools-for-stm32.7-2018-q2-update.win32_1.0.0.201904181610/tools/bin/../lib/gcc/arm-none-eabi/7.3.1/../../../../arm-none-eabi/lib/thumb/v7e-m/fpv4-sp/hard/crt0.o (memset)
d:/programs/stm32cubeide_1.3.0/stm32cubeide/plugins/com.st.stm32cube.ide.mcu.externaltools.gnu-tools-for-stm32.7-2018-q2-update.win32_1.0.0.201904181610/tools/bin/../lib/gcc/arm-none-eabi/7.3.1/thumb/v7e-m/fpv4-sp/hard\libgcc.a(_aeabi_uldivmod.o)
                              Drivers/STM32F4xx_HAL_Driver/Src/stm32f4xx_hal_rcc.o (__aeabi_uldivmod)
d:/programs/stm32cubeide_1.3.0/stm32cubeide/plugins/com.st.stm32cube.ide.mcu.externaltools.gnu-tools-for-stm32.7-2018-q2-update.win32_1.0.0.201904181610/tools/bin/../lib/gcc/arm-none-eabi/7.3.1/thumb/v7e-m/fpv4-sp/hard\libgcc.a(_udivmoddi4.o)
                              d:/programs/stm32cubeide_1.3.0/stm32cubeide/plugins/com.st.stm32cube.ide.mcu.externaltools.gnu-tools-for-stm32.7-2018-q2-update.win32_1.0.0.201904181610/tools/bin/../lib/gcc/arm-none-eabi/7.3.1/thumb/v7e-m/fpv4-sp/hard\libgcc.a(_aeabi_uldivmod.o) (__udivmoddi4)
d:/programs/stm32cubeide_1.3.0/stm32cubeide/plugins/com.st.stm32cube.ide.mcu.externaltools.gnu-tools-for-stm32.7-2018-q2-update.win32_1.0.0.201904181610/tools/bin/../lib/gcc/arm-none-eabi/7.3.1/thumb/v7e-m/fpv4-sp/hard\libgcc.a(_dvmd_tls.o)
                              d:/programs/stm32cubeide_1.3.0/stm32cubeide/plugins/com.st.stm32cube.ide.mcu.externaltools.gnu-tools-for-stm32.7-2018-q2-update.win32_1.0.0.201904181610/tools/bin/../lib/gcc/arm-none-eabi/7.3.1/thumb/v7e-m/fpv4-sp/hard\libgcc.a(_aeabi_uldivmod.o) (__aeabi_ldiv0)

Allocating common symbols
Common symbol       size              file

uwTick              0x4               Drivers/STM32F4xx_HAL_Driver/Src/stm32f4xx_hal.o
pFlash              0x20              Drivers/STM32F4xx_HAL_Driver/Src/stm32f4xx_hal_flash.o
hadc1               0x48              Core/Src/main.o
hdma_adc1           0x60              Core/Src/main.o
husart2             0x44              Core/Src/main.o
adc_buf             0x2000            Core/Src/main.o

Discarded input sections

 .text          0x0000000000000000        0x0 d:/programs/stm32cubeide_1.3.0/stm32cubeide/plugins/com.st.stm32cube.ide.mcu.externaltools.gnu-tools-for-stm32.7-2018-q2-update.win32_1.0.0.201904181610/tools/bin/../lib/gcc/arm-none-eabi/7.3.1/thumb/v7e-m/fpv4-sp/hard/crti.o
[...]
Memory Configuration

Name             Origin             Length             Attributes
RAM              0x0000000020000000 0x0000000000050000 xrw
FLASH            0x0000000008000000 0x0000000000180000 xr
*default*        0x0000000000000000 0xffffffffffffffff

Linker script and memory map

LOAD d:/programs/stm32cubeide_1.3.0/stm32cubeide/plugins/com.st.stm32cube.ide.mcu.externaltools.gnu-tools-for-stm32.7-2018-q2-update.win32_1.0.0.201904181610/tools/bin/../lib/gcc/arm-none-eabi/7.3.1/thumb/v7e-m/fpv4-sp/hard/crti.o
LOAD d:/programs/stm32cubeide_1.3.0/stm32cubeide/plugins/com.st.stm32cube.ide.mcu.externaltools.gnu-tools-for-stm32.7-2018-q2-update.win32_1.0.0.201904181610/tools/bin/../lib/gcc/arm-none-eabi/7.3.1/thumb/v7e-m/fpv4-sp/hard/crtbegin.o
LOAD d:/programs/stm32cubeide_1.3.0/stm32cubeide/plugins/com.st.stm32cube.ide.mcu.externaltools.gnu-tools-for-stm32.7-2018-q2-update.win32_1.0.0.201904181610/tools/bin/../lib/gcc/arm-none-eabi/7.3.1/../../../../arm-none-eabi/lib/thumb/v7e-m/fpv4-sp/hard/crt0.o
LOAD Core/Src/main.o
LOAD Core/Src/stm32f4xx_hal_msp.o
LOAD Core/Src/stm32f4xx_it.o
LOAD Core/Src/syscalls.o
LOAD Core/Src/sysmem.o
LOAD Core/Src/system_stm32f4xx.o
LOAD Core/Startup/startup_stm32f413zhtx.o
LOAD Drivers/STM32F4xx_HAL_Driver/Src/stm32f4xx_hal.o
LOAD Drivers/STM32F4xx_HAL_Driver/Src/stm32f4xx_hal_adc.o
LOAD Drivers/STM32F4xx_HAL_Driver/Src/stm32f4xx_hal_adc_ex.o
LOAD Drivers/STM32F4xx_HAL_Driver/Src/stm32f4xx_hal_cortex.o
LOAD Drivers/STM32F4xx_HAL_Driver/Src/stm32f4xx_hal_dma.o
LOAD Drivers/STM32F4xx_HAL_Driver/Src/stm32f4xx_hal_dma_ex.o
LOAD Drivers/STM32F4xx_HAL_Driver/Src/stm32f4xx_hal_exti.o
LOAD Drivers/STM32F4xx_HAL_Driver/Src/stm32f4xx_hal_flash.o
LOAD Drivers/STM32F4xx_HAL_Driver/Src/stm32f4xx_hal_flash_ex.o
LOAD Drivers/STM32F4xx_HAL_Driver/Src/stm32f4xx_hal_flash_ramfunc.o
LOAD Drivers/STM32F4xx_HAL_Driver/Src/stm32f4xx_hal_gpio.o
LOAD Drivers/STM32F4xx_HAL_Driver/Src/stm32f4xx_hal_pwr.o
LOAD Drivers/STM32F4xx_HAL_Driver/Src/stm32f4xx_hal_pwr_ex.o
LOAD Drivers/STM32F4xx_HAL_Driver/Src/stm32f4xx_hal_rcc.o
LOAD Drivers/STM32F4xx_HAL_Driver/Src/stm32f4xx_hal_rcc_ex.o
LOAD Drivers/STM32F4xx_HAL_Driver/Src/stm32f4xx_hal_tim.o
LOAD Drivers/STM32F4xx_HAL_Driver/Src/stm32f4xx_hal_tim_ex.o
LOAD Drivers/STM32F4xx_HAL_Driver/Src/stm32f4xx_hal_usart.o
START GROUP
LOAD d:/programs/stm32cubeide_1.3.0/stm32cubeide/plugins/com.st.stm32cube.ide.mcu.externaltools.gnu-tools-for-stm32.7-2018-q2-update.win32_1.0.0.201904181610/tools/bin/../lib/gcc/arm-none-eabi/7.3.1/../../../../arm-none-eabi/lib/thumb/v7e-m/fpv4-sp/hard\libc_nano.a
LOAD d:/programs/stm32cubeide_1.3.0/stm32cubeide/plugins/com.st.stm32cube.ide.mcu.externaltools.gnu-tools-for-stm32.7-2018-q2-update.win32_1.0.0.201904181610/tools/bin/../lib/gcc/arm-none-eabi/7.3.1/../../../../arm-none-eabi/lib/thumb/v7e-m/fpv4-sp/hard\libm.a
END GROUP
START GROUP
LOAD d:/programs/stm32cubeide_1.3.0/stm32cubeide/plugins/com.st.stm32cube.ide.mcu.externaltools.gnu-tools-for-stm32.7-2018-q2-update.win32_1.0.0.201904181610/tools/bin/../lib/gcc/arm-none-eabi/7.3.1/thumb/v7e-m/fpv4-sp/hard\libgcc.a
LOAD d:/programs/stm32cubeide_1.3.0/stm32cubeide/plugins/com.st.stm32cube.ide.mcu.externaltools.gnu-tools-for-stm32.7-2018-q2-update.win32_1.0.0.201904181610/tools/bin/../lib/gcc/arm-none-eabi/7.3.1/../../../../arm-none-eabi/lib/thumb/v7e-m/fpv4-sp/hard\libc_nano.a
END GROUP
START GROUP
LOAD d:/programs/stm32cubeide_1.3.0/stm32cubeide/plugins/com.st.stm32cube.ide.mcu.externaltools.gnu-tools-for-stm32.7-2018-q2-update.win32_1.0.0.201904181610/tools/bin/../lib/gcc/arm-none-eabi/7.3.1/thumb/v7e-m/fpv4-sp/hard\libgcc.a
LOAD d:/programs/stm32cubeide_1.3.0/stm32cubeide/plugins/com.st.stm32cube.ide.mcu.externaltools.gnu-tools-for-stm32.7-2018-q2-update.win32_1.0.0.201904181610/tools/bin/../lib/gcc/arm-none-eabi/7.3.1/../../../../arm-none-eabi/lib/thumb/v7e-m/fpv4-sp/hard\libc_nano.a
LOAD d:/programs/stm32cubeide_1.3.0/stm32cubeide/plugins/com.st.stm32cube.ide.mcu.externaltools.gnu-tools-for-stm32.7-2018-q2-update.win32_1.0.0.201904181610/tools/bin/../lib/gcc/arm-none-eabi/7.3.1/../../../../arm-none-eabi/lib/thumb/v7e-m/fpv4-sp/hard\libnosys.a
END GROUP
START GROUP
LOAD d:/programs/stm32cubeide_1.3.0/stm32cubeide/plugins/com.st.stm32cube.ide.mcu.externaltools.gnu-tools-for-stm32.7-2018-q2-update.win32_1.0.0.201904181610/tools/bin/../lib/gcc/arm-none-eabi/7.3.1/thumb/v7e-m/fpv4-sp/hard\libgcc.a
LOAD d:/programs/stm32cubeide_1.3.0/stm32cubeide/plugins/com.st.stm32cube.ide.mcu.externaltools.gnu-tools-for-stm32.7-2018-q2-update.win32_1.0.0.201904181610/tools/bin/../lib/gcc/arm-none-eabi/7.3.1/../../../../arm-none-eabi/lib/thumb/v7e-m/fpv4-sp/hard\libc_nano.a
LOAD d:/programs/stm32cubeide_1.3.0/stm32cubeide/plugins/com.st.stm32cube.ide.mcu.externaltools.gnu-tools-for-stm32.7-2018-q2-update.win32_1.0.0.201904181610/tools/bin/../lib/gcc/arm-none-eabi/7.3.1/../../../../arm-none-eabi/lib/thumb/v7e-m/fpv4-sp/hard\libnosys.a
END GROUP
LOAD d:/programs/stm32cubeide_1.3.0/stm32cubeide/plugins/com.st.stm32cube.ide.mcu.externaltools.gnu-tools-for-stm32.7-2018-q2-update.win32_1.0.0.201904181610/tools/bin/../lib/gcc/arm-none-eabi/7.3.1/thumb/v7e-m/fpv4-sp/hard/crtend.o
LOAD d:/programs/stm32cubeide_1.3.0/stm32cubeide/plugins/com.st.stm32cube.ide.mcu.externaltools.gnu-tools-for-stm32.7-2018-q2-update.win32_1.0.0.201904181610/tools/bin/../lib/gcc/arm-none-eabi/7.3.1/thumb/v7e-m/fpv4-sp/hard/crtn.o
                0x0000000020050000                _estack = (ORIGIN (RAM) + LENGTH (RAM))
                0x0000000000000200                _Min_Heap_Size = 0x200
                0x0000000000000400                _Min_Stack_Size = 0x400

.isr_vector     0x0000000008000000      0x1d8
                0x0000000008000000                . = ALIGN (0x4)
 *(.isr_vector)
 .isr_vector    0x0000000008000000      0x1d8 Core/Startup/startup_stm32f413zhtx.o
                0x0000000008000000                g_pfnVectors
                0x00000000080001d8                . = ALIGN (0x4)

.text           0x00000000080001d8     0x2a94
                0x00000000080001d8                . = ALIGN (0x4)
 *(.text)
 .text          0x00000000080001d8       0x40 d:/programs/stm32cubeide_1.3.0/stm32cubeide/plugins/com.st.stm32cube.ide.mcu.externaltools.gnu-tools-for-stm32.7-2018-q2-update.win32_1.0.0.201904181610/tools/bin/../lib/gcc/arm-none-eabi/7.3.1/thumb/v7e-m/fpv4-sp/hard/crtbegin.o
 .text          0x0000000008000218       0x30 d:/programs/stm32cubeide_1.3.0/stm32cubeide/plugins/com.st.stm32cube.ide.mcu.externaltools.gnu-tools-for-stm32.7-2018-q2-update.win32_1.0.0.201904181610/tools/bin/../lib/gcc/arm-none-eabi/7.3.1/thumb/v7e-m/fpv4-sp/hard\libgcc.a(_aeabi_uldivmod.o)
                0x0000000008000218                __aeabi_uldivmod
 .text          0x0000000008000248      0x2cc d:/programs/stm32cubeide_1.3.0/stm32cubeide/plugins/com.st.stm32cube.ide.mcu.externaltools.gnu-tools-for-stm32.7-2018-q2-update.win32_1.0.0.201904181610/tools/bin/../lib/gcc/arm-none-eabi/7.3.1/thumb/v7e-m/fpv4-sp/hard\libgcc.a(_udivmoddi4.o)
                0x0000000008000248                __udivmoddi4
 .text          0x0000000008000514        0x4 d:/programs/stm32cubeide_1.3.0/stm32cubeide/plugins/com.st.stm32cube.ide.mcu.externaltools.gnu-tools-for-stm32.7-2018-q2-update.win32_1.0.0.201904181610/tools/bin/../lib/gcc/arm-none-eabi/7.3.1/thumb/v7e-m/fpv4-sp/hard\libgcc.a(_dvmd_tls.o)
                0x0000000008000514                __aeabi_idiv0
                0x0000000008000514                __aeabi_ldiv0
 *(.text*)
 .text.main     0x0000000008000518       0x34 Core/Src/main.o
                0x0000000008000518                main
 .text.SystemClock_Config
                0x000000000800054c       0xbc Core/Src/main.o
                0x000000000800054c                SystemClock_Config
 .text.MX_ADC1_Init
                0x0000000008000608       0xa4 Core/Src/main.o
 .text.MX_USART2_Init
                0x00000000080006ac       0x58 Core/Src/main.o
 .text.MX_DMA_Init
                0x0000000008000704       0x40 Core/Src/main.o
 .text.MX_GPIO_Init
                0x0000000008000744       0x68 Core/Src/main.o
 .text.HAL_ADC_ConvHalfCpltCallback
                0x00000000080007ac       0x14 Core/Src/main.o
                0x00000000080007ac                HAL_ADC_ConvHalfCpltCallback
 .text.HAL_ADC_ConvCpltCallback
                0x00000000080007c0       0x14 Core/Src/main.o
                0x00000000080007c0                HAL_ADC_ConvCpltCallback
 .text.Error_Handler
                0x00000000080007d4        0xe Core/Src/main.o
                0x00000000080007d4                Error_Handler
 *fill*         0x00000000080007e2        0x2 
 .text.HAL_MspInit
                0x00000000080007e4       0x50 Core/Src/stm32f4xx_hal_msp.o
                0x00000000080007e4                HAL_MspInit
 .text.HAL_ADC_MspInit
                0x0000000008000834       0xf0 Core/Src/stm32f4xx_hal_msp.o
                0x0000000008000834                HAL_ADC_MspInit
 .text.HAL_USART_MspInit
                0x0000000008000924       0x90 Core/Src/stm32f4xx_hal_msp.o
                0x0000000008000924                HAL_USART_MspInit
 .text.NMI_Handler
                0x00000000080009b4        0xe Core/Src/stm32f4xx_it.o
                0x00000000080009b4                NMI_Handler
 .text.HardFault_Handler
                0x00000000080009c2        0x6 Core/Src/stm32f4xx_it.o
                0x00000000080009c2                HardFault_Handler
 .text.MemManage_Handler
                0x00000000080009c8        0x6 Core/Src/stm32f4xx_it.o
                0x00000000080009c8                MemManage_Handler
 .text.BusFault_Handler
                0x00000000080009ce        0x6 Core/Src/stm32f4xx_it.o
                0x00000000080009ce                BusFault_Handler
 .text.UsageFault_Handler
                0x00000000080009d4        0x6 Core/Src/stm32f4xx_it.o
                0x00000000080009d4                UsageFault_Handler
 .text.SVC_Handler
                0x00000000080009da        0xe Core/Src/stm32f4xx_it.o
                0x00000000080009da                SVC_Handler
 .text.DebugMon_Handler
                0x00000000080009e8        0xe Core/Src/stm32f4xx_it.o
                0x00000000080009e8                DebugMon_Handler
 .text.PendSV_Handler
                0x00000000080009f6        0xe Core/Src/stm32f4xx_it.o
                0x00000000080009f6                PendSV_Handler
 .text.SysTick_Handler
                0x0000000008000a04        0xc Core/Src/stm32f4xx_it.o
                0x0000000008000a04                SysTick_Handler
 .text.DMA2_Stream0_IRQHandler
                0x0000000008000a10       0x14 Core/Src/stm32f4xx_it.o
                0x0000000008000a10                DMA2_Stream0_IRQHandler
 .text.SystemInit
                0x0000000008000a24       0x2c Core/Src/system_stm32f4xx.o
                0x0000000008000a24                SystemInit
 .text.Reset_Handler
                0x0000000008000a50       0x50 Core/Startup/startup_stm32f413zhtx.o
                0x0000000008000a50                Reset_Handler
 .text.Default_Handler
                0x0000000008000aa0        0x2 Core/Startup/startup_stm32f413zhtx.o
                0x0000000008000aa0                RTC_Alarm_IRQHandler
                0x0000000008000aa0                EXTI2_IRQHandler
                0x0000000008000aa0                TIM8_CC_IRQHandler
                0x0000000008000aa0                UART8_IRQHandler
                0x0000000008000aa0                FMPI2C1_EV_IRQHandler
                0x0000000008000aa0                SPI4_IRQHandler
                0x0000000008000aa0                TIM1_CC_IRQHandler
                0x0000000008000aa0                DMA2_Stream5_IRQHandler
                0x0000000008000aa0                DMA1_Stream5_IRQHandler
                0x0000000008000aa0                CAN3_RX1_IRQHandler
                0x0000000008000aa0                PVD_IRQHandler
                0x0000000008000aa0                SDIO_IRQHandler
                0x0000000008000aa0                TAMP_STAMP_IRQHandler
                0x0000000008000aa0                CAN2_RX1_IRQHandler
                0x0000000008000aa0                EXTI3_IRQHandler
                0x0000000008000aa0                TIM8_TRG_COM_TIM14_IRQHandler
                0x0000000008000aa0                DFSDM1_FLT1_IRQHandler
                0x0000000008000aa0                TIM1_UP_TIM10_IRQHandler
                0x0000000008000aa0                TIM8_UP_TIM13_IRQHandler
                0x0000000008000aa0                I2C3_ER_IRQHandler
                0x0000000008000aa0                EXTI0_IRQHandler
                0x0000000008000aa0                I2C2_EV_IRQHandler
                0x0000000008000aa0                DMA1_Stream2_IRQHandler
                0x0000000008000aa0                CAN1_RX0_IRQHandler
                0x0000000008000aa0                FPU_IRQHandler
                0x0000000008000aa0                CAN3_SCE_IRQHandler
                0x0000000008000aa0                CAN2_SCE_IRQHandler
                0x0000000008000aa0                DMA2_Stream2_IRQHandler
                0x0000000008000aa0                SPI1_IRQHandler
                0x0000000008000aa0                TIM6_DAC_IRQHandler
                0x0000000008000aa0                TIM1_BRK_TIM9_IRQHandler
                0x0000000008000aa0                CAN2_RX0_IRQHandler
                0x0000000008000aa0                DMA2_Stream3_IRQHandler
                0x0000000008000aa0                USART6_IRQHandler
                0x0000000008000aa0                CAN3_RX0_IRQHandler
                0x0000000008000aa0                USART3_IRQHandler
                0x0000000008000aa0                DFSDM2_FLT3_IRQHandler
                0x0000000008000aa0                CAN1_RX1_IRQHandler
                0x0000000008000aa0                UART5_IRQHandler
                0x0000000008000aa0                TIM4_IRQHandler
                0x0000000008000aa0                QUADSPI_IRQHandler
                0x0000000008000aa0                I2C1_EV_IRQHandler
                0x0000000008000aa0                DMA1_Stream6_IRQHandler
                0x0000000008000aa0                DMA1_Stream1_IRQHandler
                0x0000000008000aa0                UART4_IRQHandler
                0x0000000008000aa0                TIM3_IRQHandler
                0x0000000008000aa0                RCC_IRQHandler
                0x0000000008000aa0                UART9_IRQHandler
                0x0000000008000aa0                TIM8_BRK_TIM12_IRQHandler
                0x0000000008000aa0                Default_Handler
                0x0000000008000aa0                EXTI15_10_IRQHandler
                0x0000000008000aa0                ADC_IRQHandler
                0x0000000008000aa0                DMA1_Stream7_IRQHandler
                0x0000000008000aa0                DFSDM2_FLT0_IRQHandler
                0x0000000008000aa0                SPI5_IRQHandler
                0x0000000008000aa0                TIM7_IRQHandler
                0x0000000008000aa0                CAN2_TX_IRQHandler
                0x0000000008000aa0                TIM5_IRQHandler
                0x0000000008000aa0                DMA2_Stream7_IRQHandler
                0x0000000008000aa0                I2C3_EV_IRQHandler
                0x0000000008000aa0                DFSDM2_FLT2_IRQHandler
                0x0000000008000aa0                EXTI9_5_IRQHandler
                0x0000000008000aa0                RTC_WKUP_IRQHandler
                0x0000000008000aa0                SPI2_IRQHandler
                0x0000000008000aa0                DMA1_Stream0_IRQHandler
                0x0000000008000aa0                CAN1_TX_IRQHandler
                0x0000000008000aa0                FMPI2C1_ER_IRQHandler
                0x0000000008000aa0                EXTI4_IRQHandler
                0x0000000008000aa0                DFSDM2_FLT1_IRQHandler
                0x0000000008000aa0                RNG_IRQHandler
                0x0000000008000aa0                FSMC_IRQHandler
                0x0000000008000aa0                WWDG_IRQHandler
                0x0000000008000aa0                CAN3_TX_IRQHandler
                0x0000000008000aa0                TIM2_IRQHandler
                0x0000000008000aa0                OTG_FS_WKUP_IRQHandler
                0x0000000008000aa0                TIM1_TRG_COM_TIM11_IRQHandler
                0x0000000008000aa0                EXTI1_IRQHandler
                0x0000000008000aa0                UART7_IRQHandler
                0x0000000008000aa0                USART2_IRQHandler
                0x0000000008000aa0                DFSDM1_FLT0_IRQHandler
                0x0000000008000aa0                I2C2_ER_IRQHandler
                0x0000000008000aa0                DMA2_Stream1_IRQHandler
                0x0000000008000aa0                CAN1_SCE_IRQHandler
                0x0000000008000aa0                FLASH_IRQHandler
                0x0000000008000aa0                DMA2_Stream4_IRQHandler
                0x0000000008000aa0                USART1_IRQHandler
                0x0000000008000aa0                OTG_FS_IRQHandler
                0x0000000008000aa0                SPI3_IRQHandler
                0x0000000008000aa0                DMA1_Stream4_IRQHandler
                0x0000000008000aa0                I2C1_ER_IRQHandler
                0x0000000008000aa0                LPTIM1_IRQHandler
                0x0000000008000aa0                DMA2_Stream6_IRQHandler
                0x0000000008000aa0                UART10_IRQHandler
                0x0000000008000aa0                SAI1_IRQHandler
                0x0000000008000aa0                DMA1_Stream3_IRQHandler
 *fill*         0x0000000008000aa2        0x2 
 .text.HAL_Init
                0x0000000008000aa4       0x44 Drivers/STM32F4xx_HAL_Driver/Src/stm32f4xx_hal.o
                0x0000000008000aa4                HAL_Init
 .text.HAL_InitTick
                0x0000000008000ae8       0x60 Drivers/STM32F4xx_HAL_Driver/Src/stm32f4xx_hal.o
                0x0000000008000ae8                HAL_InitTick
 .text.HAL_IncTick
                0x0000000008000b48       0x28 Drivers/STM32F4xx_HAL_Driver/Src/stm32f4xx_hal.o
                0x0000000008000b48                HAL_IncTick
 .text.HAL_GetTick
                0x0000000008000b70       0x18 Drivers/STM32F4xx_HAL_Driver/Src/stm32f4xx_hal.o
                0x0000000008000b70                HAL_GetTick
 .text.HAL_ADC_Init
                0x0000000008000b88       0x86 Drivers/STM32F4xx_HAL_Driver/Src/stm32f4xx_hal_adc.o
                0x0000000008000b88                HAL_ADC_Init
 *fill*         0x0000000008000c0e        0x2 
 .text.HAL_ADC_Start_DMA
                0x0000000008000c10      0x1a8 Drivers/STM32F4xx_HAL_Driver/Src/stm32f4xx_hal_adc.o
                0x0000000008000c10                HAL_ADC_Start_DMA
 .text.HAL_ADC_ErrorCallback
                0x0000000008000db8       0x14 Drivers/STM32F4xx_HAL_Driver/Src/stm32f4xx_hal_adc.o
                0x0000000008000db8                HAL_ADC_ErrorCallback
 .text.HAL_ADC_ConfigChannel
                0x0000000008000dcc      0x264 Drivers/STM32F4xx_HAL_Driver/Src/stm32f4xx_hal_adc.o
                0x0000000008000dcc                HAL_ADC_ConfigChannel
 .text.ADC_Init
                0x0000000008001030      0x1f8 Drivers/STM32F4xx_HAL_Driver/Src/stm32f4xx_hal_adc.o
 .text.ADC_DMAConvCplt
                0x0000000008001228       0xba Drivers/STM32F4xx_HAL_Driver/Src/stm32f4xx_hal_adc.o
 .text.ADC_DMAHalfConvCplt
                0x00000000080012e2       0x1c Drivers/STM32F4xx_HAL_Driver/Src/stm32f4xx_hal_adc.o
 .text.ADC_DMAError
                0x00000000080012fe       0x2e Drivers/STM32F4xx_HAL_Driver/Src/stm32f4xx_hal_adc.o
 .text.__NVIC_SetPriorityGrouping
                0x000000000800132c       0x48 Drivers/STM32F4xx_HAL_Driver/Src/stm32f4xx_hal_cortex.o
 .text.__NVIC_GetPriorityGrouping
                0x0000000008001374       0x1c Drivers/STM32F4xx_HAL_Driver/Src/stm32f4xx_hal_cortex.o
 .text.__NVIC_EnableIRQ
                0x0000000008001390       0x3c Drivers/STM32F4xx_HAL_Driver/Src/stm32f4xx_hal_cortex.o
 .text.__NVIC_SetPriority
                0x00000000080013cc       0x54 Drivers/STM32F4xx_HAL_Driver/Src/stm32f4xx_hal_cortex.o
 .text.NVIC_EncodePriority
                0x0000000008001420       0x66 Drivers/STM32F4xx_HAL_Driver/Src/stm32f4xx_hal_cortex.o
 *fill*         0x0000000008001486        0x2 
 .text.SysTick_Config
                0x0000000008001488       0x44 Drivers/STM32F4xx_HAL_Driver/Src/stm32f4xx_hal_cortex.o
 .text.HAL_NVIC_SetPriorityGrouping
                0x00000000080014cc       0x16 Drivers/STM32F4xx_HAL_Driver/Src/stm32f4xx_hal_cortex.o
                0x00000000080014cc                HAL_NVIC_SetPriorityGrouping
 .text.HAL_NVIC_SetPriority
                0x00000000080014e2       0x38 Drivers/STM32F4xx_HAL_Driver/Src/stm32f4xx_hal_cortex.o
                0x00000000080014e2                HAL_NVIC_SetPriority
 .text.HAL_NVIC_EnableIRQ
                0x000000000800151a       0x1c Drivers/STM32F4xx_HAL_Driver/Src/stm32f4xx_hal_cortex.o
                0x000000000800151a                HAL_NVIC_EnableIRQ
 .text.HAL_SYSTICK_Config
                0x0000000008001536       0x18 Drivers/STM32F4xx_HAL_Driver/Src/stm32f4xx_hal_cortex.o
                0x0000000008001536                HAL_SYSTICK_Config
 *fill*         0x000000000800154e        0x2 
 .text.HAL_DMA_Init
                0x0000000008001550      0x15c Drivers/STM32F4xx_HAL_Driver/Src/stm32f4xx_hal_dma.o
                0x0000000008001550                HAL_DMA_Init
 .text.HAL_DMA_Start_IT
                0x00000000080016ac       0xb0 Drivers/STM32F4xx_HAL_Driver/Src/stm32f4xx_hal_dma.o
                0x00000000080016ac                HAL_DMA_Start_IT
 .text.HAL_DMA_IRQHandler
                0x000000000800175c      0x314 Drivers/STM32F4xx_HAL_Driver/Src/stm32f4xx_hal_dma.o
                0x000000000800175c                HAL_DMA_IRQHandler
 .text.DMA_SetConfig
                0x0000000008001a70       0x5c Drivers/STM32F4xx_HAL_Driver/Src/stm32f4xx_hal_dma.o
 .text.DMA_CalcBaseAndBitshift
                0x0000000008001acc       0x6c Drivers/STM32F4xx_HAL_Driver/Src/stm32f4xx_hal_dma.o
 .text.DMA_CheckFifoParam
                0x0000000008001b38       0xf4 Drivers/STM32F4xx_HAL_Driver/Src/stm32f4xx_hal_dma.o
 .text.HAL_GPIO_Init
                0x0000000008001c2c      0x324 Drivers/STM32F4xx_HAL_Driver/Src/stm32f4xx_hal_gpio.o
                0x0000000008001c2c                HAL_GPIO_Init
 .text.HAL_GPIO_WritePin
                0x0000000008001f50       0x32 Drivers/STM32F4xx_HAL_Driver/Src/stm32f4xx_hal_gpio.o
                0x0000000008001f50                HAL_GPIO_WritePin
 *fill*         0x0000000008001f82        0x2 
 .text.HAL_RCC_ClockConfig
                0x0000000008001f84      0x1cc Drivers/STM32F4xx_HAL_Driver/Src/stm32f4xx_hal_rcc.o
                0x0000000008001f84                HAL_RCC_ClockConfig
 .text.HAL_RCC_GetSysClockFreq
                0x0000000008002150      0x164 Drivers/STM32F4xx_HAL_Driver/Src/stm32f4xx_hal_rcc.o
                0x0000000008002150                HAL_RCC_GetSysClockFreq
 .text.HAL_RCC_GetHCLKFreq
                0x00000000080022b4       0x18 Drivers/STM32F4xx_HAL_Driver/Src/stm32f4xx_hal_rcc.o
                0x00000000080022b4                HAL_RCC_GetHCLKFreq
 .text.HAL_RCC_GetPCLK1Freq
                0x00000000080022cc       0x28 Drivers/STM32F4xx_HAL_Driver/Src/stm32f4xx_hal_rcc.o
                0x00000000080022cc                HAL_RCC_GetPCLK1Freq
 .text.HAL_RCC_GetPCLK2Freq
                0x00000000080022f4       0x28 Drivers/STM32F4xx_HAL_Driver/Src/stm32f4xx_hal_rcc.o
                0x00000000080022f4                HAL_RCC_GetPCLK2Freq
 .text.HAL_RCC_OscConfig
                0x000000000800231c      0x484 Drivers/STM32F4xx_HAL_Driver/Src/stm32f4xx_hal_rcc_ex.o
                0x000000000800231c                HAL_RCC_OscConfig
 .text.HAL_USART_Init
                0x00000000080027a0       0x82 Drivers/STM32F4xx_HAL_Driver/Src/stm32f4xx_hal_usart.o
                0x00000000080027a0                HAL_USART_Init
 *fill*         0x0000000008002822        0x2 
 .text.USART_SetConfig
                0x0000000008002824      0x3d8 Drivers/STM32F4xx_HAL_Driver/Src/stm32f4xx_hal_usart.o
 .text.__libc_init_array
                0x0000000008002bfc       0x48 d:/programs/stm32cubeide_1.3.0/stm32cubeide/plugins/com.st.stm32cube.ide.mcu.externaltools.gnu-tools-for-stm32.7-2018-q2-update.win32_1.0.0.201904181610/tools/bin/../lib/gcc/arm-none-eabi/7.3.1/../../../../arm-none-eabi/lib/thumb/v7e-m/fpv4-sp/hard\libc_nano.a(lib_a-init.o)
                0x0000000008002bfc                __libc_init_array
 .text.memset   0x0000000008002c44       0x10 d:/programs/stm32cubeide_1.3.0/stm32cubeide/plugins/com.st.stm32cube.ide.mcu.externaltools.gnu-tools-for-stm32.7-2018-q2-update.win32_1.0.0.201904181610/tools/bin/../lib/gcc/arm-none-eabi/7.3.1/../../../../arm-none-eabi/lib/thumb/v7e-m/fpv4-sp/hard\libc_nano.a(lib_a-memset.o)
                0x0000000008002c44                memset
 *(.glue_7)
 .glue_7        0x0000000008002c54        0x0 linker stubs
 *(.glue_7t)
 .glue_7t       0x0000000008002c54        0x0 linker stubs
 *(.eh_frame)
 .eh_frame      0x0000000008002c54        0x0 d:/programs/stm32cubeide_1.3.0/stm32cubeide/plugins/com.st.stm32cube.ide.mcu.externaltools.gnu-tools-for-stm32.7-2018-q2-update.win32_1.0.0.201904181610/tools/bin/../lib/gcc/arm-none-eabi/7.3.1/thumb/v7e-m/fpv4-sp/hard/crtbegin.o
 *(.init)
 .init          0x0000000008002c54        0x4 d:/programs/stm32cubeide_1.3.0/stm32cubeide/plugins/com.st.stm32cube.ide.mcu.externaltools.gnu-tools-for-stm32.7-2018-q2-update.win32_1.0.0.201904181610/tools/bin/../lib/gcc/arm-none-eabi/7.3.1/thumb/v7e-m/fpv4-sp/hard/crti.o
                0x0000000008002c54                _init
 .init          0x0000000008002c58        0x8 d:/programs/stm32cubeide_1.3.0/stm32cubeide/plugins/com.st.stm32cube.ide.mcu.externaltools.gnu-tools-for-stm32.7-2018-q2-update.win32_1.0.0.201904181610/tools/bin/../lib/gcc/arm-none-eabi/7.3.1/thumb/v7e-m/fpv4-sp/hard/crtn.o
 *(.fini)
 .fini          0x0000000008002c60        0x4 d:/programs/stm32cubeide_1.3.0/stm32cubeide/plugins/com.st.stm32cube.ide.mcu.externaltools.gnu-tools-for-stm32.7-2018-q2-update.win32_1.0.0.201904181610/tools/bin/../lib/gcc/arm-none-eabi/7.3.1/thumb/v7e-m/fpv4-sp/hard/crti.o
                0x0000000008002c60                _fini
 .fini          0x0000000008002c64        0x8 d:/programs/stm32cubeide_1.3.0/stm32cubeide/plugins/com.st.stm32cube.ide.mcu.externaltools.gnu-tools-for-stm32.7-2018-q2-update.win32_1.0.0.201904181610/tools/bin/../lib/gcc/arm-none-eabi/7.3.1/thumb/v7e-m/fpv4-sp/hard/crtn.o
                0x0000000008002c6c                . = ALIGN (0x4)
                0x0000000008002c6c                _etext = .

.vfp11_veneer   0x0000000008002c6c        0x0
 .vfp11_veneer  0x0000000008002c6c        0x0 linker stubs

.v4_bx          0x0000000008002c6c        0x0
 .v4_bx         0x0000000008002c6c        0x0 linker stubs

.iplt           0x0000000008002c6c        0x0
 .iplt          0x0000000008002c6c        0x0 d:/programs/stm32cubeide_1.3.0/stm32cubeide/plugins/com.st.stm32cube.ide.mcu.externaltools.gnu-tools-for-stm32.7-2018-q2-update.win32_1.0.0.201904181610/tools/bin/../lib/gcc/arm-none-eabi/7.3.1/thumb/v7e-m/fpv4-sp/hard/crtbegin.o

.rodata         0x0000000008002c6c       0x20
                0x0000000008002c6c                . = ALIGN (0x4)
 *(.rodata)
 *(.rodata*)
 .rodata.AHBPrescTable
                0x0000000008002c6c       0x10 Core/Src/system_stm32f4xx.o
                0x0000000008002c6c                AHBPrescTable
 .rodata.APBPrescTable
                0x0000000008002c7c        0x8 Core/Src/system_stm32f4xx.o
                0x0000000008002c7c                APBPrescTable
 .rodata.flagBitshiftOffset.7788
                0x0000000008002c84        0x8 Drivers/STM32F4xx_HAL_Driver/Src/stm32f4xx_hal_dma.o
                0x0000000008002c8c                . = ALIGN (0x4)

.ARM.extab      0x0000000008002c8c        0x0
                0x0000000008002c8c                . = ALIGN (0x4)
 *(.ARM.extab* .gnu.linkonce.armextab.*)
                0x0000000008002c8c                . = ALIGN (0x4)

.ARM            0x0000000008002c8c        0x8
                0x0000000008002c8c                . = ALIGN (0x4)
                0x0000000008002c8c                __exidx_start = .
 *(.ARM.exidx*)
 .ARM.exidx     0x0000000008002c8c        0x8 d:/programs/stm32cubeide_1.3.0/stm32cubeide/plugins/com.st.stm32cube.ide.mcu.externaltools.gnu-tools-for-stm32.7-2018-q2-update.win32_1.0.0.201904181610/tools/bin/../lib/gcc/arm-none-eabi/7.3.1/thumb/v7e-m/fpv4-sp/hard\libgcc.a(_udivmoddi4.o)
                0x0000000008002c94                __exidx_end = .
                0x0000000008002c94                . = ALIGN (0x4)

.rel.dyn        0x0000000008002c94        0x0
 .rel.iplt      0x0000000008002c94        0x0 d:/programs/stm32cubeide_1.3.0/stm32cubeide/plugins/com.st.stm32cube.ide.mcu.externaltools.gnu-tools-for-stm32.7-2018-q2-update.win32_1.0.0.201904181610/tools/bin/../lib/gcc/arm-none-eabi/7.3.1/thumb/v7e-m/fpv4-sp/hard/crtbegin.o

.preinit_array  0x0000000008002c94        0x0
                0x0000000008002c94                . = ALIGN (0x4)
                0x0000000008002c94                PROVIDE (__preinit_array_start = .)
 *(.preinit_array*)
                0x0000000008002c94                PROVIDE (__preinit_array_end = .)
                0x0000000008002c94                . = ALIGN (0x4)

.init_array     0x0000000008002c94        0x4
                0x0000000008002c94                . = ALIGN (0x4)
                0x0000000008002c94                PROVIDE (__init_array_start = .)
 *(SORT_BY_NAME(.init_array.*))
 *(.init_array*)
 .init_array    0x0000000008002c94        0x4 d:/programs/stm32cubeide_1.3.0/stm32cubeide/plugins/com.st.stm32cube.ide.mcu.externaltools.gnu-tools-for-stm32.7-2018-q2-update.win32_1.0.0.201904181610/tools/bin/../lib/gcc/arm-none-eabi/7.3.1/thumb/v7e-m/fpv4-sp/hard/crtbegin.o
                0x0000000008002c98                PROVIDE (__init_array_end = .)
                0x0000000008002c98                . = ALIGN (0x4)

.fini_array     0x0000000008002c98        0x4
                0x0000000008002c98                . = ALIGN (0x4)
                [!provide]                        PROVIDE (__fini_array_start = .)
 *(SORT_BY_NAME(.fini_array.*))
 *(.fini_array*)
 .fini_array    0x0000000008002c98        0x4 d:/programs/stm32cubeide_1.3.0/stm32cubeide/plugins/com.st.stm32cube.ide.mcu.externaltools.gnu-tools-for-stm32.7-2018-q2-update.win32_1.0.0.201904181610/tools/bin/../lib/gcc/arm-none-eabi/7.3.1/thumb/v7e-m/fpv4-sp/hard/crtbegin.o
                [!provide]                        PROVIDE (__fini_array_end = .)
                0x0000000008002c9c                . = ALIGN (0x4)
                0x0000000008002c9c                _sidata = LOADADDR (.data)

.data           0x0000000020000000        0xc load address 0x0000000008002c9c
                0x0000000020000000                . = ALIGN (0x4)
                0x0000000020000000                _sdata = .
 *(.data)
 *(.data*)
 .data.SystemCoreClock
                0x0000000020000000        0x4 Core/Src/system_stm32f4xx.o
                0x0000000020000000                SystemCoreClock
 .data.uwTickPrio
                0x0000000020000004        0x4 Drivers/STM32F4xx_HAL_Driver/Src/stm32f4xx_hal.o
                0x0000000020000004                uwTickPrio
 .data.uwTickFreq
                0x0000000020000008        0x1 Drivers/STM32F4xx_HAL_Driver/Src/stm32f4xx_hal.o
                0x0000000020000008                uwTickFreq
                0x000000002000000c                . = ALIGN (0x4)
 *fill*         0x0000000020000009        0x3 
                0x000000002000000c                _edata = .

.igot.plt       0x000000002000000c        0x0 load address 0x0000000008002ca8
 .igot.plt      0x000000002000000c        0x0 d:/programs/stm32cubeide_1.3.0/stm32cubeide/plugins/com.st.stm32cube.ide.mcu.externaltools.gnu-tools-for-stm32.7-2018-q2-update.win32_1.0.0.201904181610/tools/bin/../lib/gcc/arm-none-eabi/7.3.1/thumb/v7e-m/fpv4-sp/hard/crtbegin.o
                0x000000002000000c                . = ALIGN (0x4)

.bss            0x000000002000000c     0x210c load address 0x0000000008002ca8
                0x000000002000000c                _sbss = .
                0x000000002000000c                __bss_start__ = _sbss
 *(.bss)
 .bss           0x000000002000000c       0x1c d:/programs/stm32cubeide_1.3.0/stm32cubeide/plugins/com.st.stm32cube.ide.mcu.externaltools.gnu-tools-for-stm32.7-2018-q2-update.win32_1.0.0.201904181610/tools/bin/../lib/gcc/arm-none-eabi/7.3.1/thumb/v7e-m/fpv4-sp/hard/crtbegin.o
 *(.bss*)
 *(COMMON)
 COMMON         0x0000000020000028     0x20ec Core/Src/main.o
                0x0000000020000028                hadc1
                0x0000000020000070                hdma_adc1
                0x00000000200000d0                husart2
                0x0000000020000114                adc_buf
 COMMON         0x0000000020002114        0x4 Drivers/STM32F4xx_HAL_Driver/Src/stm32f4xx_hal.o
                0x0000000020002114                uwTick
                0x0000000020002118                . = ALIGN (0x4)
                0x0000000020002118                _ebss = .
                0x0000000020002118                __bss_end__ = _ebss

._user_heap_stack
                0x0000000020002118      0x600 load address 0x0000000008002ca8
                0x0000000020002118                . = ALIGN (0x8)
                0x0000000020002118                PROVIDE (end = .)
                [!provide]                        PROVIDE (_end = .)
                0x0000000020002318                . = (. + _Min_Heap_Size)
 *fill*         0x0000000020002118      0x200 
                0x0000000020002718                . = (. + _Min_Stack_Size)
 *fill*         0x0000000020002318      0x400 
                0x0000000020002718                . = ALIGN (0x8)

/DISCARD/
 libc.a(*)
 libm.a(*)
 libgcc.a(*)

.ARM.attributes
                0x0000000000000000       0x30
 *(.ARM.attributes)
 .ARM.attributes
                0x0000000000000000       0x22 d:/programs/stm32cubeide_1.3.0/stm32cubeide/plugins/com.st.stm32cube.ide.mcu.externaltools.gnu-tools-for-stm32.7-2018-q2-update.win32_1.0.0.201904181610/tools/bin/../lib/gcc/arm-none-eabi/7.3.1/thumb/v7e-m/fpv4-sp/hard/crti.o
 .ARM.attributes
                0x0000000000000022       0x34 d:/programs/stm32cubeide_1.3.0/stm32cubeide/plugins/com.st.stm32cube.ide.mcu.externaltools.gnu-tools-for-stm32.7-2018-q2-update.win32_1.0.0.201904181610/tools/bin/../lib/gcc/arm-none-eabi/7.3.1/thumb/v7e-m/fpv4-sp/hard/crtbegin.o
 .ARM.attributes
                0x0000000000000056       0x39 Core/Src/main.o
 .ARM.attributes
                0x000000000000008f       0x39 Core/Src/stm32f4xx_hal_msp.o
 .ARM.attributes
                0x00000000000000c8       0x39 Core/Src/stm32f4xx_it.o
 .ARM.attributes
                0x0000000000000101       0x39 Core/Src/system_stm32f4xx.o
 .ARM.attributes
                0x000000000000013a       0x21 Core/Startup/startup_stm32f413zhtx.o
 .ARM.attributes
                0x000000000000015b       0x39 Drivers/STM32F4xx_HAL_Driver/Src/stm32f4xx_hal.o
 .ARM.attributes
                0x0000000000000194       0x39 Drivers/STM32F4xx_HAL_Driver/Src/stm32f4xx_hal_adc.o
 .ARM.attributes
                0x00000000000001cd       0x39 Drivers/STM32F4xx_HAL_Driver/Src/stm32f4xx_hal_cortex.o
 .ARM.attributes
                0x0000000000000206       0x39 Drivers/STM32F4xx_HAL_Driver/Src/stm32f4xx_hal_dma.o
 .ARM.attributes
                0x000000000000023f       0x39 Drivers/STM32F4xx_HAL_Driver/Src/stm32f4xx_hal_gpio.o
 .ARM.attributes
                0x0000000000000278       0x39 Drivers/STM32F4xx_HAL_Driver/Src/stm32f4xx_hal_rcc.o
 .ARM.attributes
                0x00000000000002b1       0x39 Drivers/STM32F4xx_HAL_Driver/Src/stm32f4xx_hal_rcc_ex.o
 .ARM.attributes
                0x00000000000002ea       0x39 Drivers/STM32F4xx_HAL_Driver/Src/stm32f4xx_hal_usart.o
 .ARM.attributes
                0x0000000000000323       0x34 d:/programs/stm32cubeide_1.3.0/stm32cubeide/plugins/com.st.stm32cube.ide.mcu.externaltools.gnu-tools-for-stm32.7-2018-q2-update.win32_1.0.0.201904181610/tools/bin/../lib/gcc/arm-none-eabi/7.3.1/../../../../arm-none-eabi/lib/thumb/v7e-m/fpv4-sp/hard\libc_nano.a(lib_a-init.o)
 .ARM.attributes
                0x0000000000000357       0x34 d:/programs/stm32cubeide_1.3.0/stm32cubeide/plugins/com.st.stm32cube.ide.mcu.externaltools.gnu-tools-for-stm32.7-2018-q2-update.win32_1.0.0.201904181610/tools/bin/../lib/gcc/arm-none-eabi/7.3.1/../../../../arm-none-eabi/lib/thumb/v7e-m/fpv4-sp/hard\libc_nano.a(lib_a-memset.o)
 .ARM.attributes
                0x000000000000038b       0x22 d:/programs/stm32cubeide_1.3.0/stm32cubeide/plugins/com.st.stm32cube.ide.mcu.externaltools.gnu-tools-for-stm32.7-2018-q2-update.win32_1.0.0.201904181610/tools/bin/../lib/gcc/arm-none-eabi/7.3.1/thumb/v7e-m/fpv4-sp/hard\libgcc.a(_aeabi_uldivmod.o)
 .ARM.attributes
                0x00000000000003ad       0x34 d:/programs/stm32cubeide_1.3.0/stm32cubeide/plugins/com.st.stm32cube.ide.mcu.externaltools.gnu-tools-for-stm32.7-2018-q2-update.win32_1.0.0.201904181610/tools/bin/../lib/gcc/arm-none-eabi/7.3.1/thumb/v7e-m/fpv4-sp/hard\libgcc.a(_udivmoddi4.o)
 .ARM.attributes
                0x00000000000003e1       0x22 d:/programs/stm32cubeide_1.3.0/stm32cubeide/plugins/com.st.stm32cube.ide.mcu.externaltools.gnu-tools-for-stm32.7-2018-q2-update.win32_1.0.0.201904181610/tools/bin/../lib/gcc/arm-none-eabi/7.3.1/thumb/v7e-m/fpv4-sp/hard\libgcc.a(_dvmd_tls.o)
 .ARM.attributes
                0x0000000000000403       0x22 d:/programs/stm32cubeide_1.3.0/stm32cubeide/plugins/com.st.stm32cube.ide.mcu.externaltools.gnu-tools-for-stm32.7-2018-q2-update.win32_1.0.0.201904181610/tools/bin/../lib/gcc/arm-none-eabi/7.3.1/thumb/v7e-m/fpv4-sp/hard/crtn.o
OUTPUT(lab3task3.elf elf32-littlearm)

.debug_info     0x0000000000000000     0x88bf
 .debug_info    0x0000000000000000     0x1906 Core/Src/main.o
 .debug_info    0x0000000000001906      0xc6f Core/Src/stm32f4xx_hal_msp.o
 .debug_info    0x0000000000002575      0x473 Core/Src/stm32f4xx_it.o
 .debug_info    0x00000000000029e8      0x588 Core/Src/system_stm32f4xx.o
 .debug_info    0x0000000000002f70       0x22 Core/Startup/startup_stm32f413zhtx.o
 .debug_info    0x0000000000002f92      0x9c7 Drivers/STM32F4xx_HAL_Driver/Src/stm32f4xx_hal.o
 .debug_info    0x0000000000003959      0xcee Drivers/STM32F4xx_HAL_Driver/Src/stm32f4xx_hal_adc.o
 .debug_info    0x0000000000004647      0xe76 Drivers/STM32F4xx_HAL_Driver/Src/stm32f4xx_hal_cortex.o
 .debug_info    0x00000000000054bd      0x968 Drivers/STM32F4xx_HAL_Driver/Src/stm32f4xx_hal_dma.o
 .debug_info    0x0000000000005e25      0x81d Drivers/STM32F4xx_HAL_Driver/Src/stm32f4xx_hal_gpio.o
 .debug_info    0x0000000000006642      0x944 Drivers/STM32F4xx_HAL_Driver/Src/stm32f4xx_hal_rcc.o
 .debug_info    0x0000000000006f86      0x873 Drivers/STM32F4xx_HAL_Driver/Src/stm32f4xx_hal_rcc_ex.o
 .debug_info    0x00000000000077f9     0x10c6 Drivers/STM32F4xx_HAL_Driver/Src/stm32f4xx_hal_usart.o

.debug_abbrev   0x0000000000000000     0x1789
 .debug_abbrev  0x0000000000000000      0x29a Core/Src/main.o
 .debug_abbrev  0x000000000000029a      0x18c Core/Src/stm32f4xx_hal_msp.o
 .debug_abbrev  0x0000000000000426      0x149 Core/Src/stm32f4xx_it.o
 .debug_abbrev  0x000000000000056f      0x12b Core/Src/system_stm32f4xx.o
 .debug_abbrev  0x000000000000069a       0x12 Core/Startup/startup_stm32f413zhtx.o
 .debug_abbrev  0x00000000000006ac      0x1c7 Drivers/STM32F4xx_HAL_Driver/Src/stm32f4xx_hal.o
 .debug_abbrev  0x0000000000000873      0x205 Drivers/STM32F4xx_HAL_Driver/Src/stm32f4xx_hal_adc.o
 .debug_abbrev  0x0000000000000a78      0x2fa Drivers/STM32F4xx_HAL_Driver/Src/stm32f4xx_hal_cortex.o
 .debug_abbrev  0x0000000000000d72      0x229 Drivers/STM32F4xx_HAL_Driver/Src/stm32f4xx_hal_dma.o
 .debug_abbrev  0x0000000000000f9b      0x1c9 Drivers/STM32F4xx_HAL_Driver/Src/stm32f4xx_hal_gpio.o
 .debug_abbrev  0x0000000000001164      0x245 Drivers/STM32F4xx_HAL_Driver/Src/stm32f4xx_hal_rcc.o
 .debug_abbrev  0x00000000000013a9      0x19e Drivers/STM32F4xx_HAL_Driver/Src/stm32f4xx_hal_rcc_ex.o
 .debug_abbrev  0x0000000000001547      0x242 Drivers/STM32F4xx_HAL_Driver/Src/stm32f4xx_hal_usart.o

.debug_aranges  0x0000000000000000      0x790
 .debug_aranges
                0x0000000000000000       0x60 Core/Src/main.o
 .debug_aranges
                0x0000000000000060       0x40 Core/Src/stm32f4xx_hal_msp.o
 .debug_aranges
                0x00000000000000a0       0x68 Core/Src/stm32f4xx_it.o
 .debug_aranges
                0x0000000000000108       0x28 Core/Src/system_stm32f4xx.o
 .debug_aranges
                0x0000000000000130       0x28 Core/Startup/startup_stm32f413zhtx.o
 .debug_aranges
                0x0000000000000158       0xf0 Drivers/STM32F4xx_HAL_Driver/Src/stm32f4xx_hal.o
 .debug_aranges
                0x0000000000000248       0xe8 Drivers/STM32F4xx_HAL_Driver/Src/stm32f4xx_hal_adc.o
 .debug_aranges
                0x0000000000000330      0x118 Drivers/STM32F4xx_HAL_Driver/Src/stm32f4xx_hal_cortex.o
 .debug_aranges
                0x0000000000000448       0x90 Drivers/STM32F4xx_HAL_Driver/Src/stm32f4xx_hal_dma.o
 .debug_aranges
                0x00000000000004d8       0x58 Drivers/STM32F4xx_HAL_Driver/Src/stm32f4xx_hal_gpio.o
 .debug_aranges
                0x0000000000000530       0x88 Drivers/STM32F4xx_HAL_Driver/Src/stm32f4xx_hal_rcc.o
 .debug_aranges
                0x00000000000005b8       0x60 Drivers/STM32F4xx_HAL_Driver/Src/stm32f4xx_hal_rcc_ex.o
 .debug_aranges
                0x0000000000000618      0x178 Drivers/STM32F4xx_HAL_Driver/Src/stm32f4xx_hal_usart.o

.debug_ranges   0x0000000000000000      0x6c8
 .debug_ranges  0x0000000000000000       0x50 Core/Src/main.o
 .debug_ranges  0x0000000000000050       0x30 Core/Src/stm32f4xx_hal_msp.o
 .debug_ranges  0x0000000000000080       0x58 Core/Src/stm32f4xx_it.o
 .debug_ranges  0x00000000000000d8       0x18 Core/Src/system_stm32f4xx.o
 .debug_ranges  0x00000000000000f0       0x20 Core/Startup/startup_stm32f413zhtx.o
 .debug_ranges  0x0000000000000110       0xe0 Drivers/STM32F4xx_HAL_Driver/Src/stm32f4xx_hal.o
 .debug_ranges  0x00000000000001f0       0xd8 Drivers/STM32F4xx_HAL_Driver/Src/stm32f4xx_hal_adc.o
 .debug_ranges  0x00000000000002c8      0x108 Drivers/STM32F4xx_HAL_Driver/Src/stm32f4xx_hal_cortex.o
 .debug_ranges  0x00000000000003d0       0x80 Drivers/STM32F4xx_HAL_Driver/Src/stm32f4xx_hal_dma.o
 .debug_ranges  0x0000000000000450       0x48 Drivers/STM32F4xx_HAL_Driver/Src/stm32f4xx_hal_gpio.o
 .debug_ranges  0x0000000000000498       0x78 Drivers/STM32F4xx_HAL_Driver/Src/stm32f4xx_hal_rcc.o
 .debug_ranges  0x0000000000000510       0x50 Drivers/STM32F4xx_HAL_Driver/Src/stm32f4xx_hal_rcc_ex.o
 .debug_ranges  0x0000000000000560      0x168 Drivers/STM32F4xx_HAL_Driver/Src/stm32f4xx_hal_usart.o

.debug_macro    0x0000000000000000    0x20990
 .debug_macro   0x0000000000000000      0x369 Core/Src/main.o
 .debug_macro   0x0000000000000369      0xa5a Core/Src/main.o
 .debug_macro   0x0000000000000dc3      0x18a Core/Src/main.o
 .debug_macro   0x0000000000000f4d       0x2e Core/Src/main.o
 .debug_macro   0x0000000000000f7b       0x28 Core/Src/main.o
 .debug_macro   0x0000000000000fa3       0x22 Core/Src/main.o
 .debug_macro   0x0000000000000fc5       0x8e Core/Src/main.o
 .debug_macro   0x0000000000001053       0x51 Core/Src/main.o
 .debug_macro   0x00000000000010a4       0xef Core/Src/main.o
 .debug_macro   0x0000000000001193       0x6a Core/Src/main.o
 .debug_macro   0x00000000000011fd      0x1df Core/Src/main.o
 .debug_macro   0x00000000000013dc       0x1c Core/Src/main.o
 .debug_macro   0x00000000000013f8       0x22 Core/Src/main.o
 .debug_macro   0x000000000000141a       0xdf Core/Src/main.o
 .debug_macro   0x00000000000014f9     0x102d Core/Src/main.o
 .debug_macro   0x0000000000002526      0x11f Core/Src/main.o
 .debug_macro   0x0000000000002645    0x15a6f Core/Src/main.o
 .debug_macro   0x00000000000180b4       0x43 Core/Src/main.o
 .debug_macro   0x00000000000180f7     0x3659 Core/Src/main.o
 .debug_macro   0x000000000001b750      0x174 Core/Src/main.o
 .debug_macro   0x000000000001b8c4       0x5a Core/Src/main.o
 .debug_macro   0x000000000001b91e      0xcdd Core/Src/main.o
 .debug_macro   0x000000000001c5fb      0x9fe Core/Src/main.o
 .debug_macro   0x000000000001cff9      0x173 Core/Src/main.o
 .debug_macro   0x000000000001d16c      0x117 Core/Src/main.o
 .debug_macro   0x000000000001d283      0x202 Core/Src/main.o
 .debug_macro   0x000000000001d485       0x27 Core/Src/main.o
 .debug_macro   0x000000000001d4ac      0x2bf Core/Src/main.o
 .debug_macro   0x000000000001d76b       0x5f Core/Src/main.o
 .debug_macro   0x000000000001d7ca      0x236 Core/Src/main.o
 .debug_macro   0x000000000001da00      0x391 Core/Src/main.o
 .debug_macro   0x000000000001dd91      0x17d Core/Src/main.o
 .debug_macro   0x000000000001df0e       0xf9 Core/Src/main.o
 .debug_macro   0x000000000001e007      0x132 Core/Src/main.o
 .debug_macro   0x000000000001e139      0x30c Core/Src/main.o
 .debug_macro   0x000000000001e445       0x2e Core/Src/main.o
 .debug_macro   0x000000000001e473      0x11a Core/Src/main.o
 .debug_macro   0x000000000001e58d       0x91 Core/Src/main.o
 .debug_macro   0x000000000001e61e       0x89 Core/Src/main.o
 .debug_macro   0x000000000001e6a7      0x217 Core/Src/main.o
 .debug_macro   0x000000000001e8be      0x134 Core/Src/main.o
 .debug_macro   0x000000000001e9f2       0x46 Core/Src/main.o
 .debug_macro   0x000000000001ea38       0x18 Core/Src/main.o
 .debug_macro   0x000000000001ea50       0x3c Core/Src/main.o
 .debug_macro   0x000000000001ea8c       0x34 Core/Src/main.o
 .debug_macro   0x000000000001eac0       0x52 Core/Src/main.o
 .debug_macro   0x000000000001eb12       0x1f Core/Src/main.o
 .debug_macro   0x000000000001eb31       0x43 Core/Src/main.o
 .debug_macro   0x000000000001eb74       0x20 Core/Src/main.o
 .debug_macro   0x000000000001eb94      0x1a3 Core/Src/main.o
 .debug_macro   0x000000000001ed37      0x32a Core/Src/main.o
 .debug_macro   0x000000000001f061       0x10 Core/Src/main.o
 .debug_macro   0x000000000001f071       0x35 Core/Src/main.o
 .debug_macro   0x000000000001f0a6       0x20 Core/Src/main.o
 .debug_macro   0x000000000001f0c6       0x1c Core/Src/main.o
 .debug_macro   0x000000000001f0e2       0x10 Core/Src/main.o
 .debug_macro   0x000000000001f0f2       0x10 Core/Src/main.o
 .debug_macro   0x000000000001f102       0x1c Core/Src/main.o
 .debug_macro   0x000000000001f11e       0x52 Core/Src/main.o
 .debug_macro   0x000000000001f170       0x40 Core/Src/main.o
 .debug_macro   0x000000000001f1b0       0x10 Core/Src/main.o
 .debug_macro   0x000000000001f1c0       0x40 Core/Src/main.o
 .debug_macro   0x000000000001f200       0xd7 Core/Src/main.o
 .debug_macro   0x000000000001f2d7       0x1c Core/Src/main.o
 .debug_macro   0x000000000001f2f3       0x3d Core/Src/main.o
 .debug_macro   0x000000000001f330       0x16 Core/Src/main.o
 .debug_macro   0x000000000001f346      0x145 Core/Src/main.o
 .debug_macro   0x000000000001f48b      0x1dd Core/Src/stm32f4xx_hal_msp.o
 .debug_macro   0x000000000001f668      0x1e7 Core/Src/stm32f4xx_it.o
 .debug_macro   0x000000000001f84f      0x1d9 Core/Src/system_stm32f4xx.o
 .debug_macro   0x000000000001fa28      0x233 Drivers/STM32F4xx_HAL_Driver/Src/stm32f4xx_hal.o
 .debug_macro   0x000000000001fc5b      0x1d4 Drivers/STM32F4xx_HAL_Driver/Src/stm32f4xx_hal_adc.o
 .debug_macro   0x000000000001fe2f      0x1d3 Drivers/STM32F4xx_HAL_Driver/Src/stm32f4xx_hal_cortex.o
 .debug_macro   0x0000000000020002      0x1d9 Drivers/STM32F4xx_HAL_Driver/Src/stm32f4xx_hal_dma.o
 .debug_macro   0x00000000000201db      0x209 Drivers/STM32F4xx_HAL_Driver/Src/stm32f4xx_hal_gpio.o
 .debug_macro   0x00000000000203e4      0x1f7 Drivers/STM32F4xx_HAL_Driver/Src/stm32f4xx_hal_rcc.o
 .debug_macro   0x00000000000205db      0x1d3 Drivers/STM32F4xx_HAL_Driver/Src/stm32f4xx_hal_rcc_ex.o
 .debug_macro   0x00000000000207ae      0x1e2 Drivers/STM32F4xx_HAL_Driver/Src/stm32f4xx_hal_usart.o

.debug_line     0x0000000000000000     0x72d1
 .debug_line    0x0000000000000000      0x9a8 Core/Src/main.o
 .debug_line    0x00000000000009a8      0x744 Core/Src/stm32f4xx_hal_msp.o
 .debug_line    0x00000000000010ec      0x790 Core/Src/stm32f4xx_it.o
 .debug_line    0x000000000000187c      0x6f5 Core/Src/system_stm32f4xx.o
 .debug_line    0x0000000000001f71       0x85 Core/Startup/startup_stm32f413zhtx.o
 .debug_line    0x0000000000001ff6      0x8df Drivers/STM32F4xx_HAL_Driver/Src/stm32f4xx_hal.o
 .debug_line    0x00000000000028d5      0xb07 Drivers/STM32F4xx_HAL_Driver/Src/stm32f4xx_hal_adc.o
 .debug_line    0x00000000000033dc      0xa03 Drivers/STM32F4xx_HAL_Driver/Src/stm32f4xx_hal_cortex.o
 .debug_line    0x0000000000003ddf      0x9ad Drivers/STM32F4xx_HAL_Driver/Src/stm32f4xx_hal_dma.o
 .debug_line    0x000000000000478c      0x8aa Drivers/STM32F4xx_HAL_Driver/Src/stm32f4xx_hal_gpio.o
 .debug_line    0x0000000000005036      0x937 Drivers/STM32F4xx_HAL_Driver/Src/stm32f4xx_hal_rcc.o
 .debug_line    0x000000000000596d      0x9e0 Drivers/STM32F4xx_HAL_Driver/Src/stm32f4xx_hal_rcc_ex.o
 .debug_line    0x000000000000634d      0xf84 Drivers/STM32F4xx_HAL_Driver/Src/stm32f4xx_hal_usart.o

.debug_str      0x0000000000000000    0xc8cd6
 .debug_str     0x0000000000000000    0xc70a1 Core/Src/main.o
                                      0xc7482 (size before relaxing)
 .debug_str     0x00000000000c70a1       0x7b Core/Src/stm32f4xx_hal_msp.o
                                      0xc2be0 (size before relaxing)
 .debug_str     0x00000000000c711c       0xd5 Core/Src/stm32f4xx_it.o
                                      0xc2730 (size before relaxing)
 .debug_str     0x00000000000c71f1       0xc4 Core/Src/system_stm32f4xx.o
                                      0xc25df (size before relaxing)
 .debug_str     0x00000000000c72b5       0x36 Core/Startup/startup_stm32f413zhtx.o
                                         0x62 (size before relaxing)
 .debug_str     0x00000000000c72eb      0x58d Drivers/STM32F4xx_HAL_Driver/Src/stm32f4xx_hal.o
                                      0xc315e (size before relaxing)
 .debug_str     0x00000000000c7878      0x26c Drivers/STM32F4xx_HAL_Driver/Src/stm32f4xx_hal_adc.o
                                      0xc2b52 (size before relaxing)
 .debug_str     0x00000000000c7ae4      0x392 Drivers/STM32F4xx_HAL_Driver/Src/stm32f4xx_hal_cortex.o
                                      0xc2f29 (size before relaxing)
 .debug_str     0x00000000000c7e76      0x31d Drivers/STM32F4xx_HAL_Driver/Src/stm32f4xx_hal_dma.o
                                      0xc29d0 (size before relaxing)
 .debug_str     0x00000000000c8193      0x215 Drivers/STM32F4xx_HAL_Driver/Src/stm32f4xx_hal_gpio.o
                                      0xc282d (size before relaxing)
 .debug_str     0x00000000000c83a8      0x259 Drivers/STM32F4xx_HAL_Driver/Src/stm32f4xx_hal_rcc.o
                                      0xc29d1 (size before relaxing)
 .debug_str     0x00000000000c8601      0x2ba Drivers/STM32F4xx_HAL_Driver/Src/stm32f4xx_hal_rcc_ex.o
                                      0xc2975 (size before relaxing)
 .debug_str     0x00000000000c88bb      0x41b Drivers/STM32F4xx_HAL_Driver/Src/stm32f4xx_hal_usart.o
                                      0xc2d1c (size before relaxing)

.comment        0x0000000000000000       0x7b
 .comment       0x0000000000000000       0x7b Core/Src/main.o
                                         0x7c (size before relaxing)
 .comment       0x000000000000007b       0x7c Core/Src/stm32f4xx_hal_msp.o
 .comment       0x000000000000007b       0x7c Core/Src/stm32f4xx_it.o
 .comment       0x000000000000007b       0x7c Core/Src/system_stm32f4xx.o
 .comment       0x000000000000007b       0x7c Drivers/STM32F4xx_HAL_Driver/Src/stm32f4xx_hal.o
 .comment       0x000000000000007b       0x7c Drivers/STM32F4xx_HAL_Driver/Src/stm32f4xx_hal_adc.o
 .comment       0x000000000000007b       0x7c Drivers/STM32F4xx_HAL_Driver/Src/stm32f4xx_hal_cortex.o
 .comment       0x000000000000007b       0x7c Drivers/STM32F4xx_HAL_Driver/Src/stm32f4xx_hal_dma.o
 .comment       0x000000000000007b       0x7c Drivers/STM32F4xx_HAL_Driver/Src/stm32f4xx_hal_gpio.o
 .comment       0x000000000000007b       0x7c Drivers/STM32F4xx_HAL_Driver/Src/stm32f4xx_hal_rcc.o
 .comment       0x000000000000007b       0x7c Drivers/STM32F4xx_HAL_Driver/Src/stm32f4xx_hal_rcc_ex.o
 .comment       0x000000000000007b       0x7c Drivers/STM32F4xx_HAL_Driver/Src/stm32f4xx_hal_usart.o

.debug_frame    0x0000000000000000     0x1de8
 .debug_frame   0x0000000000000000      0x148 Core/Src/main.o
 .debug_frame   0x0000000000000148       0xc8 Core/Src/stm32f4xx_hal_msp.o
 .debug_frame   0x0000000000000210      0x128 Core/Src/stm32f4xx_it.o
 .debug_frame   0x0000000000000338       0x58 Core/Src/system_stm32f4xx.o
 .debug_frame   0x0000000000000390      0x374 Drivers/STM32F4xx_HAL_Driver/Src/stm32f4xx_hal.o
 .debug_frame   0x0000000000000704      0x3fc Drivers/STM32F4xx_HAL_Driver/Src/stm32f4xx_hal_adc.o
 .debug_frame   0x0000000000000b00      0x498 Drivers/STM32F4xx_HAL_Driver/Src/stm32f4xx_hal_cortex.o
 .debug_frame   0x0000000000000f98      0x250 Drivers/STM32F4xx_HAL_Driver/Src/stm32f4xx_hal_dma.o
 .debug_frame   0x00000000000011e8      0x14c Drivers/STM32F4xx_HAL_Driver/Src/stm32f4xx_hal_gpio.o
 .debug_frame   0x0000000000001334      0x1f0 Drivers/STM32F4xx_HAL_Driver/Src/stm32f4xx_hal_rcc.o
 .debug_frame   0x0000000000001524      0x16c Drivers/STM32F4xx_HAL_Driver/Src/stm32f4xx_hal_rcc_ex.o
 .debug_frame   0x0000000000001690      0x6ac Drivers/STM32F4xx_HAL_Driver/Src/stm32f4xx_hal_usart.o
 .debug_frame   0x0000000000001d3c       0x2c d:/programs/stm32cubeide_1.3.0/stm32cubeide/plugins/com.st.stm32cube.ide.mcu.externaltools.gnu-tools-for-stm32.7-2018-q2-update.win32_1.0.0.201904181610/tools/bin/../lib/gcc/arm-none-eabi/7.3.1/../../../../arm-none-eabi/lib/thumb/v7e-m/fpv4-sp/hard\libc_nano.a(lib_a-init.o)
 .debug_frame   0x0000000000001d68       0x20 d:/programs/stm32cubeide_1.3.0/stm32cubeide/plugins/com.st.stm32cube.ide.mcu.externaltools.gnu-tools-for-stm32.7-2018-q2-update.win32_1.0.0.201904181610/tools/bin/../lib/gcc/arm-none-eabi/7.3.1/../../../../arm-none-eabi/lib/thumb/v7e-m/fpv4-sp/hard\libc_nano.a(lib_a-memset.o)
 .debug_frame   0x0000000000001d88       0x2c d:/programs/stm32cubeide_1.3.0/stm32cubeide/plugins/com.st.stm32cube.ide.mcu.externaltools.gnu-tools-for-stm32.7-2018-q2-update.win32_1.0.0.201904181610/tools/bin/../lib/gcc/arm-none-eabi/7.3.1/thumb/v7e-m/fpv4-sp/hard\libgcc.a(_aeabi_uldivmod.o)
 .debug_frame   0x0000000000001db4       0x34 d:/programs/stm32cubeide_1.3.0/stm32cubeide/plugins/com.st.stm32cube.ide.mcu.externaltools.gnu-tools-for-stm32.7-2018-q2-update.win32_1.0.0.201904181610/tools/bin/../lib/gcc/arm-none-eabi/7.3.1/thumb/v7e-m/fpv4-sp/hard\libgcc.a(_udivmoddi4.o)
