Archive member included to satisfy reference by file (symbol)

d:/programs/stm32cubeide_1.3.0/stm32cubeide/plugins/com.st.stm32cube.ide.mcu.externaltools.gnu-tools-for-stm32.7-2018-q2-update.win32_1.0.0.201904181610/tools/bin/../lib/gcc/arm-none-eabi/7.3.1/../../../../arm-none-eabi/lib/thumb/v7e-m/fpv4-sp/hard\libc_nano.a(lib_a-errno.o)
                              Core/Src/syscalls.o (__errno)
d:/programs/stm32cubeide_1.3.0/stm32cubeide/plugins/com.st.stm32cube.ide.mcu.externaltools.gnu-tools-for-stm32.7-2018-q2-update.win32_1.0.0.201904181610/tools/bin/../lib/gcc/arm-none-eabi/7.3.1/../../../../arm-none-eabi/lib/thumb/v7e-m/fpv4-sp/hard\libc_nano.a(lib_a-exit.o)
                              d:/programs/stm32cubeide_1.3.0/stm32cubeide/plugins/com.st.stm32cube.ide.mcu.externaltools.gnu-tools-for-stm32.7-2018-q2-update.win32_1.0.0.201904181610/tools/bin/../lib/gcc/arm-none-eabi/7.3.1/../../../../arm-none-eabi/lib/thumb/v7e-m/fpv4-sp/hard/crt0.o (exit)
d:/programs/stm32cubeide_1.3.0/stm32cubeide/plugins/com.st.stm32cube.ide.mcu.externaltools.gnu-tools-for-stm32.7-2018-q2-update.win32_1.0.0.201904181610/tools/bin/../lib/gcc/arm-none-eabi/7.3.1/../../../../arm-none-eabi/lib/thumb/v7e-m/fpv4-sp/hard\libc_nano.a(lib_a-impure.o)
                              d:/programs/stm32cubeide_1.3.0/stm32cubeide/plugins/com.st.stm32cube.ide.mcu.externaltools.gnu-tools-for-stm32.7-2018-q2-update.win32_1.0.0.201904181610/tools/bin/../lib/gcc/arm-none-eabi/7.3.1/../../../../arm-none-eabi/lib/thumb/v7e-m/fpv4-sp/hard\libc_nano.a(lib_a-exit.o) (_global_impure_ptr)
d:/programs/stm32cubeide_1.3.0/stm32cubeide/plugins/com.st.stm32cube.ide.mcu.externaltools.gnu-tools-for-stm32.7-2018-q2-update.win32_1.0.0.201904181610/tools/bin/../lib/gcc/arm-none-eabi/7.3.1/../../../../arm-none-eabi/lib/thumb/v7e-m/fpv4-sp/hard\libc_nano.a(lib_a-init.o)
                              d:/programs/stm32cubeide_1.3.0/stm32cubeide/plugins/com.st.stm32cube.ide.mcu.externaltools.gnu-tools-for-stm32.7-2018-q2-update.win32_1.0.0.201904181610/tools/bin/../lib/gcc/arm-none-eabi/7.3.1/../../../../arm-none-eabi/lib/thumb/v7e-m/fpv4-sp/hard/crt0.o (__libc_init_array)
d:/programs/stm32cubeide_1.3.0/stm32cubeide/plugins/com.st.stm32cube.ide.mcu.externaltools.gnu-tools-for-stm32.7-2018-q2-update.win32_1.0.0.201904181610/tools/bin/../lib/gcc/arm-none-eabi/7.3.1/../../../../arm-none-eabi/lib/thumb/v7e-m/fpv4-sp/hard\libc_nano.a(lib_a-memcpy-stub.o)
                              Middlewares/Third_Party/FreeRTOS/Source/CMSIS_RTOS_V2/cmsis_os2.o (memcpy)
d:/programs/stm32cubeide_1.3.0/stm32cubeide/plugins/com.st.stm32cube.ide.mcu.externaltools.gnu-tools-for-stm32.7-2018-q2-update.win32_1.0.0.201904181610/tools/bin/../lib/gcc/arm-none-eabi/7.3.1/../../../../arm-none-eabi/lib/thumb/v7e-m/fpv4-sp/hard\libc_nano.a(lib_a-memset.o)
                              d:/programs/stm32cubeide_1.3.0/stm32cubeide/plugins/com.st.stm32cube.ide.mcu.externaltools.gnu-tools-for-stm32.7-2018-q2-update.win32_1.0.0.201904181610/tools/bin/../lib/gcc/arm-none-eabi/7.3.1/../../../../arm-none-eabi/lib/thumb/v7e-m/fpv4-sp/hard/crt0.o (memset)
d:/programs/stm32cubeide_1.3.0/stm32cubeide/plugins/com.st.stm32cube.ide.mcu.externaltools.gnu-tools-for-stm32.7-2018-q2-update.win32_1.0.0.201904181610/tools/bin/../lib/gcc/arm-none-eabi/7.3.1/thumb/v7e-m/fpv4-sp/hard\libgcc.a(_aeabi_uldivmod.o)
                              Drivers/STM32F4xx_HAL_Driver/Src/stm32f4xx_hal_rcc.o (__aeabi_uldivmod)
d:/programs/stm32cubeide_1.3.0/stm32cubeide/plugins/com.st.stm32cube.ide.mcu.externaltools.gnu-tools-for-stm32.7-2018-q2-update.win32_1.0.0.201904181610/tools/bin/../lib/gcc/arm-none-eabi/7.3.1/thumb/v7e-m/fpv4-sp/hard\libgcc.a(_udivmoddi4.o)
                              d:/programs/stm32cubeide_1.3.0/stm32cubeide/plugins/com.st.stm32cube.ide.mcu.externaltools.gnu-tools-for-stm32.7-2018-q2-update.win32_1.0.0.201904181610/tools/bin/../lib/gcc/arm-none-eabi/7.3.1/thumb/v7e-m/fpv4-sp/hard\libgcc.a(_aeabi_uldivmod.o) (__udivmoddi4)
d:/programs/stm32cubeide_1.3.0/stm32cubeide/plugins/com.st.stm32cube.ide.mcu.externaltools.gnu-tools-for-stm32.7-2018-q2-update.win32_1.0.0.201904181610/tools/bin/../lib/gcc/arm-none-eabi/7.3.1/thumb/v7e-m/fpv4-sp/hard\libgcc.a(_dvmd_tls.o)
                              d:/programs/stm32cubeide_1.3.0/stm32cubeide/plugins/com.st.stm32cube.ide.mcu.externaltools.gnu-tools-for-stm32.7-2018-q2-update.win32_1.0.0.201904181610/tools/bin/../lib/gcc/arm-none-eabi/7.3.1/thumb/v7e-m/fpv4-sp/hard\libgcc.a(_aeabi_uldivmod.o) (__aeabi_ldiv0)

Allocating common symbols
Common symbol       size              file

uwTick              0x4               Drivers/STM32F4xx_HAL_Driver/Src/stm32f4xx_hal.o
xQueueRegistry      0x40              Middlewares/Third_Party/FreeRTOS/Source/queue.o
pFlash              0x20              Drivers/STM32F4xx_HAL_Driver/Src/stm32f4xx_hal_flash.o
htim6               0x40              Core/Src/stm32f4xx_hal_timebase_tim.o
huart2              0x40              Core/Src/main.o
[...]
Memory Configuration

Name             Origin             Length             Attributes
RAM              0x0000000020000000 0x0000000000050000 xrw
FLASH            0x0000000008000000 0x0000000000180000 xr
*default*        0x0000000000000000 0xffffffffffffffff

Linker script and memory map

LOAD d:/programs/stm32cubeide_1.3.0/stm32cubeide/plugins/com.st.stm32cube.ide.mcu.externaltools.gnu-tools-for-stm32.7-2018-q2-update.win32_1.0.0.201904181610/tools/bin/../lib/gcc/arm-none-eabi/7.3.1/thumb/v7e-m/fpv4-sp/hard/crti.o
LOAD d:/programs/stm32cubeide_1.3.0/stm32cubeide/plugins/com.st.stm32cube.ide.mcu.externaltools.gnu-tools-for-stm32.7-2018-q2-update.win32_1.0.0.201904181610/tools/bin/../lib/gcc/arm-none-eabi/7.3.1/thumb/v7e-m/fpv4-sp/hard/crtbegin.o
LOAD d:/programs/stm32cubeide_1.3.0/stm32cubeide/plugins/com.st.stm32cube.ide.mcu.externaltools.gnu-tools-for-stm32.7-2018-q2-update.win32_1.0.0.201904181610/tools/bin/../lib/gcc/arm-none-eabi/7.3.1/../../../../arm-none-eabi/lib/thumb/v7e-m/fpv4-sp/hard/crt0.o
LOAD Core/Src/freertos.o
LOAD Core/Src/main.o
LOAD Core/Src/stm32f4xx_hal_msp.o
LOAD Core/Src/stm32f4xx_hal_timebase_tim.o
LOAD Core/Src/stm32f4xx_it.o
LOAD Core/Src/syscalls.o
LOAD Core/Src/sysmem.o
LOAD Core/Src/system_stm32f4xx.o
LOAD Core/Startup/startup_stm32f413zhtx.o
LOAD Drivers/STM32F4xx_HAL_Driver/Src/stm32f4xx_hal.o
LOAD Drivers/STM32F4xx_HAL_Driver/Src/stm32f4xx_hal_cortex.o
LOAD Drivers/STM32F4xx_HAL_Driver/Src/stm32f4xx_hal_dma.o
LOAD Drivers/STM32F4xx_HAL_Driver/Src/stm32f4xx_hal_dma_ex.o
LOAD Drivers/STM32F4xx_HAL_Driver/Src/stm32f4xx_hal_exti.o
LOAD Drivers/STM32F4xx_HAL_Driver/Src/stm32f4xx_hal_flash.o
LOAD Drivers/STM32F4xx_HAL_Driver/Src/stm32f4xx_hal_flash_ex.o
LOAD Drivers/STM32F4xx_HAL_Driver/Src/stm32f4xx_hal_flash_ramfunc.o
LOAD Drivers/STM32F4xx_HAL_Driver/Src/stm32f4xx_hal_gpio.o
LOAD Drivers/STM32F4xx_HAL_Driver/Src/stm32f4xx_hal_pwr.o
LOAD Drivers/STM32F4xx_HAL_Driver/Src/stm32f4xx_hal_pwr_ex.o
LOAD Drivers/STM32F4xx_HAL_Driver/Src/stm32f4xx_hal_rcc.o
LOAD Drivers/STM32F4xx_HAL_Driver/Src/stm32f4xx_hal_rcc_ex.o
LOAD Drivers/STM32F4xx_HAL_Driver/Src/stm32f4xx_hal_tim.o
LOAD Drivers/STM32F4xx_HAL_Driver/Src/stm32f4xx_hal_tim_ex.o
LOAD Drivers/STM32F4xx_HAL_Driver/Src/stm32f4xx_hal_uart.o
LOAD Middlewares/Third_Party/FreeRTOS/Source/CMSIS_RTOS_V2/cmsis_os2.o
LOAD Middlewares/Third_Party/FreeRTOS/Source/croutine.o
LOAD Middlewares/Third_Party/FreeRTOS/Source/event_groups.o
LOAD Middlewares/Third_Party/FreeRTOS/Source/list.o
LOAD Middlewares/Third_Party/FreeRTOS/Source/queue.o
LOAD Middlewares/Third_Party/FreeRTOS/Source/stream_buffer.o
LOAD Middlewares/Third_Party/FreeRTOS/Source/tasks.o
LOAD Middlewares/Third_Party/FreeRTOS/Source/timers.o
LOAD Middlewares/Third_Party/FreeRTOS/Source/portable/GCC/ARM_CM4F/port.o
LOAD Middlewares/Third_Party/FreeRTOS/Source/portable/MemMang/heap_4.o
START GROUP
LOAD d:/programs/stm32cubeide_1.3.0/stm32cubeide/plugins/com.st.stm32cube.ide.mcu.externaltools.gnu-tools-for-stm32.7-2018-q2-update.win32_1.0.0.201904181610/tools/bin/../lib/gcc/arm-none-eabi/7.3.1/../../../../arm-none-eabi/lib/thumb/v7e-m/fpv4-sp/hard\libc_nano.a
LOAD d:/programs/stm32cubeide_1.3.0/stm32cubeide/plugins/com.st.stm32cube.ide.mcu.externaltools.gnu-tools-for-stm32.7-2018-q2-update.win32_1.0.0.201904181610/tools/bin/../lib/gcc/arm-none-eabi/7.3.1/../../../../arm-none-eabi/lib/thumb/v7e-m/fpv4-sp/hard\libm.a
END GROUP
START GROUP
LOAD d:/programs/stm32cubeide_1.3.0/stm32cubeide/plugins/com.st.stm32cube.ide.mcu.externaltools.gnu-tools-for-stm32.7-2018-q2-update.win32_1.0.0.201904181610/tools/bin/../lib/gcc/arm-none-eabi/7.3.1/thumb/v7e-m/fpv4-sp/hard\libgcc.a
LOAD d:/programs/stm32cubeide_1.3.0/stm32cubeide/plugins/com.st.stm32cube.ide.mcu.externaltools.gnu-tools-for-stm32.7-2018-q2-update.win32_1.0.0.201904181610/tools/bin/../lib/gcc/arm-none-eabi/7.3.1/../../../../arm-none-eabi/lib/thumb/v7e-m/fpv4-sp/hard\libc_nano.a
END GROUP
START GROUP
LOAD d:/programs/stm32cubeide_1.3.0/stm32cubeide/plugins/com.st.stm32cube.ide.mcu.externaltools.gnu-tools-for-stm32.7-2018-q2-update.win32_1.0.0.201904181610/tools/bin/../lib/gcc/arm-none-eabi/7.3.1/thumb/v7e-m/fpv4-sp/hard\libgcc.a
LOAD d:/programs/stm32cubeide_1.3.0/stm32cubeide/plugins/com.st.stm32cube.ide.mcu.externaltools.gnu-tools-for-stm32.7-2018-q2-update.win32_1.0.0.201904181610/tools/bin/../lib/gcc/arm-none-eabi/7.3.1/../../../../arm-none-eabi/lib/thumb/v7e-m/fpv4-sp/hard\libc_nano.a
LOAD d:/programs/stm32cubeide_1.3.0/stm32cubeide/plugins/com.st.stm32cube.ide.mcu.externaltools.gnu-tools-for-stm32.7-2018-q2-update.win32_1.0.0.201904181610/tools/bin/../lib/gcc/arm-none-eabi/7.3.1/../../../../arm-none-eabi/lib/thumb/v7e-m/fpv4-sp/hard\libnosys.a
END GROUP
START GROUP
LOAD d:/programs/stm32cubeide_1.3.0/stm32cubeide/plugins/com.st.stm32cube.ide.mcu.externaltools.gnu-tools-for-stm32.7-2018-q2-update.win32_1.0.0.201904181610/tools/bin/../lib/gcc/arm-none-eabi/7.3.1/thumb/v7e-m/fpv4-sp/hard\libgcc.a
LOAD d:/programs/stm32cubeide_1.3.0/stm32cubeide/plugins/com.st.stm32cube.ide.mcu.externaltools.gnu-tools-for-stm32.7-2018-q2-update.win32_1.0.0.201904181610/tools/bin/../lib/gcc/arm-none-eabi/7.3.1/../../../../arm-none-eabi/lib/thumb/v7e-m/fpv4-sp/hard\libc_nano.a
LOAD d:/programs/stm32cubeide_1.3.0/stm32cubeide/plugins/com.st.stm32cube.ide.mcu.externaltools.gnu-tools-for-stm32.7-2018-q2-update.win32_1.0.0.201904181610/tools/bin/../lib/gcc/arm-none-eabi/7.3.1/../../../../arm-none-eabi/lib/thumb/v7e-m/fpv4-sp/hard\libnosys.a
END GROUP
LOAD d:/programs/stm32cubeide_1.3.0/stm32cubeide/plugins/com.st.stm32cube.ide.mcu.externaltools.gnu-tools-for-stm32.7-2018-q2-update.win32_1.0.0.201904181610/tools/bin/../lib/gcc/arm-none-eabi/7.3.1/thumb/v7e-m/fpv4-sp/hard/crtend.o
LOAD d:/programs/stm32cubeide_1.3.0/stm32cubeide/plugins/com.st.stm32cube.ide.mcu.externaltools.gnu-tools-for-stm32.7-2018-q2-update.win32_1.0.0.201904181610/tools/bin/../lib/gcc/arm-none-eabi/7.3.1/thumb/v7e-m/fpv4-sp/hard/crtn.o
                0x0000000020050000                _estack = (ORIGIN (RAM) + LENGTH (RAM))
                0x0000000000000200                _Min_Heap_Size = 0x200
                0x0000000000000400                _Min_Stack_Size = 0x400

.isr_vector     0x0000000008000000      0x1d8
                0x0000000008000000                . = ALIGN (0x4)
 *(.isr_vector)
 .isr_vector    0x0000000008000000      0x1d8 Core/Startup/startup_stm32f413zhtx.o
                0x0000000008000000                g_pfnVectors
                0x00000000080001d8                . = ALIGN (0x4)

.text           0x00000000080001e0     0x4e34
                0x00000000080001e0                . = ALIGN (0x4)
 *(.text)
 .text          0x00000000080001e0       0x40 d:/programs/stm32cubeide_1.3.0/stm32cubeide/plugins/com.st.stm32cube.ide.mcu.externaltools.gnu-tools-for-stm32.7-2018-q2-update.win32_1.0.0.201904181610/tools/bin/../lib/gcc/arm-none-eabi/7.3.1/thumb/v7e-m/fpv4-sp/hard/crtbegin.o
 .text          0x0000000008000220       0x30 d:/programs/stm32cubeide_1.3.0/stm32cubeide/plugins/com.st.stm32cube.ide.mcu.externaltools.gnu-tools-for-stm32.7-2018-q2-update.win32_1.0.0.201904181610/tools/bin/../lib/gcc/arm-none-eabi/7.3.1/thumb/v7e-m/fpv4-sp/hard\libgcc.a(_aeabi_uldivmod.o)
                0x0000000008000220                __aeabi_uldivmod
 .text          0x0000000008000250      0x2cc d:/programs/stm32cubeide_1.3.0/stm32cubeide/plugins/com.st.stm32cube.ide.mcu.externaltools.gnu-tools-for-stm32.7-2018-q2-update.win32_1.0.0.201904181610/tools/bin/../lib/gcc/arm-none-eabi/7.3.1/thumb/v7e-m/fpv4-sp/hard\libgcc.a(_udivmoddi4.o)
                0x0000000008000250                __udivmoddi4
 .text          0x000000000800051c        0x4 d:/programs/stm32cubeide_1.3.0/stm32cubeide/plugins/com.st.stm32cube.ide.mcu.externaltools.gnu-tools-for-stm32.7-2018-q2-update.win32_1.0.0.201904181610/tools/bin/../lib/gcc/arm-none-eabi/7.3.1/thumb/v7e-m/fpv4-sp/hard\libgcc.a(_dvmd_tls.o)
                0x000000000800051c                __aeabi_idiv0
                0x000000000800051c                __aeabi_ldiv0
 *(.text*)
 .text.main     0x0000000008000520       0x90 Core/Src/main.o
                0x0000000008000520                main
 .text.SystemClock_Config
                0x00000000080005b0       0xbc Core/Src/main.o
                0x00000000080005b0                SystemClock_Config
 .text.MX_USART2_UART_Init
                0x000000000800066c       0x54 Core/Src/main.o
 .text.MX_GPIO_Init
                0x00000000080006c0       0xcc Core/Src/main.o
 .text.StartBlink01
                0x000000000800078c       0x20 Core/Src/main.o
                0x000000000800078c                StartBlink01
 .text.StartBlink02
                0x00000000080007ac       0x20 Core/Src/main.o
                0x00000000080007ac                StartBlink02
 .text.HAL_TIM_PeriodElapsedCallback
                0x00000000080007cc       0x24 Core/Src/main.o
                0x00000000080007cc                HAL_TIM_PeriodElapsedCallback
 .text.Error_Handler
                0x00000000080007f0        0xe Core/Src/main.o
                0x00000000080007f0                Error_Handler
 *fill*         0x00000000080007fe        0x2 
 .text.HAL_MspInit
                0x0000000008000800       0x58 Core/Src/stm32f4xx_hal_msp.o
                0x0000000008000800                HAL_MspInit
 .text.HAL_UART_MspInit
                0x0000000008000858       0x90 Core/Src/stm32f4xx_hal_msp.o
                0x0000000008000858                HAL_UART_MspInit
 .text.HAL_InitTick
                0x00000000080008e8       0xb0 Core/Src/stm32f4xx_hal_timebase_tim.o
                0x00000000080008e8                HAL_InitTick
 .text.NMI_Handler
                0x0000000008000998        0xe Core/Src/stm32f4xx_it.o
                0x0000000008000998                NMI_Handler
 .text.HardFault_Handler
                0x00000000080009a6        0x6 Core/Src/stm32f4xx_it.o
                0x00000000080009a6                HardFault_Handler
 .text.MemManage_Handler
                0x00000000080009ac        0x6 Core/Src/stm32f4xx_it.o
                0x00000000080009ac                MemManage_Handler
 .text.BusFault_Handler
                0x00000000080009b2        0x6 Core/Src/stm32f4xx_it.o
                0x00000000080009b2                BusFault_Handler
 .text.UsageFault_Handler
                0x00000000080009b8        0x6 Core/Src/stm32f4xx_it.o
                0x00000000080009b8                UsageFault_Handler
 .text.DebugMon_Handler
                0x00000000080009be        0xe Core/Src/stm32f4xx_it.o
                0x00000000080009be                DebugMon_Handler
 .text.TIM6_DAC_IRQHandler
                0x00000000080009cc       0x14 Core/Src/stm32f4xx_it.o
                0x00000000080009cc                TIM6_DAC_IRQHandler
 .text.SystemInit
                0x00000000080009e0       0x2c Core/Src/system_stm32f4xx.o
                0x00000000080009e0                SystemInit
 .text.Reset_Handler
                0x0000000008000a0c       0x50 Core/Startup/startup_stm32f413zhtx.o
                0x0000000008000a0c                Reset_Handler
 .text.Default_Handler
                0x0000000008000a5c        0x2 Core/Startup/startup_stm32f413zhtx.o
                0x0000000008000a5c                RTC_Alarm_IRQHandler
                0x0000000008000a5c                EXTI2_IRQHandler
                0x0000000008000a5c                TIM8_CC_IRQHandler
                0x0000000008000a5c                UART8_IRQHandler
                0x0000000008000a5c                FMPI2C1_EV_IRQHandler
                0x0000000008000a5c                SPI4_IRQHandler
                0x0000000008000a5c                TIM1_CC_IRQHandler
                0x0000000008000a5c                DMA2_Stream5_IRQHandler
                0x0000000008000a5c                DMA1_Stream5_IRQHandler
                0x0000000008000a5c                CAN3_RX1_IRQHandler
                0x0000000008000a5c                PVD_IRQHandler
                0x0000000008000a5c                SDIO_IRQHandler
                0x0000000008000a5c                TAMP_STAMP_IRQHandler
                0x0000000008000a5c                CAN2_RX1_IRQHandler
                0x0000000008000a5c                EXTI3_IRQHandler
                0x0000000008000a5c                TIM8_TRG_COM_TIM14_IRQHandler
                0x0000000008000a5c                DFSDM1_FLT1_IRQHandler
                0x0000000008000a5c                TIM1_UP_TIM10_IRQHandler
                0x0000000008000a5c                TIM8_UP_TIM13_IRQHandler
                0x0000000008000a5c                I2C3_ER_IRQHandler
                0x0000000008000a5c                EXTI0_IRQHandler
                0x0000000008000a5c                I2C2_EV_IRQHandler
                0x0000000008000a5c                DMA1_Stream2_IRQHandler
                0x0000000008000a5c                CAN1_RX0_IRQHandler
                0x0000000008000a5c                FPU_IRQHandler
                0x0000000008000a5c                CAN3_SCE_IRQHandler
                0x0000000008000a5c                CAN2_SCE_IRQHandler
                0x0000000008000a5c                DMA2_Stream2_IRQHandler
                0x0000000008000a5c                SPI1_IRQHandler
                0x0000000008000a5c                TIM1_BRK_TIM9_IRQHandler
                0x0000000008000a5c                CAN2_RX0_IRQHandler
                0x0000000008000a5c                DMA2_Stream3_IRQHandler
                0x0000000008000a5c                USART6_IRQHandler
                0x0000000008000a5c                CAN3_RX0_IRQHandler
                0x0000000008000a5c                USART3_IRQHandler
                0x0000000008000a5c                DFSDM2_FLT3_IRQHandler
                0x0000000008000a5c                CAN1_RX1_IRQHandler
                0x0000000008000a5c                UART5_IRQHandler
                0x0000000008000a5c                DMA2_Stream0_IRQHandler
                0x0000000008000a5c                TIM4_IRQHandler
                0x0000000008000a5c                QUADSPI_IRQHandler
                0x0000000008000a5c                I2C1_EV_IRQHandler
                0x0000000008000a5c                DMA1_Stream6_IRQHandler
                0x0000000008000a5c                DMA1_Stream1_IRQHandler
                0x0000000008000a5c                UART4_IRQHandler
                0x0000000008000a5c                TIM3_IRQHandler
                0x0000000008000a5c                RCC_IRQHandler
                0x0000000008000a5c                UART9_IRQHandler
                0x0000000008000a5c                TIM8_BRK_TIM12_IRQHandler
                0x0000000008000a5c                Default_Handler
                0x0000000008000a5c                EXTI15_10_IRQHandler
                0x0000000008000a5c                ADC_IRQHandler
                0x0000000008000a5c                DMA1_Stream7_IRQHandler
                0x0000000008000a5c                DFSDM2_FLT0_IRQHandler
                0x0000000008000a5c                SPI5_IRQHandler
                0x0000000008000a5c                TIM7_IRQHandler
                0x0000000008000a5c                CAN2_TX_IRQHandler
                0x0000000008000a5c                TIM5_IRQHandler
                0x0000000008000a5c                DMA2_Stream7_IRQHandler
                0x0000000008000a5c                I2C3_EV_IRQHandler
                0x0000000008000a5c                DFSDM2_FLT2_IRQHandler
                0x0000000008000a5c                EXTI9_5_IRQHandler
                0x0000000008000a5c                RTC_WKUP_IRQHandler
                0x0000000008000a5c                SPI2_IRQHandler
                0x0000000008000a5c                DMA1_Stream0_IRQHandler
                0x0000000008000a5c                CAN1_TX_IRQHandler
                0x0000000008000a5c                FMPI2C1_ER_IRQHandler
                0x0000000008000a5c                EXTI4_IRQHandler
                0x0000000008000a5c                DFSDM2_FLT1_IRQHandler
                0x0000000008000a5c                RNG_IRQHandler
                0x0000000008000a5c                FSMC_IRQHandler
                0x0000000008000a5c                WWDG_IRQHandler
                0x0000000008000a5c                CAN3_TX_IRQHandler
                0x0000000008000a5c                TIM2_IRQHandler
                0x0000000008000a5c                OTG_FS_WKUP_IRQHandler
                0x0000000008000a5c                TIM1_TRG_COM_TIM11_IRQHandler
                0x0000000008000a5c                EXTI1_IRQHandler
                0x0000000008000a5c                UART7_IRQHandler
                0x0000000008000a5c                USART2_IRQHandler
                0x0000000008000a5c                DFSDM1_FLT0_IRQHandler
                0x0000000008000a5c                I2C2_ER_IRQHandler
                0x0000000008000a5c                DMA2_Stream1_IRQHandler
                0x0000000008000a5c                CAN1_SCE_IRQHandler
                0x0000000008000a5c                FLASH_IRQHandler
                0x0000000008000a5c                DMA2_Stream4_IRQHandler
                0x0000000008000a5c                USART1_IRQHandler
                0x0000000008000a5c                OTG_FS_IRQHandler
                0x0000000008000a5c                SPI3_IRQHandler
                0x0000000008000a5c                DMA1_Stream4_IRQHandler
                0x0000000008000a5c                I2C1_ER_IRQHandler
                0x0000000008000a5c                LPTIM1_IRQHandler
                0x0000000008000a5c                DMA2_Stream6_IRQHandler
                0x0000000008000a5c                UART10_IRQHandler
                0x0000000008000a5c                SAI1_IRQHandler
                0x0000000008000a5c                DMA1_Stream3_IRQHandler
 *fill*         0x0000000008000a5e        0x2 
 .text.HAL_Init
                0x0000000008000a60       0x44 Drivers/STM32F4xx_HAL_Driver/Src/stm32f4xx_hal.o
                0x0000000008000a60                HAL_Init
 .text.HAL_IncTick
                0x0000000008000aa4       0x28 Drivers/STM32F4xx_HAL_Driver/Src/stm32f4xx_hal.o
                0x0000000008000aa4                HAL_IncTick
 .text.HAL_GetTick
                0x0000000008000acc       0x18 Drivers/STM32F4xx_HAL_Driver/Src/stm32f4xx_hal.o
                0x0000000008000acc                HAL_GetTick
 .text.__NVIC_SetPriorityGrouping
                0x0000000008000ae4       0x48 Drivers/STM32F4xx_HAL_Driver/Src/stm32f4xx_hal_cortex.o
 .text.__NVIC_GetPriorityGrouping
                0x0000000008000b2c       0x1c Drivers/STM32F4xx_HAL_Driver/Src/stm32f4xx_hal_cortex.o
 .text.__NVIC_EnableIRQ
                0x0000000008000b48       0x3c Drivers/STM32F4xx_HAL_Driver/Src/stm32f4xx_hal_cortex.o
 .text.__NVIC_SetPriority
                0x0000000008000b84       0x54 Drivers/STM32F4xx_HAL_Driver/Src/stm32f4xx_hal_cortex.o
 .text.NVIC_EncodePriority
                0x0000000008000bd8       0x66 Drivers/STM32F4xx_HAL_Driver/Src/stm32f4xx_hal_cortex.o
 .text.HAL_NVIC_SetPriorityGrouping
                0x0000000008000c3e       0x16 Drivers/STM32F4xx_HAL_Driver/Src/stm32f4xx_hal_cortex.o
                0x0000000008000c3e                HAL_NVIC_SetPriorityGrouping
 .text.HAL_NVIC_SetPriority
                0x0000000008000c54       0x38 Drivers/STM32F4xx_HAL_Driver/Src/stm32f4xx_hal_cortex.o
                0x0000000008000c54                HAL_NVIC_SetPriority
 .text.HAL_NVIC_EnableIRQ
                0x0000000008000c8c       0x1c Drivers/STM32F4xx_HAL_Driver/Src/stm32f4xx_hal_cortex.o
                0x0000000008000c8c                HAL_NVIC_EnableIRQ
 .text.HAL_GPIO_Init
                0x0000000008000ca8      0x324 Drivers/STM32F4xx_HAL_Driver/Src/stm32f4xx_hal_gpio.o
                0x0000000008000ca8                HAL_GPIO_Init
 .text.HAL_GPIO_WritePin
                0x0000000008000fcc       0x32 Drivers/STM32F4xx_HAL_Driver/Src/stm32f4xx_hal_gpio.o
                0x0000000008000fcc                HAL_GPIO_WritePin
 .text.HAL_GPIO_TogglePin
                0x0000000008000ffe       0x36 Drivers/STM32F4xx_HAL_Driver/Src/stm32f4xx_hal_gpio.o
                0x0000000008000ffe                HAL_GPIO_TogglePin
 .text.HAL_RCC_ClockConfig
                0x0000000008001034      0x1cc Drivers/STM32F4xx_HAL_Driver/Src/stm32f4xx_hal_rcc.o
                0x0000000008001034                HAL_RCC_ClockConfig
 .text.HAL_RCC_GetSysClockFreq
                0x0000000008001200      0x164 Drivers/STM32F4xx_HAL_Driver/Src/stm32f4xx_hal_rcc.o
                0x0000000008001200                HAL_RCC_GetSysClockFreq
 .text.HAL_RCC_GetHCLKFreq
                0x0000000008001364       0x18 Drivers/STM32F4xx_HAL_Driver/Src/stm32f4xx_hal_rcc.o
                0x0000000008001364                HAL_RCC_GetHCLKFreq
 .text.HAL_RCC_GetPCLK1Freq
                0x000000000800137c       0x28 Drivers/STM32F4xx_HAL_Driver/Src/stm32f4xx_hal_rcc.o
                0x000000000800137c                HAL_RCC_GetPCLK1Freq
 .text.HAL_RCC_GetPCLK2Freq
                0x00000000080013a4       0x28 Drivers/STM32F4xx_HAL_Driver/Src/stm32f4xx_hal_rcc.o
                0x00000000080013a4                HAL_RCC_GetPCLK2Freq
 .text.HAL_RCC_GetClockConfig
                0x00000000080013cc       0x64 Drivers/STM32F4xx_HAL_Driver/Src/stm32f4xx_hal_rcc.o
                0x00000000080013cc                HAL_RCC_GetClockConfig
 .text.HAL_RCC_OscConfig
                0x0000000008001430      0x484 Drivers/STM32F4xx_HAL_Driver/Src/stm32f4xx_hal_rcc_ex.o
                0x0000000008001430                HAL_RCC_OscConfig
 .text.HAL_TIM_Base_Init
                0x00000000080018b4       0x56 Drivers/STM32F4xx_HAL_Driver/Src/stm32f4xx_hal_tim.o
                0x00000000080018b4                HAL_TIM_Base_Init
 .text.HAL_TIM_Base_MspInit
                0x000000000800190a       0x14 Drivers/STM32F4xx_HAL_Driver/Src/stm32f4xx_hal_tim.o
                0x000000000800190a                HAL_TIM_Base_MspInit
 .text.HAL_TIM_Base_Start_IT
                0x000000000800191e       0x48 Drivers/STM32F4xx_HAL_Driver/Src/stm32f4xx_hal_tim.o
                0x000000000800191e                HAL_TIM_Base_Start_IT
 .text.HAL_TIM_IRQHandler
                0x0000000008001966      0x210 Drivers/STM32F4xx_HAL_Driver/Src/stm32f4xx_hal_tim.o
                0x0000000008001966                HAL_TIM_IRQHandler
 .text.HAL_TIM_OC_DelayElapsedCallback
                0x0000000008001b76       0x14 Drivers/STM32F4xx_HAL_Driver/Src/stm32f4xx_hal_tim.o
                0x0000000008001b76                HAL_TIM_OC_DelayElapsedCallback
 .text.HAL_TIM_IC_CaptureCallback
                0x0000000008001b8a       0x14 Drivers/STM32F4xx_HAL_Driver/Src/stm32f4xx_hal_tim.o
                0x0000000008001b8a                HAL_TIM_IC_CaptureCallback
 .text.HAL_TIM_PWM_PulseFinishedCallback
                0x0000000008001b9e       0x14 Drivers/STM32F4xx_HAL_Driver/Src/stm32f4xx_hal_tim.o
                0x0000000008001b9e                HAL_TIM_PWM_PulseFinishedCallback
 .text.HAL_TIM_TriggerCallback
                0x0000000008001bb2       0x14 Drivers/STM32F4xx_HAL_Driver/Src/stm32f4xx_hal_tim.o
                0x0000000008001bb2                HAL_TIM_TriggerCallback
 *fill*         0x0000000008001bc6        0x2 
 .text.TIM_Base_SetConfig
                0x0000000008001bc8      0x140 Drivers/STM32F4xx_HAL_Driver/Src/stm32f4xx_hal_tim.o
                0x0000000008001bc8                TIM_Base_SetConfig
 .text.HAL_TIMEx_CommutCallback
                0x0000000008001d08       0x14 Drivers/STM32F4xx_HAL_Driver/Src/stm32f4xx_hal_tim_ex.o
                0x0000000008001d08                HAL_TIMEx_CommutCallback
 .text.HAL_TIMEx_BreakCallback
                0x0000000008001d1c       0x14 Drivers/STM32F4xx_HAL_Driver/Src/stm32f4xx_hal_tim_ex.o
                0x0000000008001d1c                HAL_TIMEx_BreakCallback
 .text.HAL_UART_Init
                0x0000000008001d30       0x9a Drivers/STM32F4xx_HAL_Driver/Src/stm32f4xx_hal_uart.o
                0x0000000008001d30                HAL_UART_Init
 *fill*         0x0000000008001dca        0x2 
 .text.UART_SetConfig
                0x0000000008001dcc      0x730 Drivers/STM32F4xx_HAL_Driver/Src/stm32f4xx_hal_uart.o
 .text.SVC_Setup
                0x00000000080024fc        0xe Middlewares/Third_Party/FreeRTOS/Source/CMSIS_RTOS_V2/cmsis_os2.o
 *fill*         0x000000000800250a        0x2 
 .text.osKernelInitialize
                0x000000000800250c       0x68 Middlewares/Third_Party/FreeRTOS/Source/CMSIS_RTOS_V2/cmsis_os2.o
                0x000000000800250c                osKernelInitialize
 .text.osKernelStart
                0x0000000008002574       0x6c Middlewares/Third_Party/FreeRTOS/Source/CMSIS_RTOS_V2/cmsis_os2.o
                0x0000000008002574                osKernelStart
 .text.osThreadNew
                0x00000000080025e0      0x14c Middlewares/Third_Party/FreeRTOS/Source/CMSIS_RTOS_V2/cmsis_os2.o
                0x00000000080025e0                osThreadNew
 .text.osDelay  0x000000000800272c       0x5c Middlewares/Third_Party/FreeRTOS/Source/CMSIS_RTOS_V2/cmsis_os2.o
                0x000000000800272c                osDelay
 .text.vApplicationGetIdleTaskMemory
                0x0000000008002788       0x34 Middlewares/Third_Party/FreeRTOS/Source/CMSIS_RTOS_V2/cmsis_os2.o
                0x0000000008002788                vApplicationGetIdleTaskMemory
 .text.vApplicationGetTimerTaskMemory
                0x00000000080027bc       0x34 Middlewares/Third_Party/FreeRTOS/Source/CMSIS_RTOS_V2/cmsis_os2.o
                0x00000000080027bc                vApplicationGetTimerTaskMemory
 .text.vListInitialise
                0x00000000080027f0       0x40 Middlewares/Third_Party/FreeRTOS/Source/list.o
                0x00000000080027f0                vListInitialise
 .text.vListInitialiseItem
                0x0000000008002830       0x1a Middlewares/Third_Party/FreeRTOS/Source/list.o
                0x0000000008002830                vListInitialiseItem
 .text.vListInsertEnd
                0x000000000800284a       0x48 Middlewares/Third_Party/FreeRTOS/Source/list.o
                0x000000000800284a                vListInsertEnd
 .text.vListInsert
                0x0000000008002892       0x72 Middlewares/Third_Party/FreeRTOS/Source/list.o
                0x0000000008002892                vListInsert
 .text.uxListRemove
                0x0000000008002904       0x54 Middlewares/Third_Party/FreeRTOS/Source/list.o
                0x0000000008002904                uxListRemove
 .text.xQueueGenericReset
                0x0000000008002958       0xd0 Middlewares/Third_Party/FreeRTOS/Source/queue.o
                0x0000000008002958                xQueueGenericReset
 .text.xQueueGenericCreateStatic
                0x0000000008002a28       0xe6 Middlewares/Third_Party/FreeRTOS/Source/queue.o
                0x0000000008002a28                xQueueGenericCreateStatic
 .text.prvInitialiseNewQueue
                0x0000000008002b0e       0x46 Middlewares/Third_Party/FreeRTOS/Source/queue.o
 .text.xQueueGenericSend
                0x0000000008002b54      0x1f4 Middlewares/Third_Party/FreeRTOS/Source/queue.o
                0x0000000008002b54                xQueueGenericSend
 .text.xQueueGenericSendFromISR
                0x0000000008002d48      0x128 Middlewares/Third_Party/FreeRTOS/Source/queue.o
                0x0000000008002d48                xQueueGenericSendFromISR
 .text.xQueueReceive
                0x0000000008002e70      0x1b8 Middlewares/Third_Party/FreeRTOS/Source/queue.o
                0x0000000008002e70                xQueueReceive
 .text.prvCopyDataToQueue
                0x0000000008003028       0xd4 Middlewares/Third_Party/FreeRTOS/Source/queue.o
 .text.prvCopyDataFromQueue
                0x00000000080030fc       0x4c Middlewares/Third_Party/FreeRTOS/Source/queue.o
 .text.prvUnlockQueue
                0x0000000008003148       0xa4 Middlewares/Third_Party/FreeRTOS/Source/queue.o
 .text.prvIsQueueEmpty
                0x00000000080031ec       0x2c Middlewares/Third_Party/FreeRTOS/Source/queue.o
 .text.prvIsQueueFull
                0x0000000008003218       0x30 Middlewares/Third_Party/FreeRTOS/Source/queue.o
 .text.vQueueAddToRegistry
                0x0000000008003248       0x50 Middlewares/Third_Party/FreeRTOS/Source/queue.o
                0x0000000008003248                vQueueAddToRegistry
 .text.vQueueWaitForMessageRestricted
                0x0000000008003298       0x68 Middlewares/Third_Party/FreeRTOS/Source/queue.o
                0x0000000008003298                vQueueWaitForMessageRestricted
 .text.xTaskCreateStatic
                0x0000000008003300       0xb4 Middlewares/Third_Party/FreeRTOS/Source/tasks.o
                0x0000000008003300                xTaskCreateStatic
 .text.xTaskCreate
                0x00000000080033b4       0x8a Middlewares/Third_Party/FreeRTOS/Source/tasks.o
                0x00000000080033b4                xTaskCreate
 .text.prvInitialiseNewTask
                0x000000000800343e      0x11c Middlewares/Third_Party/FreeRTOS/Source/tasks.o
 *fill*         0x000000000800355a        0x2 
 .text.prvAddNewTaskToReadyList
                0x000000000800355c       0xe0 Middlewares/Third_Party/FreeRTOS/Source/tasks.o
 .text.vTaskDelay
                0x000000000800363c       0x68 Middlewares/Third_Party/FreeRTOS/Source/tasks.o
                0x000000000800363c                vTaskDelay
 .text.vTaskStartScheduler
                0x00000000080036a4       0xc8 Middlewares/Third_Party/FreeRTOS/Source/tasks.o
                0x00000000080036a4                vTaskStartScheduler
 .text.vTaskSuspendAll
                0x000000000800376c       0x1c Middlewares/Third_Party/FreeRTOS/Source/tasks.o
                0x000000000800376c                vTaskSuspendAll
 .text.xTaskResumeAll
                0x0000000008003788      0x138 Middlewares/Third_Party/FreeRTOS/Source/tasks.o
                0x0000000008003788                xTaskResumeAll
 .text.xTaskGetTickCount
                0x00000000080038c0       0x20 Middlewares/Third_Party/FreeRTOS/Source/tasks.o
                0x00000000080038c0                xTaskGetTickCount
 .text.xTaskIncrementTick
                0x00000000080038e0      0x170 Middlewares/Third_Party/FreeRTOS/Source/tasks.o
                0x00000000080038e0                xTaskIncrementTick
 .text.vTaskSwitchContext
                0x0000000008003a50       0xb8 Middlewares/Third_Party/FreeRTOS/Source/tasks.o
                0x0000000008003a50                vTaskSwitchContext
 .text.vTaskPlaceOnEventList
                0x0000000008003b08       0x48 Middlewares/Third_Party/FreeRTOS/Source/tasks.o
                0x0000000008003b08                vTaskPlaceOnEventList
 .text.vTaskPlaceOnEventListRestricted
                0x0000000008003b50       0x54 Middlewares/Third_Party/FreeRTOS/Source/tasks.o
                0x0000000008003b50                vTaskPlaceOnEventListRestricted
 .text.xTaskRemoveFromEventList
                0x0000000008003ba4       0xc4 Middlewares/Third_Party/FreeRTOS/Source/tasks.o
                0x0000000008003ba4                xTaskRemoveFromEventList
 .text.vTaskInternalSetTimeOutState
                0x0000000008003c68       0x2c Middlewares/Third_Party/FreeRTOS/Source/tasks.o
                0x0000000008003c68                vTaskInternalSetTimeOutState
 .text.xTaskCheckForTimeOut
                0x0000000008003c94       0xc0 Middlewares/Third_Party/FreeRTOS/Source/tasks.o
                0x0000000008003c94                xTaskCheckForTimeOut
 .text.vTaskMissedYield
                0x0000000008003d54       0x18 Middlewares/Third_Party/FreeRTOS/Source/tasks.o
                0x0000000008003d54                vTaskMissedYield
 .text.prvIdleTask
                0x0000000008003d6c       0x30 Middlewares/Third_Party/FreeRTOS/Source/tasks.o
 .text.prvInitialiseTaskLists
                0x0000000008003d9c       0x80 Middlewares/Third_Party/FreeRTOS/Source/tasks.o
 .text.prvCheckTasksWaitingTermination
                0x0000000008003e1c       0x58 Middlewares/Third_Party/FreeRTOS/Source/tasks.o
 .text.prvDeleteTCB
                0x0000000008003e74       0x5c Middlewares/Third_Party/FreeRTOS/Source/tasks.o
 .text.prvResetNextTaskUnblockTime
                0x0000000008003ed0       0x40 Middlewares/Third_Party/FreeRTOS/Source/tasks.o
 .text.xTaskGetSchedulerState
                0x0000000008003f10       0x3c Middlewares/Third_Party/FreeRTOS/Source/tasks.o
                0x0000000008003f10                xTaskGetSchedulerState
 .text.xTaskPriorityDisinherit
                0x0000000008003f4c       0xd8 Middlewares/Third_Party/FreeRTOS/Source/tasks.o
                0x0000000008003f4c                xTaskPriorityDisinherit
 .text.prvAddCurrentTaskToDelayedList
                0x0000000008004024       0xa8 Middlewares/Third_Party/FreeRTOS/Source/tasks.o
 .text.xTimerCreateTimerTask
                0x00000000080040cc       0x90 Middlewares/Third_Party/FreeRTOS/Source/timers.o
                0x00000000080040cc                xTimerCreateTimerTask
 .text.xTimerGenericCommand
                0x000000000800415c       0x98 Middlewares/Third_Party/FreeRTOS/Source/timers.o
                0x000000000800415c                xTimerGenericCommand
 .text.prvProcessExpiredTimer
                0x00000000080041f4       0x98 Middlewares/Third_Party/FreeRTOS/Source/timers.o
 .text.prvTimerTask
                0x000000000800428c       0x24 Middlewares/Third_Party/FreeRTOS/Source/timers.o
 .text.prvProcessTimerOrBlockTask
                0x00000000080042b0       0x9c Middlewares/Third_Party/FreeRTOS/Source/timers.o
 .text.prvGetNextExpireTime
                0x000000000800434c       0x48 Middlewares/Third_Party/FreeRTOS/Source/timers.o
 .text.prvSampleTimeNow
                0x0000000008004394       0x40 Middlewares/Third_Party/FreeRTOS/Source/timers.o
 .text.prvInsertTimerInActiveList
                0x00000000080043d4       0x84 Middlewares/Third_Party/FreeRTOS/Source/timers.o
 .text.prvProcessReceivedCommands
                0x0000000008004458      0x1b8 Middlewares/Third_Party/FreeRTOS/Source/timers.o
 .text.prvSwitchTimerLists
                0x0000000008004610       0xc8 Middlewares/Third_Party/FreeRTOS/Source/timers.o
 .text.prvCheckForValidListAndQueue
                0x00000000080046d8       0x80 Middlewares/Third_Party/FreeRTOS/Source/timers.o
 .text.pxPortInitialiseStack
                0x0000000008004758       0x68 Middlewares/Third_Party/FreeRTOS/Source/portable/GCC/ARM_CM4F/port.o
                0x0000000008004758                pxPortInitialiseStack
 .text.prvTaskExitError
                0x00000000080047c0       0x54 Middlewares/Third_Party/FreeRTOS/Source/portable/GCC/ARM_CM4F/port.o
 *fill*         0x0000000008004814        0xc 
 .text.SVC_Handler
                0x0000000008004820       0x28 Middlewares/Third_Party/FreeRTOS/Source/portable/GCC/ARM_CM4F/port.o
                0x0000000008004820                SVC_Handler
 .text.prvPortStartFirstTask
                0x0000000008004848       0x28 Middlewares/Third_Party/FreeRTOS/Source/portable/GCC/ARM_CM4F/port.o
 .text.xPortStartScheduler
                0x0000000008004870      0x13c Middlewares/Third_Party/FreeRTOS/Source/portable/GCC/ARM_CM4F/port.o
                0x0000000008004870                xPortStartScheduler
 .text.vPortEnterCritical
                0x00000000080049ac       0x5c Middlewares/Third_Party/FreeRTOS/Source/portable/GCC/ARM_CM4F/port.o
                0x00000000080049ac                vPortEnterCritical
 .text.vPortExitCritical
                0x0000000008004a08       0x50 Middlewares/Third_Party/FreeRTOS/Source/portable/GCC/ARM_CM4F/port.o
                0x0000000008004a08                vPortExitCritical
 *fill*         0x0000000008004a58        0x8 
 .text.PendSV_Handler
                0x0000000008004a60       0x68 Middlewares/Third_Party/FreeRTOS/Source/portable/GCC/ARM_CM4F/port.o
                0x0000000008004a60                PendSV_Handler
 .text.SysTick_Handler
                0x0000000008004ac8       0x40 Middlewares/Third_Party/FreeRTOS/Source/portable/GCC/ARM_CM4F/port.o
                0x0000000008004ac8                SysTick_Handler
 .text.vPortSetupTimerInterrupt
                0x0000000008004b08       0x48 Middlewares/Third_Party/FreeRTOS/Source/portable/GCC/ARM_CM4F/port.o
                0x0000000008004b08                vPortSetupTimerInterrupt
 .text.vPortEnableVFP
                0x0000000008004b50       0x14 Middlewares/Third_Party/FreeRTOS/Source/portable/GCC/ARM_CM4F/port.o
 .text.vPortValidateInterruptPriority
                0x0000000008004b64       0x7c Middlewares/Third_Party/FreeRTOS/Source/portable/GCC/ARM_CM4F/port.o
                0x0000000008004b64                vPortValidateInterruptPriority
 .text.pvPortMalloc
                0x0000000008004be0      0x184 Middlewares/Third_Party/FreeRTOS/Source/portable/MemMang/heap_4.o
                0x0000000008004be0                pvPortMalloc
 .text.vPortFree
                0x0000000008004d64       0xb0 Middlewares/Third_Party/FreeRTOS/Source/portable/MemMang/heap_4.o
                0x0000000008004d64                vPortFree
 .text.prvHeapInit
                0x0000000008004e14       0xc4 Middlewares/Third_Party/FreeRTOS/Source/portable/MemMang/heap_4.o
 .text.prvInsertBlockIntoFreeList
                0x0000000008004ed8       0xb4 Middlewares/Third_Party/FreeRTOS/Source/portable/MemMang/heap_4.o
 .text.__libc_init_array
                0x0000000008004f8c       0x48 d:/programs/stm32cubeide_1.3.0/stm32cubeide/plugins/com.st.stm32cube.ide.mcu.externaltools.gnu-tools-for-stm32.7-2018-q2-update.win32_1.0.0.201904181610/tools/bin/../lib/gcc/arm-none-eabi/7.3.1/../../../../arm-none-eabi/lib/thumb/v7e-m/fpv4-sp/hard\libc_nano.a(lib_a-init.o)
                0x0000000008004f8c                __libc_init_array
 .text.memcpy   0x0000000008004fd4       0x16 d:/programs/stm32cubeide_1.3.0/stm32cubeide/plugins/com.st.stm32cube.ide.mcu.externaltools.gnu-tools-for-stm32.7-2018-q2-update.win32_1.0.0.201904181610/tools/bin/../lib/gcc/arm-none-eabi/7.3.1/../../../../arm-none-eabi/lib/thumb/v7e-m/fpv4-sp/hard\libc_nano.a(lib_a-memcpy-stub.o)
                0x0000000008004fd4                memcpy
 .text.memset   0x0000000008004fea       0x10 d:/programs/stm32cubeide_1.3.0/stm32cubeide/plugins/com.st.stm32cube.ide.mcu.externaltools.gnu-tools-for-stm32.7-2018-q2-update.win32_1.0.0.201904181610/tools/bin/../lib/gcc/arm-none-eabi/7.3.1/../../../../arm-none-eabi/lib/thumb/v7e-m/fpv4-sp/hard\libc_nano.a(lib_a-memset.o)
                0x0000000008004fea                memset
 *(.glue_7)
 .glue_7        0x0000000008004ffa        0x0 linker stubs
 *(.glue_7t)
 .glue_7t       0x0000000008004ffa        0x0 linker stubs
 *(.eh_frame)
 *fill*         0x0000000008004ffa        0x2 
 .eh_frame      0x0000000008004ffc        0x0 d:/programs/stm32cubeide_1.3.0/stm32cubeide/plugins/com.st.stm32cube.ide.mcu.externaltools.gnu-tools-for-stm32.7-2018-q2-update.win32_1.0.0.201904181610/tools/bin/../lib/gcc/arm-none-eabi/7.3.1/thumb/v7e-m/fpv4-sp/hard/crtbegin.o
 *(.init)
 .init          0x0000000008004ffc        0x4 d:/programs/stm32cubeide_1.3.0/stm32cubeide/plugins/com.st.stm32cube.ide.mcu.externaltools.gnu-tools-for-stm32.7-2018-q2-update.win32_1.0.0.201904181610/tools/bin/../lib/gcc/arm-none-eabi/7.3.1/thumb/v7e-m/fpv4-sp/hard/crti.o
                0x0000000008004ffc                _init
 .init          0x0000000008005000        0x8 d:/programs/stm32cubeide_1.3.0/stm32cubeide/plugins/com.st.stm32cube.ide.mcu.externaltools.gnu-tools-for-stm32.7-2018-q2-update.win32_1.0.0.201904181610/tools/bin/../lib/gcc/arm-none-eabi/7.3.1/thumb/v7e-m/fpv4-sp/hard/crtn.o
 *(.fini)
 .fini          0x0000000008005008        0x4 d:/programs/stm32cubeide_1.3.0/stm32cubeide/plugins/com.st.stm32cube.ide.mcu.externaltools.gnu-tools-for-stm32.7-2018-q2-update.win32_1.0.0.201904181610/tools/bin/../lib/gcc/arm-none-eabi/7.3.1/thumb/v7e-m/fpv4-sp/hard/crti.o
                0x0000000008005008                _fini
 .fini          0x000000000800500c        0x8 d:/programs/stm32cubeide_1.3.0/stm32cubeide/plugins/com.st.stm32cube.ide.mcu.externaltools.gnu-tools-for-stm32.7-2018-q2-update.win32_1.0.0.201904181610/tools/bin/../lib/gcc/arm-none-eabi/7.3.1/thumb/v7e-m/fpv4-sp/hard/crtn.o
                0x0000000008005014                . = ALIGN (0x4)
                0x0000000008005014                _etext = .

.vfp11_veneer   0x0000000008005014        0x0
 .vfp11_veneer  0x0000000008005014        0x0 linker stubs

.v4_bx          0x0000000008005014        0x0
 .v4_bx         0x0000000008005014        0x0 linker stubs

.iplt           0x0000000008005014        0x0
 .iplt          0x0000000008005014        0x0 d:/programs/stm32cubeide_1.3.0/stm32cubeide/plugins/com.st.stm32cube.ide.mcu.externaltools.gnu-tools-for-stm32.7-2018-q2-update.win32_1.0.0.201904181610/tools/bin/../lib/gcc/arm-none-eabi/7.3.1/thumb/v7e-m/fpv4-sp/hard/crtbegin.o

.rodata         0x0000000008005014       0x40
                0x0000000008005014                . = ALIGN (0x4)
 *(.rodata)
 .rodata        0x0000000008005014       0x10 Core/Src/main.o
 .rodata        0x0000000008005024        0x5 Middlewares/Third_Party/FreeRTOS/Source/tasks.o
 *fill*         0x0000000008005029        0x3 
 .rodata        0x000000000800502c        0xd Middlewares/Third_Party/FreeRTOS/Source/timers.o
 *(.rodata*)
 *fill*         0x0000000008005039        0x3 
 .rodata.AHBPrescTable
                0x000000000800503c       0x10 Core/Src/system_stm32f4xx.o
                0x000000000800503c                AHBPrescTable
 .rodata.APBPrescTable
                0x000000000800504c        0x8 Core/Src/system_stm32f4xx.o
                0x000000000800504c                APBPrescTable
                0x0000000008005054                . = ALIGN (0x4)

.ARM.extab      0x0000000008005054        0x0
                0x0000000008005054                . = ALIGN (0x4)
 *(.ARM.extab* .gnu.linkonce.armextab.*)
                0x0000000008005054                . = ALIGN (0x4)

.ARM            0x0000000008005054        0x8
                0x0000000008005054                . = ALIGN (0x4)
                0x0000000008005054                __exidx_start = .
 *(.ARM.exidx*)
 .ARM.exidx     0x0000000008005054        0x8 d:/programs/stm32cubeide_1.3.0/stm32cubeide/plugins/com.st.stm32cube.ide.mcu.externaltools.gnu-tools-for-stm32.7-2018-q2-update.win32_1.0.0.201904181610/tools/bin/../lib/gcc/arm-none-eabi/7.3.1/thumb/v7e-m/fpv4-sp/hard\libgcc.a(_udivmoddi4.o)
                0x000000000800505c                __exidx_end = .
                0x000000000800505c                . = ALIGN (0x4)

.rel.dyn        0x000000000800505c        0x0
 .rel.iplt      0x000000000800505c        0x0 d:/programs/stm32cubeide_1.3.0/stm32cubeide/plugins/com.st.stm32cube.ide.mcu.externaltools.gnu-tools-for-stm32.7-2018-q2-update.win32_1.0.0.201904181610/tools/bin/../lib/gcc/arm-none-eabi/7.3.1/thumb/v7e-m/fpv4-sp/hard/crtbegin.o

.preinit_array  0x000000000800505c        0x0
                0x000000000800505c                . = ALIGN (0x4)
                0x000000000800505c                PROVIDE (__preinit_array_start = .)
 *(.preinit_array*)
                0x000000000800505c                PROVIDE (__preinit_array_end = .)
                0x000000000800505c                . = ALIGN (0x4)

.init_array     0x000000000800505c        0x4
                0x000000000800505c                . = ALIGN (0x4)
                0x000000000800505c                PROVIDE (__init_array_start = .)
 *(SORT_BY_NAME(.init_array.*))
 *(.init_array*)
 .init_array    0x000000000800505c        0x4 d:/programs/stm32cubeide_1.3.0/stm32cubeide/plugins/com.st.stm32cube.ide.mcu.externaltools.gnu-tools-for-stm32.7-2018-q2-update.win32_1.0.0.201904181610/tools/bin/../lib/gcc/arm-none-eabi/7.3.1/thumb/v7e-m/fpv4-sp/hard/crtbegin.o
                0x0000000008005060                PROVIDE (__init_array_end = .)
                0x0000000008005060                . = ALIGN (0x4)

.fini_array     0x0000000008005060        0x4
                0x0000000008005060                . = ALIGN (0x4)
                [!provide]                        PROVIDE (__fini_array_start = .)
 *(SORT_BY_NAME(.fini_array.*))
 *(.fini_array*)
 .fini_array    0x0000000008005060        0x4 d:/programs/stm32cubeide_1.3.0/stm32cubeide/plugins/com.st.stm32cube.ide.mcu.externaltools.gnu-tools-for-stm32.7-2018-q2-update.win32_1.0.0.201904181610/tools/bin/../lib/gcc/arm-none-eabi/7.3.1/thumb/v7e-m/fpv4-sp/hard/crtbegin.o
                [!provide]                        PROVIDE (__fini_array_end = .)
                0x0000000008005064                . = ALIGN (0x4)
                0x0000000008005064                _sidata = LOADADDR (.data)

.data           0x0000000020000000       0x10 load address 0x0000000008005064
                0x0000000020000000                . = ALIGN (0x4)
                0x0000000020000000                _sdata = .
 *(.data)
 *(.data*)
 .data.SystemCoreClock
                0x0000000020000000        0x4 Core/Src/system_stm32f4xx.o
                0x0000000020000000                SystemCoreClock
 .data.uwTickPrio
                0x0000000020000004        0x4 Drivers/STM32F4xx_HAL_Driver/Src/stm32f4xx_hal.o
                0x0000000020000004                uwTickPrio
 .data.uwTickFreq
                0x0000000020000008        0x1 Drivers/STM32F4xx_HAL_Driver/Src/stm32f4xx_hal.o
                0x0000000020000008                uwTickFreq
 *fill*         0x0000000020000009        0x3 
 .data.uxCriticalNesting
                0x000000002000000c        0x4 Middlewares/Third_Party/FreeRTOS/Source/portable/GCC/ARM_CM4F/port.o
                0x0000000020000010                . = ALIGN (0x4)
                0x0000000020000010                _edata = .

.igot.plt       0x0000000020000010        0x0 load address 0x0000000008005074
 .igot.plt      0x0000000020000010        0x0 d:/programs/stm32cubeide_1.3.0/stm32cubeide/plugins/com.st.stm32cube.ide.mcu.externaltools.gnu-tools-for-stm32.7-2018-q2-update.win32_1.0.0.201904181610/tools/bin/../lib/gcc/arm-none-eabi/7.3.1/thumb/v7e-m/fpv4-sp/hard/crtbegin.o
                0x0000000020000010                . = ALIGN (0x4)

.bss            0x0000000020000010     0x49f0 load address 0x0000000008005074
                0x0000000020000010                _sbss = .
                0x0000000020000010                __bss_start__ = _sbss
 *(.bss)
 .bss           0x0000000020000010       0x1c d:/programs/stm32cubeide_1.3.0/stm32cubeide/plugins/com.st.stm32cube.ide.mcu.externaltools.gnu-tools-for-stm32.7-2018-q2-update.win32_1.0.0.201904181610/tools/bin/../lib/gcc/arm-none-eabi/7.3.1/thumb/v7e-m/fpv4-sp/hard/crtbegin.o
 *(.bss*)
 .bss.KernelState
                0x000000002000002c        0x4 Middlewares/Third_Party/FreeRTOS/Source/CMSIS_RTOS_V2/cmsis_os2.o
 .bss.Idle_TCB  0x0000000020000030       0x5c Middlewares/Third_Party/FreeRTOS/Source/CMSIS_RTOS_V2/cmsis_os2.o
 .bss.Idle_Stack
                0x000000002000008c      0x200 Middlewares/Third_Party/FreeRTOS/Source/CMSIS_RTOS_V2/cmsis_os2.o
 .bss.Timer_TCB
                0x000000002000028c       0x5c Middlewares/Third_Party/FreeRTOS/Source/CMSIS_RTOS_V2/cmsis_os2.o
 .bss.Timer_Stack
                0x00000000200002e8      0x400 Middlewares/Third_Party/FreeRTOS/Source/CMSIS_RTOS_V2/cmsis_os2.o
 .bss.pxCurrentTCB
                0x00000000200006e8        0x4 Middlewares/Third_Party/FreeRTOS/Source/tasks.o
                0x00000000200006e8                pxCurrentTCB
 .bss.pxReadyTasksLists
                0x00000000200006ec      0x460 Middlewares/Third_Party/FreeRTOS/Source/tasks.o
 .bss.xDelayedTaskList1
                0x0000000020000b4c       0x14 Middlewares/Third_Party/FreeRTOS/Source/tasks.o
 .bss.xDelayedTaskList2
                0x0000000020000b60       0x14 Middlewares/Third_Party/FreeRTOS/Source/tasks.o
 .bss.pxDelayedTaskList
                0x0000000020000b74        0x4 Middlewares/Third_Party/FreeRTOS/Source/tasks.o
 .bss.pxOverflowDelayedTaskList
                0x0000000020000b78        0x4 Middlewares/Third_Party/FreeRTOS/Source/tasks.o
 .bss.xPendingReadyList
                0x0000000020000b7c       0x14 Middlewares/Third_Party/FreeRTOS/Source/tasks.o
 .bss.xTasksWaitingTermination
                0x0000000020000b90       0x14 Middlewares/Third_Party/FreeRTOS/Source/tasks.o
 .bss.uxDeletedTasksWaitingCleanUp
                0x0000000020000ba4        0x4 Middlewares/Third_Party/FreeRTOS/Source/tasks.o
 .bss.xSuspendedTaskList
                0x0000000020000ba8       0x14 Middlewares/Third_Party/FreeRTOS/Source/tasks.o
 .bss.uxCurrentNumberOfTasks
                0x0000000020000bbc        0x4 Middlewares/Third_Party/FreeRTOS/Source/tasks.o
 .bss.xTickCount
                0x0000000020000bc0        0x4 Middlewares/Third_Party/FreeRTOS/Source/tasks.o
 .bss.uxTopReadyPriority
                0x0000000020000bc4        0x4 Middlewares/Third_Party/FreeRTOS/Source/tasks.o
 .bss.xSchedulerRunning
                0x0000000020000bc8        0x4 Middlewares/Third_Party/FreeRTOS/Source/tasks.o
 .bss.uxPendedTicks
                0x0000000020000bcc        0x4 Middlewares/Third_Party/FreeRTOS/Source/tasks.o
 .bss.xYieldPending
                0x0000000020000bd0        0x4 Middlewares/Third_Party/FreeRTOS/Source/tasks.o
 .bss.xNumOfOverflows
                0x0000000020000bd4        0x4 Middlewares/Third_Party/FreeRTOS/Source/tasks.o
 .bss.uxTaskNumber
                0x0000000020000bd8        0x4 Middlewares/Third_Party/FreeRTOS/Source/tasks.o
 .bss.xNextTaskUnblockTime
                0x0000000020000bdc        0x4 Middlewares/Third_Party/FreeRTOS/Source/tasks.o
 .bss.xIdleTaskHandle
                0x0000000020000be0        0x4 Middlewares/Third_Party/FreeRTOS/Source/tasks.o
 .bss.uxSchedulerSuspended
                0x0000000020000be4        0x4 Middlewares/Third_Party/FreeRTOS/Source/tasks.o
 .bss.xActiveTimerList1
                0x0000000020000be8       0x14 Middlewares/Third_Party/FreeRTOS/Source/timers.o
 .bss.xActiveTimerList2
                0x0000000020000bfc       0x14 Middlewares/Third_Party/FreeRTOS/Source/timers.o
 .bss.pxCurrentTimerList
                0x0000000020000c10        0x4 Middlewares/Third_Party/FreeRTOS/Source/timers.o
 .bss.pxOverflowTimerList
                0x0000000020000c14        0x4 Middlewares/Third_Party/FreeRTOS/Source/timers.o
 .bss.xTimerQueue
                0x0000000020000c18        0x4 Middlewares/Third_Party/FreeRTOS/Source/timers.o
 .bss.xTimerTaskHandle
                0x0000000020000c1c        0x4 Middlewares/Third_Party/FreeRTOS/Source/timers.o
 .bss.xLastTime.6741
                0x0000000020000c20        0x4 Middlewares/Third_Party/FreeRTOS/Source/timers.o
 .bss.ucStaticTimerQueueStorage.6792
                0x0000000020000c24       0xa0 Middlewares/Third_Party/FreeRTOS/Source/timers.o
 .bss.xStaticTimerQueue.6791
                0x0000000020000cc4       0x50 Middlewares/Third_Party/FreeRTOS/Source/timers.o
 .bss.ucMaxSysCallPriority
                0x0000000020000d14        0x1 Middlewares/Third_Party/FreeRTOS/Source/portable/GCC/ARM_CM4F/port.o
 *fill*         0x0000000020000d15        0x3 
 .bss.ulMaxPRIGROUPValue
                0x0000000020000d18        0x4 Middlewares/Third_Party/FreeRTOS/Source/portable/GCC/ARM_CM4F/port.o
 .bss.ucHeap    0x0000000020000d1c     0x3c00 Middlewares/Third_Party/FreeRTOS/Source/portable/MemMang/heap_4.o
 .bss.xStart    0x000000002000491c        0x8 Middlewares/Third_Party/FreeRTOS/Source/portable/MemMang/heap_4.o
 .bss.pxEnd     0x0000000020004924        0x4 Middlewares/Third_Party/FreeRTOS/Source/portable/MemMang/heap_4.o
 .bss.xFreeBytesRemaining
                0x0000000020004928        0x4 Middlewares/Third_Party/FreeRTOS/Source/portable/MemMang/heap_4.o
 .bss.xMinimumEverFreeBytesRemaining
                0x000000002000492c        0x4 Middlewares/Third_Party/FreeRTOS/Source/portable/MemMang/heap_4.o
 .bss.xBlockAllocatedBit
                0x0000000020004930        0x4 Middlewares/Third_Party/FreeRTOS/Source/portable/MemMang/heap_4.o
 *(COMMON)
 COMMON         0x0000000020004934       0x48 Core/Src/main.o
                0x0000000020004934                huart2
                0x0000000020004974                blink01Handle
                0x0000000020004978                blink02Handle
 COMMON         0x000000002000497c       0x40 Core/Src/stm32f4xx_hal_timebase_tim.o
                0x000000002000497c                htim6
 COMMON         0x00000000200049bc        0x4 Drivers/STM32F4xx_HAL_Driver/Src/stm32f4xx_hal.o
                0x00000000200049bc                uwTick
 COMMON         0x00000000200049c0       0x40 Middlewares/Third_Party/FreeRTOS/Source/queue.o
                0x00000000200049c0                xQueueRegistry
                0x0000000020004a00                . = ALIGN (0x4)
                0x0000000020004a00                _ebss = .
                0x0000000020004a00                __bss_end__ = _ebss

._user_heap_stack
                0x0000000020004a00      0x600 load address 0x0000000008005074
                0x0000000020004a00                . = ALIGN (0x8)
                0x0000000020004a00                PROVIDE (end = .)
                [!provide]                        PROVIDE (_end = .)
                0x0000000020004c00                . = (. + _Min_Heap_Size)
 *fill*         0x0000000020004a00      0x200 
                0x0000000020005000                . = (. + _Min_Stack_Size)
 *fill*         0x0000000020004c00      0x400 
                0x0000000020005000                . = ALIGN (0x8)

/DISCARD/
 libc.a(*)
 libm.a(*)
 libgcc.a(*)

.ARM.attributes
                0x0000000000000000       0x30
 *(.ARM.attributes)
 .ARM.attributes
                0x0000000000000000       0x22 d:/programs/stm32cubeide_1.3.0/stm32cubeide/plugins/com.st.stm32cube.ide.mcu.externaltools.gnu-tools-for-stm32.7-2018-q2-update.win32_1.0.0.201904181610/tools/bin/../lib/gcc/arm-none-eabi/7.3.1/thumb/v7e-m/fpv4-sp/hard/crti.o
 .ARM.attributes
                0x0000000000000022       0x34 d:/programs/stm32cubeide_1.3.0/stm32cubeide/plugins/com.st.stm32cube.ide.mcu.externaltools.gnu-tools-for-stm32.7-2018-q2-update.win32_1.0.0.201904181610/tools/bin/../lib/gcc/arm-none-eabi/7.3.1/thumb/v7e-m/fpv4-sp/hard/crtbegin.o
 .ARM.attributes
                0x0000000000000056       0x39 Core/Src/main.o
 .ARM.attributes
                0x000000000000008f       0x39 Core/Src/stm32f4xx_hal_msp.o
 .ARM.attributes
                0x00000000000000c8       0x39 Core/Src/stm32f4xx_hal_timebase_tim.o
 .ARM.attributes
                0x0000000000000101       0x39 Core/Src/stm32f4xx_it.o
 .ARM.attributes
                0x000000000000013a       0x39 Core/Src/system_stm32f4xx.o
 .ARM.attributes
                0x0000000000000173       0x21 Core/Startup/startup_stm32f413zhtx.o
 .ARM.attributes
                0x0000000000000194       0x39 Drivers/STM32F4xx_HAL_Driver/Src/stm32f4xx_hal.o
 .ARM.attributes
                0x00000000000001cd       0x39 Drivers/STM32F4xx_HAL_Driver/Src/stm32f4xx_hal_cortex.o
 .ARM.attributes
                0x0000000000000206       0x39 Drivers/STM32F4xx_HAL_Driver/Src/stm32f4xx_hal_gpio.o
 .ARM.attributes
                0x000000000000023f       0x39 Drivers/STM32F4xx_HAL_Driver/Src/stm32f4xx_hal_rcc.o
 .ARM.attributes
                0x0000000000000278       0x39 Drivers/STM32F4xx_HAL_Driver/Src/stm32f4xx_hal_rcc_ex.o
 .ARM.attributes
                0x00000000000002b1       0x39 Drivers/STM32F4xx_HAL_Driver/Src/stm32f4xx_hal_tim.o
 .ARM.attributes
                0x00000000000002ea       0x39 Drivers/STM32F4xx_HAL_Driver/Src/stm32f4xx_hal_tim_ex.o
 .ARM.attributes
                0x0000000000000323       0x39 Drivers/STM32F4xx_HAL_Driver/Src/stm32f4xx_hal_uart.o
 .ARM.attributes
                0x000000000000035c       0x39 Middlewares/Third_Party/FreeRTOS/Source/CMSIS_RTOS_V2/cmsis_os2.o
 .ARM.attributes
                0x0000000000000395       0x39 Middlewares/Third_Party/FreeRTOS/Source/list.o
 .ARM.attributes
                0x00000000000003ce       0x39 Middlewares/Third_Party/FreeRTOS/Source/queue.o
 .ARM.attributes
                0x0000000000000407       0x39 Middlewares/Third_Party/FreeRTOS/Source/tasks.o
 .ARM.attributes
                0x0000000000000440       0x39 Middlewares/Third_Party/FreeRTOS/Source/timers.o
 .ARM.attributes
                0x0000000000000479       0x39 Middlewares/Third_Party/FreeRTOS/Source/portable/GCC/ARM_CM4F/port.o
 .ARM.attributes
                0x00000000000004b2       0x39 Middlewares/Third_Party/FreeRTOS/Source/portable/MemMang/heap_4.o
 .ARM.attributes
                0x00000000000004eb       0x34 d:/programs/stm32cubeide_1.3.0/stm32cubeide/plugins/com.st.stm32cube.ide.mcu.externaltools.gnu-tools-for-stm32.7-2018-q2-update.win32_1.0.0.201904181610/tools/bin/../lib/gcc/arm-none-eabi/7.3.1/../../../../arm-none-eabi/lib/thumb/v7e-m/fpv4-sp/hard\libc_nano.a(lib_a-init.o)
 .ARM.attributes
                0x000000000000051f       0x34 d:/programs/stm32cubeide_1.3.0/stm32cubeide/plugins/com.st.stm32cube.ide.mcu.externaltools.gnu-tools-for-stm32.7-2018-q2-update.win32_1.0.0.201904181610/tools/bin/../lib/gcc/arm-none-eabi/7.3.1/../../../../arm-none-eabi/lib/thumb/v7e-m/fpv4-sp/hard\libc_nano.a(lib_a-memcpy-stub.o)
 .ARM.attributes
                0x0000000000000553       0x34 d:/programs/stm32cubeide_1.3.0/stm32cubeide/plugins/com.st.stm32cube.ide.mcu.externaltools.gnu-tools-for-stm32.7-2018-q2-update.win32_1.0.0.201904181610/tools/bin/../lib/gcc/arm-none-eabi/7.3.1/../../../../arm-none-eabi/lib/thumb/v7e-m/fpv4-sp/hard\libc_nano.a(lib_a-memset.o)
 .ARM.attributes
                0x0000000000000587       0x22 d:/programs/stm32cubeide_1.3.0/stm32cubeide/plugins/com.st.stm32cube.ide.mcu.externaltools.gnu-tools-for-stm32.7-2018-q2-update.win32_1.0.0.201904181610/tools/bin/../lib/gcc/arm-none-eabi/7.3.1/thumb/v7e-m/fpv4-sp/hard\libgcc.a(_aeabi_uldivmod.o)
 .ARM.attributes
                0x00000000000005a9       0x34 d:/programs/stm32cubeide_1.3.0/stm32cubeide/plugins/com.st.stm32cube.ide.mcu.externaltools.gnu-tools-for-stm32.7-2018-q2-update.win32_1.0.0.201904181610/tools/bin/../lib/gcc/arm-none-eabi/7.3.1/thumb/v7e-m/fpv4-sp/hard\libgcc.a(_udivmoddi4.o)
 .ARM.attributes
                0x00000000000005dd       0x22 d:/programs/stm32cubeide_1.3.0/stm32cubeide/plugins/com.st.stm32cube.ide.mcu.externaltools.gnu-tools-for-stm32.7-2018-q2-update.win32_1.0.0.201904181610/tools/bin/../lib/gcc/arm-none-eabi/7.3.1/thumb/v7e-m/fpv4-sp/hard\libgcc.a(_dvmd_tls.o)
 .ARM.attributes
                0x00000000000005ff       0x22 d:/programs/stm32cubeide_1.3.0/stm32cubeide/plugins/com.st.stm32cube.ide.mcu.externaltools.gnu-tools-for-stm32.7-2018-q2-update.win32_1.0.0.201904181610/tools/bin/../lib/gcc/arm-none-eabi/7.3.1/thumb/v7e-m/fpv4-sp/hard/crtn.o
OUTPUT(Lab4.elf elf32-littlearm)

.debug_info     0x0000000000000000    0x175aa
 .debug_info    0x0000000000000000     0x10ab Core/Src/main.o
 .debug_info    0x00000000000010ab      0xbe7 Core/Src/stm32f4xx_hal_msp.o
 .debug_info    0x0000000000001c92      0xbaf Core/Src/stm32f4xx_hal_timebase_tim.o
 .debug_info    0x0000000000002841      0x6bf Core/Src/stm32f4xx_it.o
 .debug_info    0x0000000000002f00      0x588 Core/Src/system_stm32f4xx.o
 .debug_info    0x0000000000003488       0x22 Core/Startup/startup_stm32f413zhtx.o
 .debug_info    0x00000000000034aa      0x9c7 Drivers/STM32F4xx_HAL_Driver/Src/stm32f4xx_hal.o
 .debug_info    0x0000000000003e71      0xe76 Drivers/STM32F4xx_HAL_Driver/Src/stm32f4xx_hal_cortex.o
 .debug_info    0x0000000000004ce7      0x81d Drivers/STM32F4xx_HAL_Driver/Src/stm32f4xx_hal_gpio.o
 .debug_info    0x0000000000005504      0x944 Drivers/STM32F4xx_HAL_Driver/Src/stm32f4xx_hal_rcc.o
 .debug_info    0x0000000000005e48      0x873 Drivers/STM32F4xx_HAL_Driver/Src/stm32f4xx_hal_rcc_ex.o
 .debug_info    0x00000000000066bb     0x24a9 Drivers/STM32F4xx_HAL_Driver/Src/stm32f4xx_hal_tim.o
 .debug_info    0x0000000000008b64     0x13d8 Drivers/STM32F4xx_HAL_Driver/Src/stm32f4xx_hal_tim_ex.o
 .debug_info    0x0000000000009f3c     0x124c Drivers/STM32F4xx_HAL_Driver/Src/stm32f4xx_hal_uart.o
 .debug_info    0x000000000000b188     0x401f Middlewares/Third_Party/FreeRTOS/Source/CMSIS_RTOS_V2/cmsis_os2.o
 .debug_info    0x000000000000f1a7      0xacb Middlewares/Third_Party/FreeRTOS/Source/list.o
 .debug_info    0x000000000000fc72     0x239c Middlewares/Third_Party/FreeRTOS/Source/queue.o
 .debug_info    0x000000000001200e     0x29c5 Middlewares/Third_Party/FreeRTOS/Source/tasks.o
 .debug_info    0x00000000000149d3     0x1aba Middlewares/Third_Party/FreeRTOS/Source/timers.o
 .debug_info    0x000000000001648d      0x533 Middlewares/Third_Party/FreeRTOS/Source/portable/GCC/ARM_CM4F/port.o
 .debug_info    0x00000000000169c0      0xbea Middlewares/Third_Party/FreeRTOS/Source/portable/MemMang/heap_4.o

.debug_abbrev   0x0000000000000000     0x2c8e
 .debug_abbrev  0x0000000000000000      0x222 Core/Src/main.o
 .debug_abbrev  0x0000000000000222      0x195 Core/Src/stm32f4xx_hal_msp.o
 .debug_abbrev  0x00000000000003b7      0x19d Core/Src/stm32f4xx_hal_timebase_tim.o
 .debug_abbrev  0x0000000000000554      0x15a Core/Src/stm32f4xx_it.o
 .debug_abbrev  0x00000000000006ae      0x12b Core/Src/system_stm32f4xx.o
 .debug_abbrev  0x00000000000007d9       0x12 Core/Startup/startup_stm32f413zhtx.o
 .debug_abbrev  0x00000000000007eb      0x1c7 Drivers/STM32F4xx_HAL_Driver/Src/stm32f4xx_hal.o
 .debug_abbrev  0x00000000000009b2      0x2fa Drivers/STM32F4xx_HAL_Driver/Src/stm32f4xx_hal_cortex.o
 .debug_abbrev  0x0000000000000cac      0x1c9 Drivers/STM32F4xx_HAL_Driver/Src/stm32f4xx_hal_gpio.o
 .debug_abbrev  0x0000000000000e75      0x245 Drivers/STM32F4xx_HAL_Driver/Src/stm32f4xx_hal_rcc.o
 .debug_abbrev  0x00000000000010ba      0x19e Drivers/STM32F4xx_HAL_Driver/Src/stm32f4xx_hal_rcc_ex.o
 .debug_abbrev  0x0000000000001258      0x230 Drivers/STM32F4xx_HAL_Driver/Src/stm32f4xx_hal_tim.o
 .debug_abbrev  0x0000000000001488      0x227 Drivers/STM32F4xx_HAL_Driver/Src/stm32f4xx_hal_tim_ex.o
 .debug_abbrev  0x00000000000016af      0x242 Drivers/STM32F4xx_HAL_Driver/Src/stm32f4xx_hal_uart.o
 .debug_abbrev  0x00000000000018f1      0x3c3 Middlewares/Third_Party/FreeRTOS/Source/CMSIS_RTOS_V2/cmsis_os2.o
 .debug_abbrev  0x0000000000001cb4      0x1cf Middlewares/Third_Party/FreeRTOS/Source/list.o
 .debug_abbrev  0x0000000000001e83      0x336 Middlewares/Third_Party/FreeRTOS/Source/queue.o
 .debug_abbrev  0x00000000000021b9      0x350 Middlewares/Third_Party/FreeRTOS/Source/tasks.o
 .debug_abbrev  0x0000000000002509      0x2d7 Middlewares/Third_Party/FreeRTOS/Source/timers.o
 .debug_abbrev  0x00000000000027e0      0x210 Middlewares/Third_Party/FreeRTOS/Source/portable/GCC/ARM_CM4F/port.o
 .debug_abbrev  0x00000000000029f0      0x29e Middlewares/Third_Party/FreeRTOS/Source/portable/MemMang/heap_4.o

.debug_aranges  0x0000000000000000     0x12e0
 .debug_aranges
                0x0000000000000000       0x60 Core/Src/main.o
 .debug_aranges
                0x0000000000000060       0x30 Core/Src/stm32f4xx_hal_msp.o
 .debug_aranges
                0x0000000000000090       0x30 Core/Src/stm32f4xx_hal_timebase_tim.o
 .debug_aranges
                0x00000000000000c0       0x50 Core/Src/stm32f4xx_it.o
 .debug_aranges
                0x0000000000000110       0x28 Core/Src/system_stm32f4xx.o
 .debug_aranges
                0x0000000000000138       0x28 Core/Startup/startup_stm32f413zhtx.o
 .debug_aranges
                0x0000000000000160       0xf0 Drivers/STM32F4xx_HAL_Driver/Src/stm32f4xx_hal.o
 .debug_aranges
                0x0000000000000250      0x118 Drivers/STM32F4xx_HAL_Driver/Src/stm32f4xx_hal_cortex.o
 .debug_aranges
                0x0000000000000368       0x58 Drivers/STM32F4xx_HAL_Driver/Src/stm32f4xx_hal_gpio.o
 .debug_aranges
                0x00000000000003c0       0x88 Drivers/STM32F4xx_HAL_Driver/Src/stm32f4xx_hal_rcc.o
 .debug_aranges
                0x0000000000000448       0x60 Drivers/STM32F4xx_HAL_Driver/Src/stm32f4xx_hal_rcc_ex.o
 .debug_aranges
                0x00000000000004a8      0x3a8 Drivers/STM32F4xx_HAL_Driver/Src/stm32f4xx_hal_tim.o
 .debug_aranges
                0x0000000000000850      0x150 Drivers/STM32F4xx_HAL_Driver/Src/stm32f4xx_hal_tim_ex.o
 .debug_aranges
                0x00000000000009a0      0x1d0 Drivers/STM32F4xx_HAL_Driver/Src/stm32f4xx_hal_uart.o
 .debug_aranges
                0x0000000000000b70      0x228 Middlewares/Third_Party/FreeRTOS/Source/CMSIS_RTOS_V2/cmsis_os2.o
 .debug_aranges
                0x0000000000000d98       0x40 Middlewares/Third_Party/FreeRTOS/Source/list.o
 .debug_aranges
                0x0000000000000dd8      0x158 Middlewares/Third_Party/FreeRTOS/Source/queue.o
 .debug_aranges
                0x0000000000000f30      0x1f8 Middlewares/Third_Party/FreeRTOS/Source/tasks.o
 .debug_aranges
                0x0000000000001128       0xe8 Middlewares/Third_Party/FreeRTOS/Source/timers.o
 .debug_aranges
                0x0000000000001210       0x80 Middlewares/Third_Party/FreeRTOS/Source/portable/GCC/ARM_CM4F/port.o
 .debug_aranges
                0x0000000000001290       0x50 Middlewares/Third_Party/FreeRTOS/Source/portable/MemMang/heap_4.o

.debug_ranges   0x0000000000000000     0x1198
 .debug_ranges  0x0000000000000000       0x50 Core/Src/main.o
 .debug_ranges  0x0000000000000050       0x20 Core/Src/stm32f4xx_hal_msp.o
 .debug_ranges  0x0000000000000070       0x20 Core/Src/stm32f4xx_hal_timebase_tim.o
 .debug_ranges  0x0000000000000090       0x40 Core/Src/stm32f4xx_it.o
 .debug_ranges  0x00000000000000d0       0x18 Core/Src/system_stm32f4xx.o
 .debug_ranges  0x00000000000000e8       0x20 Core/Startup/startup_stm32f413zhtx.o
 .debug_ranges  0x0000000000000108       0xe0 Drivers/STM32F4xx_HAL_Driver/Src/stm32f4xx_hal.o
 .debug_ranges  0x00000000000001e8      0x108 Drivers/STM32F4xx_HAL_Driver/Src/stm32f4xx_hal_cortex.o
 .debug_ranges  0x00000000000002f0       0x48 Drivers/STM32F4xx_HAL_Driver/Src/stm32f4xx_hal_gpio.o
 .debug_ranges  0x0000000000000338       0x78 Drivers/STM32F4xx_HAL_Driver/Src/stm32f4xx_hal_rcc.o
 .debug_ranges  0x00000000000003b0       0x50 Drivers/STM32F4xx_HAL_Driver/Src/stm32f4xx_hal_rcc_ex.o
 .debug_ranges  0x0000000000000400      0x398 Drivers/STM32F4xx_HAL_Driver/Src/stm32f4xx_hal_tim.o
 .debug_ranges  0x0000000000000798      0x140 Drivers/STM32F4xx_HAL_Driver/Src/stm32f4xx_hal_tim_ex.o
 .debug_ranges  0x00000000000008d8      0x1c0 Drivers/STM32F4xx_HAL_Driver/Src/stm32f4xx_hal_uart.o
 .debug_ranges  0x0000000000000a98      0x218 Middlewares/Third_Party/FreeRTOS/Source/CMSIS_RTOS_V2/cmsis_os2.o
 .debug_ranges  0x0000000000000cb0       0x30 Middlewares/Third_Party/FreeRTOS/Source/list.o
 .debug_ranges  0x0000000000000ce0      0x148 Middlewares/Third_Party/FreeRTOS/Source/queue.o
 .debug_ranges  0x0000000000000e28      0x1e8 Middlewares/Third_Party/FreeRTOS/Source/tasks.o
 .debug_ranges  0x0000000000001010       0xd8 Middlewares/Third_Party/FreeRTOS/Source/timers.o
 .debug_ranges  0x00000000000010e8       0x70 Middlewares/Third_Party/FreeRTOS/Source/portable/GCC/ARM_CM4F/port.o
 .debug_ranges  0x0000000000001158       0x40 Middlewares/Third_Party/FreeRTOS/Source/portable/MemMang/heap_4.o

.debug_macro    0x0000000000000000     0x2d8a
 .debug_macro   0x0000000000000000      0x268 Core/Src/main.o
 .debug_macro   0x0000000000000268      0x137 Core/Src/main.o
 .debug_macro   0x000000000000039f       0x66 Core/Src/main.o
 .debug_macro   0x0000000000000405       0x74 Core/Src/main.o
 .debug_macro   0x0000000000000479       0xdd Core/Src/main.o
 .debug_macro   0x0000000000000556      0x1d8 Core/Src/stm32f4xx_hal_msp.o
 .debug_macro   0x000000000000072e      0x1ce Core/Src/stm32f4xx_hal_timebase_tim.o
 .debug_macro   0x00000000000008fc      0x24a Core/Src/stm32f4xx_it.o
 .debug_macro   0x0000000000000b46      0x1d4 Core/Src/system_stm32f4xx.o
 .debug_macro   0x0000000000000d1a      0x22e Drivers/STM32F4xx_HAL_Driver/Src/stm32f4xx_hal.o
 .debug_macro   0x0000000000000f48      0x1ce Drivers/STM32F4xx_HAL_Driver/Src/stm32f4xx_hal_cortex.o
 .debug_macro   0x0000000000001116      0x204 Drivers/STM32F4xx_HAL_Driver/Src/stm32f4xx_hal_gpio.o
 .debug_macro   0x000000000000131a      0x1f2 Drivers/STM32F4xx_HAL_Driver/Src/stm32f4xx_hal_rcc.o
 .debug_macro   0x000000000000150c      0x1ce Drivers/STM32F4xx_HAL_Driver/Src/stm32f4xx_hal_rcc_ex.o
 .debug_macro   0x00000000000016da      0x1cf Drivers/STM32F4xx_HAL_Driver/Src/stm32f4xx_hal_tim.o
 .debug_macro   0x00000000000018a9      0x1ce Drivers/STM32F4xx_HAL_Driver/Src/stm32f4xx_hal_tim_ex.o
 .debug_macro   0x0000000000001a77      0x1cf Drivers/STM32F4xx_HAL_Driver/Src/stm32f4xx_hal_uart.o
 .debug_macro   0x0000000000001c46      0x23a Middlewares/Third_Party/FreeRTOS/Source/CMSIS_RTOS_V2/cmsis_os2.o
 .debug_macro   0x0000000000001e80       0x10 Middlewares/Third_Party/FreeRTOS/Source/CMSIS_RTOS_V2/cmsis_os2.o
 .debug_macro   0x0000000000001e90       0x20 Middlewares/Third_Party/FreeRTOS/Source/CMSIS_RTOS_V2/cmsis_os2.o
 .debug_macro   0x0000000000001eb0       0x10 Middlewares/Third_Party/FreeRTOS/Source/CMSIS_RTOS_V2/cmsis_os2.o
 .debug_macro   0x0000000000001ec0       0xd3 Middlewares/Third_Party/FreeRTOS/Source/CMSIS_RTOS_V2/cmsis_os2.o
 .debug_macro   0x0000000000001f93       0x91 Middlewares/Third_Party/FreeRTOS/Source/CMSIS_RTOS_V2/cmsis_os2.o
 .debug_macro   0x0000000000002024       0x8d Middlewares/Third_Party/FreeRTOS/Source/CMSIS_RTOS_V2/cmsis_os2.o
 .debug_macro   0x00000000000020b1       0x9a Middlewares/Third_Party/FreeRTOS/Source/CMSIS_RTOS_V2/cmsis_os2.o
 .debug_macro   0x000000000000214b      0x17a Middlewares/Third_Party/FreeRTOS/Source/list.o
 .debug_macro   0x00000000000022c5      0x209 Middlewares/Third_Party/FreeRTOS/Source/queue.o
 .debug_macro   0x00000000000024ce       0x16 Middlewares/Third_Party/FreeRTOS/Source/queue.o
 .debug_macro   0x00000000000024e4       0x87 Middlewares/Third_Party/FreeRTOS/Source/queue.o
 .debug_macro   0x000000000000256b      0x272 Middlewares/Third_Party/FreeRTOS/Source/tasks.o
 .debug_macro   0x00000000000027dd       0x10 Middlewares/Third_Party/FreeRTOS/Source/tasks.o
 .debug_macro   0x00000000000027ed      0x1cf Middlewares/Third_Party/FreeRTOS/Source/timers.o
 .debug_macro   0x00000000000029bc       0x97 Middlewares/Third_Party/FreeRTOS/Source/timers.o
 .debug_macro   0x0000000000002a53      0x196 Middlewares/Third_Party/FreeRTOS/Source/portable/GCC/ARM_CM4F/port.o
 .debug_macro   0x0000000000002be9      0x1a1 Middlewares/Third_Party/FreeRTOS/Source/portable/MemMang/heap_4.o

.debug_line     0x0000000000000000     0xeeaf
 .debug_line    0x0000000000000000      0x90c Core/Src/main.o
 .debug_line    0x000000000000090c      0x709 Core/Src/stm32f4xx_hal_msp.o
 .debug_line    0x0000000000001015      0x70d Core/Src/stm32f4xx_hal_timebase_tim.o
 .debug_line    0x0000000000001722      0x85e Core/Src/stm32f4xx_it.o
 .debug_line    0x0000000000001f80      0x6f4 Core/Src/system_stm32f4xx.o
 .debug_line    0x0000000000002674       0x85 Core/Startup/startup_stm32f413zhtx.o
 .debug_line    0x00000000000026f9      0x8de Drivers/STM32F4xx_HAL_Driver/Src/stm32f4xx_hal.o
 .debug_line    0x0000000000002fd7      0xa02 Drivers/STM32F4xx_HAL_Driver/Src/stm32f4xx_hal_cortex.o
 .debug_line    0x00000000000039d9      0x8a9 Drivers/STM32F4xx_HAL_Driver/Src/stm32f4xx_hal_gpio.o
 .debug_line    0x0000000000004282      0x936 Drivers/STM32F4xx_HAL_Driver/Src/stm32f4xx_hal_rcc.o
 .debug_line    0x0000000000004bb8      0x9df Drivers/STM32F4xx_HAL_Driver/Src/stm32f4xx_hal_rcc_ex.o
 .debug_line    0x0000000000005597     0x1957 Drivers/STM32F4xx_HAL_Driver/Src/stm32f4xx_hal_tim.o
 .debug_line    0x0000000000006eee      0xced Drivers/STM32F4xx_HAL_Driver/Src/stm32f4xx_hal_tim_ex.o
 .debug_line    0x0000000000007bdb      0xffe Drivers/STM32F4xx_HAL_Driver/Src/stm32f4xx_hal_uart.o
 .debug_line    0x0000000000008bd9     0x1e3e Middlewares/Third_Party/FreeRTOS/Source/CMSIS_RTOS_V2/cmsis_os2.o
 .debug_line    0x000000000000aa17      0x68a Middlewares/Third_Party/FreeRTOS/Source/list.o
 .debug_line    0x000000000000b0a1     0x111f Middlewares/Third_Party/FreeRTOS/Source/queue.o
 .debug_line    0x000000000000c1c0     0x1427 Middlewares/Third_Party/FreeRTOS/Source/tasks.o
 .debug_line    0x000000000000d5e7      0xa9d Middlewares/Third_Party/FreeRTOS/Source/timers.o
 .debug_line    0x000000000000e084      0x6bb Middlewares/Third_Party/FreeRTOS/Source/portable/GCC/ARM_CM4F/port.o
 .debug_line    0x000000000000e73f      0x770 Middlewares/Third_Party/FreeRTOS/Source/portable/MemMang/heap_4.o

.debug_str      0x0000000000000000    0xd5337
 .debug_str     0x0000000000000000    0xc9dea Core/Src/main.o
                                      0xca182 (size before relaxing)
 .debug_str     0x00000000000c9dea      0x5d2 Core/Src/stm32f4xx_hal_msp.o
                                      0xc5707 (size before relaxing)
 .debug_str     0x00000000000ca3bc       0xaa Core/Src/stm32f4xx_hal_timebase_tim.o
                                      0xc5774 (size before relaxing)
 .debug_str     0x00000000000ca466       0xa6 Core/Src/stm32f4xx_it.o
                                      0xc8c8b (size before relaxing)
 .debug_str     0x00000000000ca50c       0xc4 Core/Src/system_stm32f4xx.o
                                      0xc4d4c (size before relaxing)
 .debug_str     0x00000000000ca5d0       0x36 Core/Startup/startup_stm32f413zhtx.o
                                         0x5d (size before relaxing)
 .debug_str     0x00000000000ca606      0x542 Drivers/STM32F4xx_HAL_Driver/Src/stm32f4xx_hal.o
                                      0xc58cb (size before relaxing)
 .debug_str     0x00000000000cab48      0x389 Drivers/STM32F4xx_HAL_Driver/Src/stm32f4xx_hal_cortex.o
                                      0xc5696 (size before relaxing)
 .debug_str     0x00000000000caed1      0x215 Drivers/STM32F4xx_HAL_Driver/Src/stm32f4xx_hal_gpio.o
                                      0xc4f9a (size before relaxing)
 .debug_str     0x00000000000cb0e6      0x24f Drivers/STM32F4xx_HAL_Driver/Src/stm32f4xx_hal_rcc.o
                                      0xc513e (size before relaxing)
 .debug_str     0x00000000000cb335      0x2ba Drivers/STM32F4xx_HAL_Driver/Src/stm32f4xx_hal_rcc_ex.o
                                      0xc50e2 (size before relaxing)
 .debug_str     0x00000000000cb5ef      0xd6f Drivers/STM32F4xx_HAL_Driver/Src/stm32f4xx_hal_tim.o
                                      0xc5e34 (size before relaxing)
 .debug_str     0x00000000000cc35e      0x4fa Drivers/STM32F4xx_HAL_Driver/Src/stm32f4xx_hal_tim_ex.o
                                      0xc5769 (size before relaxing)
 .debug_str     0x00000000000cc858      0x516 Drivers/STM32F4xx_HAL_Driver/Src/stm32f4xx_hal_uart.o
                                      0xc5574 (size before relaxing)
 .debug_str     0x00000000000ccd6e     0x57ba Middlewares/Third_Party/FreeRTOS/Source/CMSIS_RTOS_V2/cmsis_os2.o
                                       0xe340 (size before relaxing)
 .debug_str     0x00000000000d2528      0x219 Middlewares/Third_Party/FreeRTOS/Source/list.o
                                       0xa661 (size before relaxing)
 .debug_str     0x00000000000d2741      0x92e Middlewares/Third_Party/FreeRTOS/Source/queue.o
                                       0xbfc0 (size before relaxing)
 .debug_str     0x00000000000d306f     0x1269 Middlewares/Third_Party/FreeRTOS/Source/tasks.o
                                       0xcaf7 (size before relaxing)
 .debug_str     0x00000000000d42d8      0x60b Middlewares/Third_Party/FreeRTOS/Source/timers.o
                                       0xc53d (size before relaxing)
 .debug_str     0x00000000000d48e3      0x803 Middlewares/Third_Party/FreeRTOS/Source/portable/GCC/ARM_CM4F/port.o
                                       0x842a (size before relaxing)
 .debug_str     0x00000000000d50e6      0x251 Middlewares/Third_Party/FreeRTOS/Source/portable/MemMang/heap_4.o
                                       0xae54 (size before relaxing)

.comment        0x0000000000000000       0x7b
 .comment       0x0000000000000000       0x7b Core/Src/main.o
                                         0x7c (size before relaxing)
 .comment       0x000000000000007b       0x7c Core/Src/stm32f4xx_hal_msp.o
 .comment       0x000000000000007b       0x7c Core/Src/stm32f4xx_hal_timebase_tim.o
 .comment       0x000000000000007b       0x7c Core/Src/stm32f4xx_it.o
 .comment       0x000000000000007b       0x7c Core/Src/system_stm32f4xx.o
 .comment       0x000000000000007b       0x7c Drivers/STM32F4xx_HAL_Driver/Src/stm32f4xx_hal.o
 .comment       0x000000000000007b       0x7c Drivers/STM32F4xx_HAL_Driver/Src/stm32f4xx_hal_cortex.o
 .comment       0x000000000000007b       0x7c Drivers/STM32F4xx_HAL_Driver/Src/stm32f4xx_hal_gpio.o
 .comment       0x000000000000007b       0x7c Drivers/STM32F4xx_HAL_Driver/Src/stm32f4xx_hal_rcc.o
 .comment       0x000000000000007b       0x7c Drivers/STM32F4xx_HAL_Driver/Src/stm32f4xx_hal_rcc_ex.o
 .comment       0x000000000000007b       0x7c Drivers/STM32F4xx_HAL_Driver/Src/stm32f4xx_hal_tim.o
 .comment       0x000000000000007b       0x7c Drivers/STM32F4xx_HAL_Driver/Src/stm32f4xx_hal_tim_ex.o
 .comment       0x000000000000007b       0x7c Drivers/STM32F4xx_HAL_Driver/Src/stm32f4xx_hal_uart.o
 .comment       0x000000000000007b       0x7c Middlewares/Third_Party/FreeRTOS/Source/CMSIS_RTOS_V2/cmsis_os2.o
 .comment       0x000000000000007b       0x7c Middlewares/Third_Party/FreeRTOS/Source/list.o
 .comment       0x000000000000007b       0x7c Middlewares/Third_Party/FreeRTOS/Source/queue.o
 .comment       0x000000000000007b       0x7c Middlewares/Third_Party/FreeRTOS/Source/tasks.o
 .comment       0x000000000000007b       0x7c Middlewares/Third_Party/FreeRTOS/Source/timers.o
 .comment       0x000000000000007b       0x7c Middlewares/Third_Party/FreeRTOS/Source/portable/GCC/ARM_CM4F/port.o
 .comment       0x000000000000007b       0x7c Middlewares/Third_Party/FreeRTOS/Source/portable/MemMang/heap_4.o

.debug_frame    0x0000000000000000     0x4f38
 .debug_frame   0x0000000000000000      0x138 Core/Src/main.o
 .debug_frame   0x0000000000000138       0x7c Core/Src/stm32f4xx_hal_msp.o
 .debug_frame   0x00000000000001b4       0x74 Core/Src/stm32f4xx_hal_timebase_tim.o
 .debug_frame   0x0000000000000228       0xcc Core/Src/stm32f4xx_it.o
 .debug_frame   0x00000000000002f4       0x58 Core/Src/system_stm32f4xx.o
 .debug_frame   0x000000000000034c      0x374 Drivers/STM32F4xx_HAL_Driver/Src/stm32f4xx_hal.o
 .debug_frame   0x00000000000006c0      0x498 Drivers/STM32F4xx_HAL_Driver/Src/stm32f4xx_hal_cortex.o
 .debug_frame   0x0000000000000b58      0x14c Drivers/STM32F4xx_HAL_Driver/Src/stm32f4xx_hal_gpio.o
 .debug_frame   0x0000000000000ca4      0x1f0 Drivers/STM32F4xx_HAL_Driver/Src/stm32f4xx_hal_rcc.o
 .debug_frame   0x0000000000000e94      0x16c Drivers/STM32F4xx_HAL_Driver/Src/stm32f4xx_hal_rcc_ex.o
 .debug_frame   0x0000000000001000     0x10f0 Drivers/STM32F4xx_HAL_Driver/Src/stm32f4xx_hal_tim.o
 .debug_frame   0x00000000000020f0      0x5c0 Drivers/STM32F4xx_HAL_Driver/Src/stm32f4xx_hal_tim_ex.o
 .debug_frame   0x00000000000026b0      0x844 Drivers/STM32F4xx_HAL_Driver/Src/stm32f4xx_hal_uart.o
 .debug_frame   0x0000000000002ef4      0x978 Middlewares/Third_Party/FreeRTOS/Source/CMSIS_RTOS_V2/cmsis_os2.o
 .debug_frame   0x000000000000386c       0xd8 Middlewares/Third_Party/FreeRTOS/Source/list.o
 .debug_frame   0x0000000000003944      0x5ec Middlewares/Third_Party/FreeRTOS/Source/queue.o
 .debug_frame   0x0000000000003f30      0x8a8 Middlewares/Third_Party/FreeRTOS/Source/tasks.o
 .debug_frame   0x00000000000047d8      0x3dc Middlewares/Third_Party/FreeRTOS/Source/timers.o
 .debug_frame   0x0000000000004bb4      0x1a8 Middlewares/Third_Party/FreeRTOS/Source/portable/GCC/ARM_CM4F/port.o
 .debug_frame   0x0000000000004d5c      0x108 Middlewares/Third_Party/FreeRTOS/Source/portable/MemMang/heap_4.o
 .debug_frame   0x0000000000004e64       0x2c d:/programs/stm32cubeide_1.3.0/stm32cubeide/plugins/com.st.stm32cube.ide.mcu.externaltools.gnu-tools-for-stm32.7-2018-q2-update.win32_1.0.0.201904181610/tools/bin/../lib/gcc/arm-none-eabi/7.3.1/../../../../arm-none-eabi/lib/thumb/v7e-m/fpv4-sp/hard\libc_nano.a(lib_a-init.o)
 .debug_frame   0x0000000000004e90       0x28 d:/programs/stm32cubeide_1.3.0/stm32cubeide/plugins/com.st.stm32cube.ide.mcu.externaltools.gnu-tools-for-stm32.7-2018-q2-update.win32_1.0.0.201904181610/tools/bin/../lib/gcc/arm-none-eabi/7.3.1/../../../../arm-none-eabi/lib/thumb/v7e-m/fpv4-sp/hard\libc_nano.a(lib_a-memcpy-stub.o)
 .debug_frame   0x0000000000004eb8       0x20 d:/programs/stm32cubeide_1.3.0/stm32cubeide/plugins/com.st.stm32cube.ide.mcu.externaltools.gnu-tools-for-stm32.7-2018-q2-update.win32_1.0.0.201904181610/tools/bin/../lib/gcc/arm-none-eabi/7.3.1/../../../../arm-none-eabi/lib/thumb/v7e-m/fpv4-sp/hard\libc_nano.a(lib_a-memset.o)
 .debug_frame   0x0000000000004ed8       0x2c d:/programs/stm32cubeide_1.3.0/stm32cubeide/plugins/com.st.stm32cube.ide.mcu.externaltools.gnu-tools-for-stm32.7-2018-q2-update.win32_1.0.0.201904181610/tools/bin/../lib/gcc/arm-none-eabi/7.3.1/thumb/v7e-m/fpv4-sp/hard\libgcc.a(_aeabi_uldivmod.o)
 .debug_frame   0x0000000000004f04       0x34 d:/programs/stm32cubeide_1.3.0/stm32cubeide/plugins/com.st.stm32cube.ide.mcu.externaltools.gnu-tools-for-stm32.7-2018-q2-update.win32_1.0.0.201904181610/tools/bin/../lib/gcc/arm-none-eabi/7.3.1/thumb/v7e-m/fpv4-sp/hard\libgcc.a(_udivmoddi4.o)
